Archive member included because of file (symbol)

novoalignCSMPI.a(novoalignMPI_main.o)
                              /usr/lib/gcc/x86_64-linux-gnu/4.6.1/../../../x86_64-linux-gnu/crt1.o (main)
novoalignCSMPI.a(fragdist.o)  novoalignCSMPI.a(novoalignMPI_main.o) (_ZN8fragdist11addfragmentEi)
novoalignCSMPI.a(indelstats.o)
                              novoalignCSMPI.a(novoalignMPI_main.o) (_ZN10indelStats4saveERSsS0_)
novoalignCSMPI.a(ksgroups.o)  novoalignCSMPI.a(novoalignMPI_main.o) (_ZN7ksgroupD1Ev)
novoalignCSMPI.a(ksindex.o)   novoalignCSMPI.a(ksgroups.o) (_ZN9seqheader6headerER7ksindex)
novoalignCSMPI.a(novoalignmpi.o)
                              novoalignCSMPI.a(novoalignMPI_main.o) (_ZTV12novoalignmpi)
novoalignCSMPI.a(novolib.o)   novoalignCSMPI.a(novoalignmpi.o) (_Z9chkstderrv)
novoalignCSMPI.a(novoparam.o)
                              novoalignCSMPI.a(novoalignmpi.o) (_ZN9novoparam7optargsEiPPcb)
novoalignCSMPI.a(posteriorP.o)
                              novoalignCSMPI.a(novoalignmpi.o) (_ZN10posteriorP10initstaticEv)
novoalignCSMPI.a(prbcalibrateCS.o)
                              novoalignCSMPI.a(novoalignmpi.o) (_ZN12prbcalibrate5resetEv)
novoalignCSMPI.a(prbcalibrateMPI.o)
                              novoalignCSMPI.a(novoalignmpi.o) (_ZN15prbcalibrateMPI8mmcountsERi)
novoalignCSMPI.a(qualconvert.o)
                              novoalignCSMPI.a(novoparam.o) (_ZN11qualconvert11notphred3scE)
novoalignCSMPI.a(queryfolder.o)
                              novoalignCSMPI.a(novoalignmpi.o) (_ZN11queryfolder4openEv)
novoalignCSMPI.a(queryformatCS.o)
                              novoalignCSMPI.a(queryfolder.o) (_ZN11queryformat11checkformatERSsPcR9novoparam)
novoalignCSMPI.a(queryreader.o)
                              novoalignCSMPI.a(queryfolder.o) (_ZN11queryreader4openE13t_queryformatPKcS2_)
novoalignCSMPI.a(queryreaderCS.o)
                              novoalignCSMPI.a(novoalignmpi.o) (_ZN11queryreader4nextEv)
novoalignCSMPI.a(reporter.o)  novoalignCSMPI.a(novoalignmpi.o) (_ZN8reporter4finiEv)
novoalignCSMPI.a(rptNative.o)
                              novoalignCSMPI.a(novoalignmpi.o) (_ZTV9rptNative)
novoalignCSMPI.a(rptSAM.o)    novoalignCSMPI.a(novoalignmpi.o) (_ZTV6rptSAM)
novoalignCSMPI.a(TThread.o)   novoalignCSMPI.a(fragdist.o) (_ZN6TMutex4lockEv)
novoalignCSMPI.a(TThreadPool.o)
                              novoalignCSMPI.a(novoalignmpi.o) (_ZN11TThreadPool4TJobD2Ev)
novoalignCSMPI.a(TTimer.o)    novoalignCSMPI.a(novoalignmpi.o) (_ZN6TTimer11system_timeEv)
novoalignCSMPI.a(wmsearch.o)  novoalignCSMPI.a(novoalignmpi.o) (_ZN8wmsearch6searchE6t_side)
novoalignCSMPI.a(linkdate.o)  novoalignCSMPI.a(novoalignmpi.o) (linktime)
novoalignCSMPI.a(filehandle.o)
                              novoalignCSMPI.a(queryreader.o) (_ZN10filehandle6ispipeEv)
novoalignCSMPI.a(findamateCS.o)
                              novoalignCSMPI.a(wmsearch.o) (_ZN9findamate9alignsimdEbP4nawmPciPhi)
novoalignCSMPI.a(fragdistMPI.o)
                              novoalignCSMPI.a(novoalignmpi.o) (_ZN11fragdistMPI12setpenaltiesEPvi)
novoalignCSMPI.a(iubcodes.o)  novoalignCSMPI.a(novoparam.o) (asciitoiub)
novoalignCSMPI.a(keygenCS.o)  novoalignCSMPI.a(wmsearch.o) (_ZN6keygen4initEiill)
novoalignCSMPI.a(license.o)   novoalignCSMPI.a(novoalignmpi.o) (_ZN7license11readlicenseEPcS0_)
novoalignCSMPI.a(nawmCS.o)    novoalignCSMPI.a(wmsearch.o) (_ZN4nawm5setrcEPS_)
novoalignCSMPI.a(needleCS.o)  novoalignCSMPI.a(wmsearch.o) (_ZN6needle5alignEP4nawmPhi)
novoalignCSMPI.a(qryopt.o)    novoalignCSMPI.a(wmsearch.o) (_ZN6qryopt8optimiseEliiN7ksindex5indexEP6keygen)
novoalignCSMPI.a(shortnwCS.o)
                              novoalignCSMPI.a(wmsearch.o) (_ZN7shortnw6optmxgEi)
novoalignCSMPI.a(cscodes.o)   novoalignCSMPI.a(findamateCS.o) (_ZN7cscodes9tqsnp_m64E)
./tcmalloc/libtcmalloc.a(libtcmalloc_la-tcmalloc.o)
                              novoalignCSMPI.a(novoalignMPI_main.o) (_ZdlPv)
./tcmalloc/libtcmalloc.a(atomicops-internals-x86.o)
                              ./tcmalloc/libtcmalloc.a(libtcmalloc_la-tcmalloc.o) (AtomicOps_Internalx86CPUFeatures)
./tcmalloc/libtcmalloc.a(dynamic_annotations.o)
                              ./tcmalloc/libtcmalloc.a(libtcmalloc_la-tcmalloc.o) (RunningOnValgrind)
./tcmalloc/libtcmalloc.a(libtcmalloc_internal_la-central_freelist.o)
                              ./tcmalloc/libtcmalloc.a(libtcmalloc_la-tcmalloc.o) (_ZN8tcmalloc15CentralFreeList11InsertRangeEPvS1_i)
./tcmalloc/libtcmalloc.a(libtcmalloc_internal_la-common.o)
                              ./tcmalloc/libtcmalloc.a(libtcmalloc_la-tcmalloc.o) (_ZN8tcmalloc16AlignmentForSizeEm)
./tcmalloc/libtcmalloc.a(libtcmalloc_internal_la-internal_logging.o)
                              ./tcmalloc/libtcmalloc.a(libtcmalloc_la-tcmalloc.o) (_ZN8tcmalloc3LogENS_7LogModeEPKciNS_7LogItemES3_S3_S3_)
./tcmalloc/libtcmalloc.a(libtcmalloc_internal_la-malloc_extension.o)
[...]
Memory Configuration

Name             Origin             Length             Attributes
*default*        0x0000000000000000 0xffffffffffffffff

Linker script and memory map

LOAD /usr/lib/gcc/x86_64-linux-gnu/4.6.1/../../../x86_64-linux-gnu/crt1.o
LOAD /usr/lib/gcc/x86_64-linux-gnu/4.6.1/../../../x86_64-linux-gnu/crti.o
LOAD /usr/lib/gcc/x86_64-linux-gnu/4.6.1/crtbegin.o
LOAD mpidriver.o
LOAD trace.o
LOAD novoalignCSMPI.a
LOAD ./tcmalloc/libtcmalloc.a
LOAD ./unwind/libunwind.a
LOAD /usr/lib/gcc/x86_64-linux-gnu/4.6.1/../../../x86_64-linux-gnu/libcrypto.so
LOAD /usr/lib/gcc/x86_64-linux-gnu/4.6.1/../../../x86_64-linux-gnu/libz.so
LOAD /usr/lib/gcc/x86_64-linux-gnu/4.6.1/../../../../lib/libbz2.so
LOAD /usr/lib/gcc/x86_64-linux-gnu/4.6.1/../../../x86_64-linux-gnu/libdl.so
LOAD /usr/local/lib/libmpichcxx.so
LOAD /usr/local/lib/libmpich.so
LOAD /usr/local/lib/libopa.so
LOAD /usr/local/lib/libmpl.so
LOAD /usr/lib/gcc/x86_64-linux-gnu/4.6.1/../../../x86_64-linux-gnu/librt.so
LOAD /usr/lib/gcc/x86_64-linux-gnu/4.6.1/../../../x86_64-linux-gnu/libpthread.so
START GROUP
LOAD /lib/x86_64-linux-gnu/libpthread.so.0
LOAD /usr/lib/x86_64-linux-gnu/libpthread_nonshared.a
END GROUP
LOAD /usr/lib/gcc/x86_64-linux-gnu/4.6.1/libstdc++.so
LOAD /usr/lib/gcc/x86_64-linux-gnu/4.6.1/../../../x86_64-linux-gnu/libm.so
LOAD /usr/lib/gcc/x86_64-linux-gnu/4.6.1/libgcc_s.so
LOAD /usr/lib/gcc/x86_64-linux-gnu/4.6.1/libgcc.a
LOAD /usr/lib/gcc/x86_64-linux-gnu/4.6.1/../../../x86_64-linux-gnu/libpthread.so
START GROUP
LOAD /lib/x86_64-linux-gnu/libpthread.so.0
LOAD /usr/lib/x86_64-linux-gnu/libpthread_nonshared.a
END GROUP
LOAD /usr/lib/gcc/x86_64-linux-gnu/4.6.1/../../../x86_64-linux-gnu/libc.so
START GROUP
LOAD /lib/x86_64-linux-gnu/libc.so.6
LOAD /usr/lib/x86_64-linux-gnu/libc_nonshared.a
LOAD /lib/x86_64-linux-gnu/ld-linux-x86-64.so.2
END GROUP
LOAD /usr/lib/gcc/x86_64-linux-gnu/4.6.1/libgcc_s.so
LOAD /usr/lib/gcc/x86_64-linux-gnu/4.6.1/libgcc.a
LOAD /usr/lib/gcc/x86_64-linux-gnu/4.6.1/crtend.o
LOAD /usr/lib/gcc/x86_64-linux-gnu/4.6.1/../../../x86_64-linux-gnu/crtn.o
                0x0000000000400000                PROVIDE (__executable_start, 0x400000)
                0x0000000000400270                . = (0x400000 + SIZEOF_HEADERS)

.interp         0x0000000000400270       0x1c
 *(.interp)
 .interp        0x0000000000400270       0x1c /usr/lib/gcc/x86_64-linux-gnu/4.6.1/../../../x86_64-linux-gnu/crt1.o

.note.ABI-tag   0x000000000040028c       0x20
 .note.ABI-tag  0x000000000040028c       0x20 /usr/lib/gcc/x86_64-linux-gnu/4.6.1/../../../x86_64-linux-gnu/crt1.o

.note.gnu.build-id
                0x00000000004002ac       0x24
 *(.note.gnu.build-id)
 .note.gnu.build-id
                0x00000000004002ac       0x24 /usr/lib/gcc/x86_64-linux-gnu/4.6.1/../../../x86_64-linux-gnu/crt1.o

.hash
 *(.hash)

.gnu.hash       0x00000000004002d0      0x4fc
 *(.gnu.hash)
 .gnu.hash      0x00000000004002d0      0x4fc /usr/lib/gcc/x86_64-linux-gnu/4.6.1/../../../x86_64-linux-gnu/crt1.o

.dynsym         0x00000000004007d0     0x23e8
 *(.dynsym)
 .dynsym        0x00000000004007d0     0x23e8 /usr/lib/gcc/x86_64-linux-gnu/4.6.1/../../../x86_64-linux-gnu/crt1.o

.dynstr         0x0000000000402bb8     0x1f52
 *(.dynstr)
 .dynstr        0x0000000000402bb8     0x1f52 /usr/lib/gcc/x86_64-linux-gnu/4.6.1/../../../x86_64-linux-gnu/crt1.o

.gnu.version    0x0000000000404b0a      0x2fe
 *(.gnu.version)
 .gnu.version   0x0000000000404b0a      0x2fe /usr/lib/gcc/x86_64-linux-gnu/4.6.1/../../../x86_64-linux-gnu/crt1.o

.gnu.version_d  0x0000000000404e08        0x0
 *(.gnu.version_d)
 .gnu.version_d
                0x0000000000000000        0x0 /usr/lib/gcc/x86_64-linux-gnu/4.6.1/../../../x86_64-linux-gnu/crt1.o

.gnu.version_r  0x0000000000404e08      0x170
 *(.gnu.version_r)
 .gnu.version_r
                0x0000000000404e08      0x170 /usr/lib/gcc/x86_64-linux-gnu/4.6.1/../../../x86_64-linux-gnu/crt1.o

.rela.dyn       0x0000000000404f78      0xa38
 *(.rela.init)
 *(.rela.text .rela.text.* .rela.gnu.linkonce.t.*)
 .rela.text     0x0000000000000000        0x0 /usr/lib/gcc/x86_64-linux-gnu/4.6.1/../../../x86_64-linux-gnu/crt1.o
 .rela.text._ZN6TMutexD2Ev
                0x0000000000000000        0x0 /usr/lib/gcc/x86_64-linux-gnu/4.6.1/../../../x86_64-linux-gnu/crt1.o
 .rela.text._ZN10alignstats6reportEP8_IO_FILE
                0x0000000000000000        0x0 /usr/lib/gcc/x86_64-linux-gnu/4.6.1/../../../x86_64-linux-gnu/crt1.o
 .rela.text._ZN6TMutexC2Ev
                0x0000000000000000        0x0 /usr/lib/gcc/x86_64-linux-gnu/4.6.1/../../../x86_64-linux-gnu/crt1.o
 .rela.text._ZN8fragdistD2Ev
                0x0000000000000000        0x0 /usr/lib/gcc/x86_64-linux-gnu/4.6.1/../../../x86_64-linux-gnu/crt1.o
 .rela.text._ZN9novoparamUt0_D2Ev
                0x0000000000000000        0x0 /usr/lib/gcc/x86_64-linux-gnu/4.6.1/../../../x86_64-linux-gnu/crt1.o
 .rela.text._ZN9novoparamD2Ev
                0x0000000000000000        0x0 /usr/lib/gcc/x86_64-linux-gnu/4.6.1/../../../x86_64-linux-gnu/crt1.o
 .rela.text._ZN11fragdistMPIC2Ev
                0x0000000000000000        0x0 /usr/lib/gcc/x86_64-linux-gnu/4.6.1/../../../x86_64-linux-gnu/crt1.o
 .rela.text.startup
                0x0000000000000000        0x0 /usr/lib/gcc/x86_64-linux-gnu/4.6.1/../../../x86_64-linux-gnu/crt1.o
 .rela.text._Z12grp_lessnameRK8seqgroupS1_
                0x0000000000000000        0x0 /usr/lib/gcc/x86_64-linux-gnu/4.6.1/../../../x86_64-linux-gnu/crt1.o
 .rela.text._ZNSt6vectorI8seqgroupSaIS0_EE13_M_insert_auxEN9__gnu_cxx17__normal_iteratorIPS0_S2_EERKS0_
                0x0000000000000000        0x0 /usr/lib/gcc/x86_64-linux-gnu/4.6.1/../../../x86_64-linux-gnu/crt1.o
 .rela.text._ZSt16__insertion_sortIN9__gnu_cxx17__normal_iteratorIP8seqgroupSt6vectorIS2_SaIS2_EEEEEvT_S8_
                0x0000000000000000        0x0 /usr/lib/gcc/x86_64-linux-gnu/4.6.1/../../../x86_64-linux-gnu/crt1.o
 .rela.text._ZSt13__heap_selectIN9__gnu_cxx17__normal_iteratorIP8seqgroupSt6vectorIS2_SaIS2_EEEEEvT_S8_S8_
                0x0000000000000000        0x0 /usr/lib/gcc/x86_64-linux-gnu/4.6.1/../../../x86_64-linux-gnu/crt1.o
 .rela.text._ZSt16__introsort_loopIN9__gnu_cxx17__normal_iteratorIP8seqgroupSt6vectorIS2_SaIS2_EEEElEvT_S8_T0_
                0x0000000000000000        0x0 /usr/lib/gcc/x86_64-linux-gnu/4.6.1/../../../x86_64-linux-gnu/crt1.o
 .rela.text._ZN8reporter8filetypeEPKc
                0x0000000000000000        0x0 /usr/lib/gcc/x86_64-linux-gnu/4.6.1/../../../x86_64-linux-gnu/crt1.o
 .rela.text._ZN8reporter6dbinfoEv
                0x0000000000000000        0x0 /usr/lib/gcc/x86_64-linux-gnu/4.6.1/../../../x86_64-linux-gnu/crt1.o
 .rela.text._ZN8reporter5startEiPPciiPKc
                0x0000000000000000        0x0 /usr/lib/gcc/x86_64-linux-gnu/4.6.1/../../../x86_64-linux-gnu/crt1.o
 .rela.text._ZN9findamateD2Ev
                0x0000000000000000        0x0 /usr/lib/gcc/x86_64-linux-gnu/4.6.1/../../../x86_64-linux-gnu/crt1.o
 .rela.text._ZN12alignmentrpt9sidealignD2Ev
                0x0000000000000000        0x0 /usr/lib/gcc/x86_64-linux-gnu/4.6.1/../../../x86_64-linux-gnu/crt1.o
 .rela.text._ZN10pe_adapterD2Ev
                0x0000000000000000        0x0 /usr/lib/gcc/x86_64-linux-gnu/4.6.1/../../../x86_64-linux-gnu/crt1.o
 .rela.text._ZN12alignmentrptD2Ev
                0x0000000000000000        0x0 /usr/lib/gcc/x86_64-linux-gnu/4.6.1/../../../x86_64-linux-gnu/crt1.o
 .rela.text._ZN8rptBlastD2Ev
                0x0000000000000000        0x0 /usr/lib/gcc/x86_64-linux-gnu/4.6.1/../../../x86_64-linux-gnu/crt1.o
 .rela.text._ZN8rptBlastD0Ev
                0x0000000000000000        0x0 /usr/lib/gcc/x86_64-linux-gnu/4.6.1/../../../x86_64-linux-gnu/crt1.o
 .rela.text._ZN8reporter9rptprintfEPKcz
                0x0000000000000000        0x0 /usr/lib/gcc/x86_64-linux-gnu/4.6.1/../../../x86_64-linux-gnu/crt1.o
 .rela.text._ZN8rptBlast7resultsEP8wmsearch6t_side
                0x0000000000000000        0x0 /usr/lib/gcc/x86_64-linux-gnu/4.6.1/../../../x86_64-linux-gnu/crt1.o
 .rela.text._ZN8rptBlast9polyAreadEP8wmsearch6t_side
                0x0000000000000000        0x0 /usr/lib/gcc/x86_64-linux-gnu/4.6.1/../../../x86_64-linux-gnu/crt1.o
 .rela.text._ZN8rptBlast8noresultEP8wmsearch6t_side
                0x0000000000000000        0x0 /usr/lib/gcc/x86_64-linux-gnu/4.6.1/../../../x86_64-linux-gnu/crt1.o
 .rela.text._ZN8rptBlast8lowqreadEP8wmsearch6t_side
                0x0000000000000000        0x0 /usr/lib/gcc/x86_64-linux-gnu/4.6.1/../../../x86_64-linux-gnu/crt1.o
 .rela.text._ZN8rptBlast11reportpairsEP8wmsearch
                0x0000000000000000        0x0 /usr/lib/gcc/x86_64-linux-gnu/4.6.1/../../../x86_64-linux-gnu/crt1.o
 .rela.text._ZN11queryreaderD2Ev
                0x0000000000000000        0x0 /usr/lib/gcc/x86_64-linux-gnu/4.6.1/../../../x86_64-linux-gnu/crt1.o
 .rela.text._ZNSt6vectorI12alignmentrptSaIS0_EED2Ev
                0x0000000000000000        0x0 /usr/lib/gcc/x86_64-linux-gnu/4.6.1/../../../x86_64-linux-gnu/crt1.o
 .rela.text._ZNSt8_Rb_treeIllSt9_IdentityIlESt4lessIlESaIlEE8_M_eraseEPSt13_Rb_tree_nodeIlE
                0x0000000000000000        0x0 /usr/lib/gcc/x86_64-linux-gnu/4.6.1/../../../x86_64-linux-gnu/crt1.o
 .rela.text._ZNSt8_Rb_treeI13simdalignmentS0_St9_IdentityIS0_ESt4lessIS0_ESaIS0_EE8_M_eraseEPSt13_Rb_tree_nodeIS0_E
                0x0000000000000000        0x0 /usr/lib/gcc/x86_64-linux-gnu/4.6.1/../../../x86_64-linux-gnu/crt1.o
 .rela.text._ZN8wmsearchD2Ev
                0x0000000000000000        0x0 /usr/lib/gcc/x86_64-linux-gnu/4.6.1/../../../x86_64-linux-gnu/crt1.o
 .rela.text._ZN15novoalign_slaveD2Ev
                0x0000000000000000        0x0 /usr/lib/gcc/x86_64-linux-gnu/4.6.1/../../../x86_64-linux-gnu/crt1.o
 .rela.text._ZN15novoalign_slaveD0Ev
                0x0000000000000000        0x0 /usr/lib/gcc/x86_64-linux-gnu/4.6.1/../../../x86_64-linux-gnu/crt1.o
 .rela.text._ZN8reporterD2Ev
                0x0000000000000000        0x0 /usr/lib/gcc/x86_64-linux-gnu/4.6.1/../../../x86_64-linux-gnu/crt1.o
 .rela.text._ZN8reporterD0Ev
                0x0000000000000000        0x0 /usr/lib/gcc/x86_64-linux-gnu/4.6.1/../../../x86_64-linux-gnu/crt1.o
 .rela.text._ZN9rptNativeD0Ev
                0x0000000000000000        0x0 /usr/lib/gcc/x86_64-linux-gnu/4.6.1/../../../x86_64-linux-gnu/crt1.o
 .rela.text._ZN9rptNativeD2Ev
                0x0000000000000000        0x0 /usr/lib/gcc/x86_64-linux-gnu/4.6.1/../../../x86_64-linux-gnu/crt1.o
 .rela.text._ZN6rptSAMD0Ev
                0x0000000000000000        0x0 /usr/lib/gcc/x86_64-linux-gnu/4.6.1/../../../x86_64-linux-gnu/crt1.o
 .rela.text._ZN6rptSAMD2Ev
                0x0000000000000000        0x0 /usr/lib/gcc/x86_64-linux-gnu/4.6.1/../../../x86_64-linux-gnu/crt1.o
 .rela.text._ZN6rptSAM12stringprintfERSsPKcz
                0x0000000000000000        0x0 /usr/lib/gcc/x86_64-linux-gnu/4.6.1/../../../x86_64-linux-gnu/crt1.o
 .rela.text._ZN8TPoolThrD2Ev
                0x0000000000000000        0x0 /usr/lib/gcc/x86_64-linux-gnu/4.6.1/../../../x86_64-linux-gnu/crt1.o
 .rela.text._ZN8TPoolThrD0Ev
                0x0000000000000000        0x0 /usr/lib/gcc/x86_64-linux-gnu/4.6.1/../../../x86_64-linux-gnu/crt1.o
 .rela.text._ZN10TConditionD2Ev
                0x0000000000000000        0x0 /usr/lib/gcc/x86_64-linux-gnu/4.6.1/../../../x86_64-linux-gnu/crt1.o
 .rela.text._ZN8TPoolThr3runEv
                0x0000000000000000        0x0 /usr/lib/gcc/x86_64-linux-gnu/4.6.1/../../../x86_64-linux-gnu/crt1.o
 .rela.text._ZN3sllIP8TPoolThrED2Ev
                0x0000000000000000        0x0 /usr/lib/gcc/x86_64-linux-gnu/4.6.1/../../../x86_64-linux-gnu/crt1.o
 .rela.text._ZNK12alignmentrpt11pairqualityEdP9novoparam
                0x0000000000000000        0x0 /usr/lib/gcc/x86_64-linux-gnu/4.6.1/../../../x86_64-linux-gnu/crt1.o
 .rela.text._ZN12alignmentrptC2ERKS_
                0x0000000000000000        0x0 /usr/lib/gcc/x86_64-linux-gnu/4.6.1/../../../x86_64-linux-gnu/crt1.o
 .rela.text._ZNSt8_Rb_treeIllSt9_IdentityIlESt4lessIlESaIlEE16_M_insert_uniqueERKl
                0x0000000000000000        0x0 /usr/lib/gcc/x86_64-linux-gnu/4.6.1/../../../x86_64-linux-gnu/crt1.o
 .rela.text._ZNSt6vectorI13simdalignmentSaIS0_EE13_M_insert_auxEN9__gnu_cxx17__normal_iteratorIPS0_S2_EERKS0_
                0x0000000000000000        0x0 /usr/lib/gcc/x86_64-linux-gnu/4.6.1/../../../x86_64-linux-gnu/crt1.o
 .rela.text._ZN12alignmentrptaSERKS_
                0x0000000000000000        0x0 /usr/lib/gcc/x86_64-linux-gnu/4.6.1/../../../x86_64-linux-gnu/crt1.o
 .rela.text._ZSt16__insertion_sortIN9__gnu_cxx17__normal_iteratorIP12alignmentrptSt6vectorIS2_SaIS2_EEEEPFbRKS2_S9_EEvT_SC_T0_
                0x0000000000000000        0x0 /usr/lib/gcc/x86_64-linux-gnu/4.6.1/../../../x86_64-linux-gnu/crt1.o
 .rela.text._ZNSt6vectorI12alignmentrptSaIS0_EE14_M_fill_insertEN9__gnu_cxx17__normal_iteratorIPS0_S2_EEmRKS0_
                0x0000000000000000        0x0 /usr/lib/gcc/x86_64-linux-gnu/4.6.1/../../../x86_64-linux-gnu/crt1.o
 .rela.text._ZNSt8_Rb_treeI13simdalignmentS0_St9_IdentityIS0_ESt4lessIS0_ESaIS0_EE10_M_insert_EPKSt18_Rb_tree_node_baseS9_RKS0_
                0x0000000000000000        0x0 /usr/lib/gcc/x86_64-linux-gnu/4.6.1/../../../x86_64-linux-gnu/crt1.o
 .rela.text._ZNSt8_Rb_treeI13simdalignmentS0_St9_IdentityIS0_ESt4lessIS0_ESaIS0_EE16_M_insert_uniqueERKS0_
                0x0000000000000000        0x0 /usr/lib/gcc/x86_64-linux-gnu/4.6.1/../../../x86_64-linux-gnu/crt1.o
 .rela.text._ZNSt6vectorI13simdalignmentSaIS0_EE15_M_range_insertIN9__gnu_cxx17__normal_iteratorIPS0_S2_EEEEvS7_T_S8_St20forward_iterator_tag
                0x0000000000000000        0x0 /usr/lib/gcc/x86_64-linux-gnu/4.6.1/../../../x86_64-linux-gnu/crt1.o
 .rela.text._ZSt9make_heapIN9__gnu_cxx17__normal_iteratorIP12alignmentrptSt6vectorIS2_SaIS2_EEEEPFbRKS2_S9_EEvT_SC_T0_
                0x0000000000000000        0x0 /usr/lib/gcc/x86_64-linux-gnu/4.6.1/../../../x86_64-linux-gnu/crt1.o
 .rela.text._ZSt10__pop_heapIN9__gnu_cxx17__normal_iteratorIP12alignmentrptSt6vectorIS2_SaIS2_EEEEPFbRKS2_S9_EEvT_SC_SC_T0_
                0x0000000000000000        0x0 /usr/lib/gcc/x86_64-linux-gnu/4.6.1/../../../x86_64-linux-gnu/crt1.o
 .rela.text._ZSt13__heap_selectIN9__gnu_cxx17__normal_iteratorIP13simdalignmentSt6vectorIS2_SaIS2_EEEEPFbRKS2_S9_EEvT_SC_SC_T0_
                0x0000000000000000        0x0 /usr/lib/gcc/x86_64-linux-gnu/4.6.1/../../../x86_64-linux-gnu/crt1.o
 .rela.text._ZSt16__introsort_loopIN9__gnu_cxx17__normal_iteratorIP13simdalignmentSt6vectorIS2_SaIS2_EEEElPFbRKS2_S9_EEvT_SC_T0_T1_
                0x0000000000000000        0x0 /usr/lib/gcc/x86_64-linux-gnu/4.6.1/../../../x86_64-linux-gnu/crt1.o
 .rela.text._ZSt4sortIN9__gnu_cxx17__normal_iteratorIP13simdalignmentSt6vectorIS2_SaIS2_EEEEPFbRKS2_S9_EEvT_SC_T0_
                0x0000000000000000        0x0 /usr/lib/gcc/x86_64-linux-gnu/4.6.1/../../../x86_64-linux-gnu/crt1.o
 .rela.text._ZSt4swapI12alignmentrptEvRT_S2_
                0x0000000000000000        0x0 /usr/lib/gcc/x86_64-linux-gnu/4.6.1/../../../x86_64-linux-gnu/crt1.o
 .rela.text._ZSt19__move_median_firstIN9__gnu_cxx17__normal_iteratorIP12alignmentrptSt6vectorIS2_SaIS2_EEEEPFbRKS2_S9_EEvT_SC_SC_T0_
                0x0000000000000000        0x0 /usr/lib/gcc/x86_64-linux-gnu/4.6.1/../../../x86_64-linux-gnu/crt1.o
 .rela.text._ZSt16__introsort_loopIN9__gnu_cxx17__normal_iteratorIP12alignmentrptSt6vectorIS2_SaIS2_EEEElPFbRKS2_S9_EEvT_SC_T0_T1_
                0x0000000000000000        0x0 /usr/lib/gcc/x86_64-linux-gnu/4.6.1/../../../x86_64-linux-gnu/crt1.o
 .rela.text.unlikely
                0x0000000000000000        0x0 /usr/lib/gcc/x86_64-linux-gnu/4.6.1/../../../x86_64-linux-gnu/crt1.o
 .rela.text._ZN22TCMallocImplementation20SetMemoryReleaseRateEd
                0x0000000000000000        0x0 /usr/lib/gcc/x86_64-linux-gnu/4.6.1/../../../x86_64-linux-gnu/crt1.o
 .rela.text._ZN22TCMallocImplementation20GetMemoryReleaseRateEv
                0x0000000000000000        0x0 /usr/lib/gcc/x86_64-linux-gnu/4.6.1/../../../x86_64-linux-gnu/crt1.o
 .rela.text._ZN22TCMallocImplementationD2Ev
                0x0000000000000000        0x0 /usr/lib/gcc/x86_64-linux-gnu/4.6.1/../../../x86_64-linux-gnu/crt1.o
 .rela.text._ZN22TCMallocImplementationD0Ev
                0x0000000000000000        0x0 /usr/lib/gcc/x86_64-linux-gnu/4.6.1/../../../x86_64-linux-gnu/crt1.o
 .rela.text._ZN22TCMallocImplementation14MarkThreadIdleEv
                0x0000000000000000        0x0 /usr/lib/gcc/x86_64-linux-gnu/4.6.1/../../../x86_64-linux-gnu/crt1.o
 .rela.text._ZN22TCMallocImplementation13GetHeapSampleEPSs
                0x0000000000000000        0x0 /usr/lib/gcc/x86_64-linux-gnu/4.6.1/../../../x86_64-linux-gnu/crt1.o
 .rela.text._ZN22TCMallocImplementation25GetEstimatedAllocatedSizeEm
                0x0000000000000000        0x0 /usr/lib/gcc/x86_64-linux-gnu/4.6.1/../../../x86_64-linux-gnu/crt1.o
 .rela.text._ZN22TCMallocImplementation12GetOwnershipEPKv
                0x0000000000000000        0x0 /usr/lib/gcc/x86_64-linux-gnu/4.6.1/../../../x86_64-linux-gnu/crt1.o
 .rela.text._ZN22TCMallocImplementation18GetSystemAllocatorEv
                0x0000000000000000        0x0 /usr/lib/gcc/x86_64-linux-gnu/4.6.1/../../../x86_64-linux-gnu/crt1.o
 .rela.text._ZN22TCMallocImplementation18SetSystemAllocatorEP12SysAllocator
                0x0000000000000000        0x0 /usr/lib/gcc/x86_64-linux-gnu/4.6.1/../../../x86_64-linux-gnu/crt1.o
 .rela.text._ZN22TCMallocImplementation25ReadHeapGrowthStackTracesEv
                0x0000000000000000        0x0 /usr/lib/gcc/x86_64-linux-gnu/4.6.1/../../../x86_64-linux-gnu/crt1.o
 .rela.text._ZN14SpinLockHolderD2Ev
                0x0000000000000000        0x0 /usr/lib/gcc/x86_64-linux-gnu/4.6.1/../../../x86_64-linux-gnu/crt1.o
 .rela.text._ZN22TCMallocImplementation18SetNumericPropertyEPKcm
                0x0000000000000000        0x0 /usr/lib/gcc/x86_64-linux-gnu/4.6.1/../../../x86_64-linux-gnu/crt1.o
 .rela.text._ZN22TCMallocImplementation6RangesEPvPFvS0_PKN4base11MallocRangeEE
                0x0000000000000000        0x0 /usr/lib/gcc/x86_64-linux-gnu/4.6.1/../../../x86_64-linux-gnu/crt1.o
 .rela.text._ZN22TCMallocImplementation15ReadStackTracesEPi
                0x0000000000000000        0x0 /usr/lib/gcc/x86_64-linux-gnu/4.6.1/../../../x86_64-linux-gnu/crt1.o
 .rela.text._ZN22TCMallocImplementation15ReleaseToSystemEm
                0x0000000000000000        0x0 /usr/lib/gcc/x86_64-linux-gnu/4.6.1/../../../x86_64-linux-gnu/crt1.o
 .rela.text._ZN22TCMallocImplementation18GetNumericPropertyEPKcPm
                0x0000000000000000        0x0 /usr/lib/gcc/x86_64-linux-gnu/4.6.1/../../../x86_64-linux-gnu/crt1.o
 .rela.text._ZN8tcmalloc11ThreadCache8GetCacheEv
                0x0000000000000000        0x0 /usr/lib/gcc/x86_64-linux-gnu/4.6.1/../../../x86_64-linux-gnu/crt1.o
 .rela.text._ZNSt6vectorIN15MallocExtension12FreeListInfoESaIS1_EE13_M_insert_auxEN9__gnu_cxx17__normal_iteratorIPS1_S3_EERKS1_
                0x0000000000000000        0x0 /usr/lib/gcc/x86_64-linux-gnu/4.6.1/../../../x86_64-linux-gnu/crt1.o
 .rela.text._ZN22TCMallocImplementation16GetFreeListSizesEPSt6vectorIN15MallocExtension12FreeListInfoESaIS2_EE
                0x0000000000000000        0x0 /usr/lib/gcc/x86_64-linux-gnu/4.6.1/../../../x86_64-linux-gnu/crt1.o
 .rela.text._ZN15HeapLeakChecker9Allocator8AllocateEm
                0x0000000000000000        0x0 /usr/lib/gcc/x86_64-linux-gnu/4.6.1/../../../x86_64-linux-gnu/crt1.o
 .rela.text._ZN15HeapLeakChecker9Allocator4FreeEPv
                0x0000000000000000        0x0 /usr/lib/gcc/x86_64-linux-gnu/4.6.1/../../../x86_64-linux-gnu/crt1.o
 .rela.text._ZNSbIcSt11char_traitsIcE13STL_AllocatorIcN15HeapLeakChecker9AllocatorEEED2Ev
                0x0000000000000000        0x0 /usr/lib/gcc/x86_64-linux-gnu/4.6.1/../../../x86_64-linux-gnu/crt1.o
 .rela.text._ZNSt4pairIKSbIcSt11char_traitsIcE13STL_AllocatorIcN15HeapLeakChecker9AllocatorEEESt6vectorI11AllocObjectS2_IS9_S4_EEED2Ev
                0x0000000000000000        0x0 /usr/lib/gcc/x86_64-linux-gnu/4.6.1/../../../x86_64-linux-gnu/crt1.o
 .rela.text._ZNSt6vectorI11AllocObject13STL_AllocatorIS0_N15HeapLeakChecker9AllocatorEEE13_M_insert_auxEN9__gnu_cxx17__normal_iteratorIPS0_S5_EERKS0_
                0x0000000000000000        0x0 /usr/lib/gcc/x86_64-linux-gnu/4.6.1/../../../x86_64-linux-gnu/crt1.o
 .rela.text._ZNSt6vectorIPv13STL_AllocatorIS0_N15HeapLeakChecker9AllocatorEEE13_M_insert_auxEN9__gnu_cxx17__normal_iteratorIPS0_S5_EERKS0_
                0x0000000000000000        0x0 /usr/lib/gcc/x86_64-linux-gnu/4.6.1/../../../x86_64-linux-gnu/crt1.o
 .rela.text._ZNSt6vectorIPFvvESaIS1_EE13_M_insert_auxEN9__gnu_cxx17__normal_iteratorIPS1_S3_EERKS1_
                0x0000000000000000        0x0 /usr/lib/gcc/x86_64-linux-gnu/4.6.1/../../../x86_64-linux-gnu/crt1.o
 .rela.text._ZNSt8_Rb_treeImmSt9_IdentityImESt4lessImE13STL_AllocatorImN15HeapLeakChecker9AllocatorEEE10_M_insert_EPKSt18_Rb_tree_node_baseSB_RKm
                0x0000000000000000        0x0 /usr/lib/gcc/x86_64-linux-gnu/4.6.1/../../../x86_64-linux-gnu/crt1.o
 .rela.text._ZNSt8_Rb_treeImmSt9_IdentityImESt4lessImE13STL_AllocatorImN15HeapLeakChecker9AllocatorEEE16_M_insert_uniqueERKm
                0x0000000000000000        0x0 /usr/lib/gcc/x86_64-linux-gnu/4.6.1/../../../x86_64-linux-gnu/crt1.o
 .rela.text._ZNSbIcSt11char_traitsIcE13STL_AllocatorIcN15HeapLeakChecker9AllocatorEEEC2ERKS5_
                0x0000000000000000        0x0 /usr/lib/gcc/x86_64-linux-gnu/4.6.1/../../../x86_64-linux-gnu/crt1.o
 .rela.text._ZNSt8_Rb_treeImSt4pairIKmmESt10_Select1stIS2_ESt4lessImE13STL_AllocatorIS2_N15HeapLeakChecker9AllocatorEEE8_M_eraseEPSt13_Rb_tree_nodeIS2_E
                0x0000000000000000        0x0 /usr/lib/gcc/x86_64-linux-gnu/4.6.1/../../../x86_64-linux-gnu/crt1.o
 .rela.text._ZNSt8_Rb_treeImSt4pairIKmmESt10_Select1stIS2_ESt4lessImE13STL_AllocatorIS2_N15HeapLeakChecker9AllocatorEEE10_M_insert_EPKSt18_Rb_tree_node_baseSE_RKS2_
                0x0000000000000000        0x0 /usr/lib/gcc/x86_64-linux-gnu/4.6.1/../../../x86_64-linux-gnu/crt1.o
 .rela.text._ZNSt8_Rb_treeImSt4pairIKmmESt10_Select1stIS2_ESt4lessImE13STL_AllocatorIS2_N15HeapLeakChecker9AllocatorEEE16_M_insert_uniqueERKS2_
                0x0000000000000000        0x0 /usr/lib/gcc/x86_64-linux-gnu/4.6.1/../../../x86_64-linux-gnu/crt1.o
 .rela.text._ZNSt8_Rb_treeISbIcSt11char_traitsIcE13STL_AllocatorIcN15HeapLeakChecker9AllocatorEEESt4pairIKS6_St6vectorI11AllocObjectS2_ISA_S4_EEESt10_Select1stISD_ESt4lessIS6_ES2_ISD_S4_EE8_M_eraseEPSt13_Rb_tree_nodeISD_E
                0x0000000000000000        0x0 /usr/lib/gcc/x86_64-linux-gnu/4.6.1/../../../x86_64-linux-gnu/crt1.o
 .rela.text._ZNSt8_Rb_treeImmSt9_IdentityImESt4lessImE13STL_AllocatorImN15HeapLeakChecker9AllocatorEEE8_M_eraseEPSt13_Rb_tree_nodeImE
                0x0000000000000000        0x0 /usr/lib/gcc/x86_64-linux-gnu/4.6.1/../../../x86_64-linux-gnu/crt1.o
 .rela.text._ZNSt8_Rb_treeImSt4pairIKmN15HeapLeakChecker10RangeValueEESt10_Select1stIS4_ESt4lessImE13STL_AllocatorIS4_NS2_9AllocatorEEE8_M_eraseEPSt13_Rb_tree_nodeIS4_E
                0x0000000000000000        0x0 /usr/lib/gcc/x86_64-linux-gnu/4.6.1/../../../x86_64-linux-gnu/crt1.o
 .rela.text._ZNSt8_Rb_treeImSt4pairIKmN15HeapLeakChecker10RangeValueEESt10_Select1stIS4_ESt4lessImE13STL_AllocatorIS4_NS2_9AllocatorEEE10_M_insert_EPKSt18_Rb_tree_node_baseSF_RKS4_
                0x0000000000000000        0x0 /usr/lib/gcc/x86_64-linux-gnu/4.6.1/../../../x86_64-linux-gnu/crt1.o
 .rela.text._ZNSt8_Rb_treeImSt4pairIKmN15HeapLeakChecker10RangeValueEESt10_Select1stIS4_ESt4lessImE13STL_AllocatorIS4_NS2_9AllocatorEEE16_M_insert_uniqueERKS4_
                0x0000000000000000        0x0 /usr/lib/gcc/x86_64-linux-gnu/4.6.1/../../../x86_64-linux-gnu/crt1.o
 .rela.text._ZNSbIcSt11char_traitsIcE13STL_AllocatorIcN15HeapLeakChecker9AllocatorEEE12_S_constructIPKcEEPcT_SA_RKS4_St20forward_iterator_tag
                0x0000000000000000        0x0 /usr/lib/gcc/x86_64-linux-gnu/4.6.1/../../../x86_64-linux-gnu/crt1.o
 .rela.text._ZNSt8_Rb_treeISbIcSt11char_traitsIcE13STL_AllocatorIcN15HeapLeakChecker9AllocatorEEESt4pairIKS6_St6vectorI11AllocObjectS2_ISA_S4_EEESt10_Select1stISD_ESt4lessIS6_ES2_ISD_S4_EE10_M_insert_EPKSt18_Rb_tree_node_baseSM_RKSD_
                0x0000000000000000        0x0 /usr/lib/gcc/x86_64-linux-gnu/4.6.1/../../../x86_64-linux-gnu/crt1.o
 .rela.text._ZNSt8_Rb_treeISbIcSt11char_traitsIcE13STL_AllocatorIcN15HeapLeakChecker9AllocatorEEESt4pairIKS6_St6vectorI11AllocObjectS2_ISA_S4_EEESt10_Select1stISD_ESt4lessIS6_ES2_ISD_S4_EE16_M_insert_uniqueERKSD_
                0x0000000000000000        0x0 /usr/lib/gcc/x86_64-linux-gnu/4.6.1/../../../x86_64-linux-gnu/crt1.o
 .rela.text._ZNSt8_Rb_treeISbIcSt11char_traitsIcE13STL_AllocatorIcN15HeapLeakChecker9AllocatorEEESt4pairIKS6_St6vectorI11AllocObjectS2_ISA_S4_EEESt10_Select1stISD_ESt4lessIS6_ES2_ISD_S4_EE17_M_insert_unique_ESt23_Rb_tree_const_iteratorISD_ERKSD_
                0x0000000000000000        0x0 /usr/lib/gcc/x86_64-linux-gnu/4.6.1/../../../x86_64-linux-gnu/crt1.o
 .rela.text._ZN28HeapLeakCheckerGlobalPrePostD2Ev
                0x0000000000000000        0x0 /usr/lib/gcc/x86_64-linux-gnu/4.6.1/../../../x86_64-linux-gnu/crt1.o
 *(.rela.fini)
 *(.rela.rodata .rela.rodata.* .rela.gnu.linkonce.r.*)
 .rela.rodata._ZTI10mpi_driver
                0x0000000000000000        0x0 /usr/lib/gcc/x86_64-linux-gnu/4.6.1/../../../x86_64-linux-gnu/crt1.o
 .rela.rodata._ZTV10mpi_driver
                0x0000000000000000        0x0 /usr/lib/gcc/x86_64-linux-gnu/4.6.1/../../../x86_64-linux-gnu/crt1.o
 .rela.rodata._ZTV8mpistats
                0x0000000000000000        0x0 /usr/lib/gcc/x86_64-linux-gnu/4.6.1/../../../x86_64-linux-gnu/crt1.o
 .rela.rodata._ZTV11fragdistMPI
                0x0000000000000000        0x0 /usr/lib/gcc/x86_64-linux-gnu/4.6.1/../../../x86_64-linux-gnu/crt1.o
 .rela.rodata._ZTI8mpistats
                0x0000000000000000        0x0 /usr/lib/gcc/x86_64-linux-gnu/4.6.1/../../../x86_64-linux-gnu/crt1.o
 .rela.rodata._ZTI11fragdistMPI
                0x0000000000000000        0x0 /usr/lib/gcc/x86_64-linux-gnu/4.6.1/../../../x86_64-linux-gnu/crt1.o
 .rela.rodata._ZTI10alignstats
                0x0000000000000000        0x0 /usr/lib/gcc/x86_64-linux-gnu/4.6.1/../../../x86_64-linux-gnu/crt1.o
 .rela.rodata._ZTI8fragdist
                0x0000000000000000        0x0 /usr/lib/gcc/x86_64-linux-gnu/4.6.1/../../../x86_64-linux-gnu/crt1.o
 .rela.rodata._ZTV8fragdist
                0x0000000000000000        0x0 /usr/lib/gcc/x86_64-linux-gnu/4.6.1/../../../x86_64-linux-gnu/crt1.o
 .rela.rodata._ZTI12novoalignmpi
                0x0000000000000000        0x0 /usr/lib/gcc/x86_64-linux-gnu/4.6.1/../../../x86_64-linux-gnu/crt1.o
 .rela.rodata._ZTI15novoalign_slave
                0x0000000000000000        0x0 /usr/lib/gcc/x86_64-linux-gnu/4.6.1/../../../x86_64-linux-gnu/crt1.o
 .rela.rodata._ZTV12novoalignmpi
                0x0000000000000000        0x0 /usr/lib/gcc/x86_64-linux-gnu/4.6.1/../../../x86_64-linux-gnu/crt1.o
 .rela.rodata._ZTV15novoalign_slave
                0x0000000000000000        0x0 /usr/lib/gcc/x86_64-linux-gnu/4.6.1/../../../x86_64-linux-gnu/crt1.o
 .rela.rodata._ZTV8rptBlast
                0x0000000000000000        0x0 /usr/lib/gcc/x86_64-linux-gnu/4.6.1/../../../x86_64-linux-gnu/crt1.o
 .rela.rodata._ZTI8rptBlast
                0x0000000000000000        0x0 /usr/lib/gcc/x86_64-linux-gnu/4.6.1/../../../x86_64-linux-gnu/crt1.o
 .rela.rodata._ZTI8reporter
                0x0000000000000000        0x0 /usr/lib/gcc/x86_64-linux-gnu/4.6.1/../../../x86_64-linux-gnu/crt1.o
 .rela.rodata._ZTV8reporter
                0x0000000000000000        0x0 /usr/lib/gcc/x86_64-linux-gnu/4.6.1/../../../x86_64-linux-gnu/crt1.o
 .rela.rodata._ZTI9rptNative
                0x0000000000000000        0x0 /usr/lib/gcc/x86_64-linux-gnu/4.6.1/../../../x86_64-linux-gnu/crt1.o
 .rela.rodata._ZTV9rptNative
                0x0000000000000000        0x0 /usr/lib/gcc/x86_64-linux-gnu/4.6.1/../../../x86_64-linux-gnu/crt1.o
 .rela.rodata._ZTI6rptSAM
                0x0000000000000000        0x0 /usr/lib/gcc/x86_64-linux-gnu/4.6.1/../../../x86_64-linux-gnu/crt1.o
 .rela.rodata._ZTV6rptSAM
                0x0000000000000000        0x0 /usr/lib/gcc/x86_64-linux-gnu/4.6.1/../../../x86_64-linux-gnu/crt1.o
 .rela.rodata._ZTI7TThread
                0x0000000000000000        0x0 /usr/lib/gcc/x86_64-linux-gnu/4.6.1/../../../x86_64-linux-gnu/crt1.o
 .rela.rodata._ZTV7TThread
                0x0000000000000000        0x0 /usr/lib/gcc/x86_64-linux-gnu/4.6.1/../../../x86_64-linux-gnu/crt1.o
 .rela.rodata._ZTIN11TThreadPool4TJobE
                0x0000000000000000        0x0 /usr/lib/gcc/x86_64-linux-gnu/4.6.1/../../../x86_64-linux-gnu/crt1.o
 .rela.rodata._ZTVN11TThreadPool4TJobE
                0x0000000000000000        0x0 /usr/lib/gcc/x86_64-linux-gnu/4.6.1/../../../x86_64-linux-gnu/crt1.o
 .rela.rodata._ZTV8TPoolThr
                0x0000000000000000        0x0 /usr/lib/gcc/x86_64-linux-gnu/4.6.1/../../../x86_64-linux-gnu/crt1.o
 .rela.rodata._ZTI8TPoolThr
                0x0000000000000000        0x0 /usr/lib/gcc/x86_64-linux-gnu/4.6.1/../../../x86_64-linux-gnu/crt1.o
 .rela.rodata._ZTI22TCMallocImplementation
                0x0000000000000000        0x0 /usr/lib/gcc/x86_64-linux-gnu/4.6.1/../../../x86_64-linux-gnu/crt1.o
 .rela.rodata._ZTV22TCMallocImplementation
                0x0000000000000000        0x0 /usr/lib/gcc/x86_64-linux-gnu/4.6.1/../../../x86_64-linux-gnu/crt1.o
 *(.rela.data .rela.data.* .rela.gnu.linkonce.d.*)
 .rela.data.rel.ro._ZTI12SysAllocator
                0x0000000000000000        0x0 /usr/lib/gcc/x86_64-linux-gnu/4.6.1/../../../x86_64-linux-gnu/crt1.o
 .rela.data.rel.ro._ZTI15MallocExtension
                0x0000000000000000        0x0 /usr/lib/gcc/x86_64-linux-gnu/4.6.1/../../../x86_64-linux-gnu/crt1.o
 .rela.data.rel.ro._ZTV12SysAllocator
                0x0000000000000000        0x0 /usr/lib/gcc/x86_64-linux-gnu/4.6.1/../../../x86_64-linux-gnu/crt1.o
 .rela.data.rel.ro._ZTV15MallocExtension
                0x0000000000000000        0x0 /usr/lib/gcc/x86_64-linux-gnu/4.6.1/../../../x86_64-linux-gnu/crt1.o
 .rela.data.rel.ro._ZTI16SbrkSysAllocator
                0x0000000000000000        0x0 /usr/lib/gcc/x86_64-linux-gnu/4.6.1/../../../x86_64-linux-gnu/crt1.o
 .rela.data.rel.ro._ZTI16MmapSysAllocator
                0x0000000000000000        0x0 /usr/lib/gcc/x86_64-linux-gnu/4.6.1/../../../x86_64-linux-gnu/crt1.o
 .rela.data.rel.ro._ZTI18DevMemSysAllocator
                0x0000000000000000        0x0 /usr/lib/gcc/x86_64-linux-gnu/4.6.1/../../../x86_64-linux-gnu/crt1.o
 .rela.data.rel.ro._ZTI19DefaultSysAllocator
                0x0000000000000000        0x0 /usr/lib/gcc/x86_64-linux-gnu/4.6.1/../../../x86_64-linux-gnu/crt1.o
 .rela.data.rel.ro._ZTV16SbrkSysAllocator
                0x0000000000000000        0x0 /usr/lib/gcc/x86_64-linux-gnu/4.6.1/../../../x86_64-linux-gnu/crt1.o
 .rela.data.rel.ro._ZTV16MmapSysAllocator
                0x0000000000000000        0x0 /usr/lib/gcc/x86_64-linux-gnu/4.6.1/../../../x86_64-linux-gnu/crt1.o
 .rela.data.rel.ro._ZTV18DevMemSysAllocator
                0x0000000000000000        0x0 /usr/lib/gcc/x86_64-linux-gnu/4.6.1/../../../x86_64-linux-gnu/crt1.o
 .rela.data.rel.ro._ZTV19DefaultSysAllocator
                0x0000000000000000        0x0 /usr/lib/gcc/x86_64-linux-gnu/4.6.1/../../../x86_64-linux-gnu/crt1.o
 .rela.data.DW.ref.__gxx_personality_v0
                0x0000000000000000        0x0 /usr/lib/gcc/x86_64-linux-gnu/4.6.1/../../../x86_64-linux-gnu/crt1.o
 *(.rela.tdata .rela.tdata.* .rela.gnu.linkonce.td.*)
 *(.rela.tbss .rela.tbss.* .rela.gnu.linkonce.tb.*)
 *(.rela.ctors)
 *(.rela.dtors)
 *(.rela.got)
 .rela.got      0x0000000000404f78      0x918 /usr/lib/gcc/x86_64-linux-gnu/4.6.1/../../../x86_64-linux-gnu/crt1.o
 *(.rela.bss .rela.bss.* .rela.gnu.linkonce.b.*)
 .rela.bss      0x0000000000405890      0x120 /usr/lib/gcc/x86_64-linux-gnu/4.6.1/../../../x86_64-linux-gnu/crt1.o
 *(.rela.ldata .rela.ldata.* .rela.gnu.linkonce.l.*)
 *(.rela.lbss .rela.lbss.* .rela.gnu.linkonce.lb.*)
 *(.rela.lrodata .rela.lrodata.* .rela.gnu.linkonce.lr.*)
 *(.rela.ifunc)
 .rela.eh_frame
                0x0000000000000000        0x0 /usr/lib/gcc/x86_64-linux-gnu/4.6.1/../../../x86_64-linux-gnu/crt1.o
 .rela.gcc_except_table
                0x0000000000000000        0x0 /usr/lib/gcc/x86_64-linux-gnu/4.6.1/../../../x86_64-linux-gnu/crt1.o
 .relagoogle_malloc
                0x0000000000000000        0x0 /usr/lib/gcc/x86_64-linux-gnu/4.6.1/../../../x86_64-linux-gnu/crt1.o

.rela.plt       0x00000000004059b0     0x15f0
 *(.rela.plt)
 .rela.plt      0x00000000004059b0     0x15f0 /usr/lib/gcc/x86_64-linux-gnu/4.6.1/../../../x86_64-linux-gnu/crt1.o
                0x0000000000406fa0                PROVIDE (__rela_iplt_start, .)
 *(.rela.iplt)
 .rela.iplt     0x0000000000000000        0x0 /usr/lib/gcc/x86_64-linux-gnu/4.6.1/../../../x86_64-linux-gnu/crt1.o
                0x0000000000406fa0                PROVIDE (__rela_iplt_end, .)

.init           0x0000000000406fa0       0x18
 *(.init)
 .init          0x0000000000406fa0        0x9 /usr/lib/gcc/x86_64-linux-gnu/4.6.1/../../../x86_64-linux-gnu/crti.o
                0x0000000000406fa0                _init
 .init          0x0000000000406fa9        0x5 /usr/lib/gcc/x86_64-linux-gnu/4.6.1/crtbegin.o
 .init          0x0000000000406fae        0x5 /usr/lib/gcc/x86_64-linux-gnu/4.6.1/crtend.o
 .init          0x0000000000406fb3        0x5 /usr/lib/gcc/x86_64-linux-gnu/4.6.1/../../../x86_64-linux-gnu/crtn.o

.plt            0x0000000000406fc0      0xeb0
 *(.plt)
 .plt           0x0000000000406fc0      0xeb0 /usr/lib/gcc/x86_64-linux-gnu/4.6.1/../../../x86_64-linux-gnu/crt1.o
                0x0000000000406fd0                sem_destroy@@GLIBC_2.2.5
                0x0000000000406fe0                __printf_chk@@GLIBC_2.3.4
                0x0000000000406ff0                pthread_cond_signal@@GLIBC_2.3.2
                0x0000000000407000                _ZNSo3putEc@@GLIBCXX_3.4
                0x0000000000407010                __errno_location@@GLIBC_2.2.5
                0x0000000000407020                pthread_cancel@@GLIBC_2.2.5
                0x0000000000407030                syscall@@GLIBC_2.2.5
                0x0000000000407040                isspace@@GLIBC_2.2.5
                0x0000000000407050                uname@@GLIBC_2.2.5
                0x0000000000407060                msync@@GLIBC_2.2.5
                0x0000000000407070                strtoll@@GLIBC_2.2.5
                0x0000000000407080                MPI_Init_thread
                0x0000000000407090                _ZSt29_Rb_tree_insert_and_rebalancebPSt18_Rb_tree_node_baseS0_RS_@@GLIBCXX_3.4
                0x00000000004070a0                MPI_Bcast
                0x00000000004070b0                EVP_cleanup@@OPENSSL_1.0.0
                0x00000000004070c0                _ZNSs6appendEPKcm@@GLIBCXX_3.4
                0x00000000004070d0                globfree@@GLIBC_2.2.5
                0x00000000004070e0                _ZNSs12_M_leak_hardEv@@GLIBCXX_3.4
                0x00000000004070f0                _ZNKSs4findEPKcmm@@GLIBCXX_3.4
                0x0000000000407100                strstr@@GLIBC_2.2.5
                0x0000000000407110                _ZNKSs7compareEPKc@@GLIBCXX_3.4
                0x0000000000407120                ERR_free_strings@@OPENSSL_1.0.0
                0x0000000000407130                pthread_mutex_trylock@@GLIBC_2.2.5
                0x0000000000407140                fork@@GLIBC_2.2.5
                0x0000000000407150                __vfprintf_chk@@GLIBC_2.3.4
                0x0000000000407160                dl_iterate_phdr@@GLIBC_2.2.5
                0x0000000000407170                execlp@@GLIBC_2.2.5
                0x0000000000407180                nanosleep@@GLIBC_2.2.5
                0x0000000000407190                erand48@@GLIBC_2.2.5
                0x00000000004071a0                MPI_Probe
                0x00000000004071b0                sigfillset@@GLIBC_2.2.5
                0x00000000004071c0                log@@GLIBC_2.2.5
                0x00000000004071d0                strerror@@GLIBC_2.2.5
                0x00000000004071e0                gzeof
                0x00000000004071f0                write@@GLIBC_2.2.5
                0x0000000000407200                MPI_Send
                0x0000000000407210                _ZSt17__throw_bad_allocv@@GLIBCXX_3.4
                0x0000000000407220                strchr@@GLIBC_2.2.5
                0x0000000000407230                _ZNSs14_M_replace_auxEmmmc@@GLIBCXX_3.4
                0x0000000000407240                ctime@@GLIBC_2.2.5
                0x0000000000407250                __cxa_begin_catch@@CXXABI_1.3
                0x0000000000407260                strspn@@GLIBC_2.2.5
                0x0000000000407270                asctime@@GLIBC_2.2.5
                0x0000000000407280                strlen@@GLIBC_2.2.5
                0x0000000000407290                pthread_mutexattr_destroy@@GLIBC_2.2.5
                0x00000000004072a0                memcmp@@GLIBC_2.2.5
                0x00000000004072b0                unlink@@GLIBC_2.2.5
                0x00000000004072c0                strncmp@@GLIBC_2.2.5
                0x00000000004072d0                sigprocmask@@GLIBC_2.2.5
                0x00000000004072e0                __cxa_allocate_exception@@CXXABI_1.3
                0x00000000004072f0                pthread_join@@GLIBC_2.2.5
                0x0000000000407300                getuid@@GLIBC_2.2.5
                0x0000000000407310                log10@@GLIBC_2.2.5
                0x0000000000407320                strncpy@@GLIBC_2.2.5
                0x0000000000407330                _ZSt20__throw_length_errorPKc@@GLIBCXX_3.4
                0x0000000000407340                memset@@GLIBC_2.2.5
                0x0000000000407350                abort@@GLIBC_2.2.5
                0x0000000000407360                getrusage@@GLIBC_2.2.5
                0x0000000000407370                MPI_Issend
                0x0000000000407380                _ZNSsC1ERKSs@@GLIBCXX_3.4
                0x0000000000407390                pthread_create@@GLIBC_2.2.5
                0x00000000004073a0                RSA_free@@OPENSSL_1.0.0
                0x00000000004073b0                geteuid@@GLIBC_2.2.5
                0x00000000004073c0                __sprintf_chk@@GLIBC_2.3.4
                0x00000000004073d0                _ZSt28_Rb_tree_rebalance_for_erasePSt18_Rb_tree_node_baseRS_@@GLIBCXX_3.4
                0x00000000004073e0                pthread_key_create@@GLIBC_2.2.5
                0x00000000004073f0                pthread_attr_setscope@@GLIBC_2.2.5
                0x0000000000407400                MD5@@OPENSSL_1.0.0
                0x0000000000407410                __snprintf_chk@@GLIBC_2.3.4
                0x0000000000407420                _ZSt18_Rb_tree_decrementPKSt18_Rb_tree_node_base@@GLIBCXX_3.4
                0x0000000000407430                RSA_new@@OPENSSL_1.0.0
                0x0000000000407440                _ZNSt9bad_allocD1Ev@@GLIBCXX_3.4
                0x0000000000407450                __cxa_guard_release@@CXXABI_1.3
                0x0000000000407460                sysconf@@GLIBC_2.2.5
                0x0000000000407470                __assert_fail@@GLIBC_2.2.5
                0x0000000000407480                pthread_attr_setstacksize@@GLIBC_2.2.5
                0x0000000000407490                mktime@@GLIBC_2.2.5
                0x00000000004074a0                _ZNSs6appendEmc@@GLIBCXX_3.4
                0x00000000004074b0                _ZNSo5flushEv@@GLIBCXX_3.4
                0x00000000004074c0                _ZSt18_Rb_tree_incrementPSt18_Rb_tree_node_base@@GLIBCXX_3.4
                0x00000000004074d0                _ZSt19__throw_logic_errorPKc@@GLIBCXX_3.4
                0x00000000004074e0                sscanf@@GLIBC_2.2.5
                0x00000000004074f0                MPI_Barrier
                0x0000000000407500                open@@GLIBC_2.2.5
                0x0000000000407510                localtime@@GLIBC_2.2.5
                0x0000000000407520                sleep@@GLIBC_2.2.5
                0x0000000000407530                pthread_mutex_unlock@@GLIBC_2.2.5
                0x0000000000407540                sem_post@@GLIBC_2.2.5
                0x0000000000407550                __sbrk@@GLIBC_2.2.5
                0x0000000000407560                strtod@@GLIBC_2.2.5
                0x0000000000407570                MPI_Finalize
                0x0000000000407580                _ZNKSs4findEcm@@GLIBCXX_3.4
                0x0000000000407590                sqrt@@GLIBC_2.2.5
                0x00000000004075a0                _ZNSs7reserveEm@@GLIBCXX_3.4
                0x00000000004075b0                _ZNSs4_Rep10_M_destroyERKSaIcE@@GLIBCXX_3.4
                0x00000000004075c0                __register_atfork@@GLIBC_2.3.2
                0x00000000004075d0                MPI_Recv
                0x00000000004075e0                __vsnprintf_chk@@GLIBC_2.3.4
                0x00000000004075f0                __memmove_chk@@GLIBC_2.3.4
                0x0000000000407600                perror@@GLIBC_2.2.5
                0x0000000000407610                MPI_Type_extent
                0x0000000000407620                __strcpy_chk@@GLIBC_2.3.4
                0x0000000000407630                socketpair@@GLIBC_2.2.5
                0x0000000000407640                __cxa_atexit@@GLIBC_2.2.5
                0x0000000000407650                pthread_self@@GLIBC_2.2.5
                0x0000000000407660                pow@@GLIBC_2.2.5
                0x0000000000407670                time@@GLIBC_2.2.5
                0x0000000000407680                dup2@@GLIBC_2.2.5
                0x0000000000407690                strcpy@@GLIBC_2.2.5
                0x00000000004076a0                __strcat_chk@@GLIBC_2.3.4
                0x00000000004076b0                _ZNSs6resizeEmc@@GLIBCXX_3.4
                0x00000000004076c0                fclose@@GLIBC_2.2.5
                0x00000000004076d0                __xstat@@GLIBC_2.2.5
                0x00000000004076e0                BN_hex2bn@@OPENSSL_1.0.0
                0x00000000004076f0                pthread_detach@@GLIBC_2.2.5
                0x0000000000407700                _ZSt18_Rb_tree_decrementPSt18_Rb_tree_node_base@@GLIBCXX_3.4
                0x0000000000407710                RSA_public_decrypt@@OPENSSL_1.0.0
                0x0000000000407720                MPI_Abort
                0x0000000000407730                __fxstat@@GLIBC_2.2.5
                0x0000000000407740                CRYPTO_cleanup_all_ex_data@@OPENSSL_1.0.0
                0x0000000000407750                _ZNSs6appendERKSs@@GLIBCXX_3.4
                0x0000000000407760                strcasecmp@@GLIBC_2.2.5
                0x0000000000407770                strrchr@@GLIBC_2.2.5
                0x0000000000407780                memchr@@GLIBC_2.2.5
                0x0000000000407790                __stack_chk_fail@@GLIBC_2.4
                0x00000000004077a0                fputs@@GLIBC_2.2.5
                0x00000000004077b0                sem_wait@@GLIBC_2.2.5
                0x00000000004077c0                _ZNSsC1EPKcRKSaIcE@@GLIBCXX_3.4
                0x00000000004077d0                _ZSt16__ostream_insertIcSt11char_traitsIcEERSt13basic_ostreamIT_T0_ES6_PKS3_l@@GLIBCXX_3.4.9
                0x00000000004077e0                _ZNKSt5ctypeIcE13_M_widen_initEv@@GLIBCXX_3.4.11
                0x00000000004077f0                regcomp@@GLIBC_2.2.5
                0x0000000000407800                _ZSt18_Rb_tree_incrementPKSt18_Rb_tree_node_base@@GLIBCXX_3.4
                0x0000000000407810                pthread_mutex_destroy@@GLIBC_2.2.5
                0x0000000000407820                MPI_Comm_size
                0x0000000000407830                fopen@@GLIBC_2.2.5
                0x0000000000407840                _ZNSs6assignEPKcm@@GLIBCXX_3.4
                0x0000000000407850                signal@@GLIBC_2.2.5
                0x0000000000407860                madvise@@GLIBC_2.2.5
                0x0000000000407870                pthread_cond_init@@GLIBC_2.3.2
                0x0000000000407880                exit@@GLIBC_2.2.5
                0x0000000000407890                pthread_attr_init@@GLIBC_2.2.5
                0x00000000004078a0                getenv@@GLIBC_2.2.5
                0x00000000004078b0                regexec@@GLIBC_2.3.4
                0x00000000004078c0                wait@@GLIBC_2.2.5
                0x00000000004078d0                fputc@@GLIBC_2.2.5
                0x00000000004078e0                strncasecmp@@GLIBC_2.2.5
                0x00000000004078f0                _ZSt16__throw_bad_castv@@GLIBCXX_3.4
                0x0000000000407900                __cxa_call_unexpected@@CXXABI_1.3
                0x0000000000407910                confstr@@GLIBC_2.2.5
                0x0000000000407920                prctl@@GLIBC_2.2.5
                0x0000000000407930                _ZNSs6assignERKSs@@GLIBCXX_3.4
                0x0000000000407940                sysinfo@@GLIBC_2.2.5
                0x0000000000407950                pthread_attr_setdetachstate@@GLIBC_2.2.5
                0x0000000000407960                exp@@GLIBC_2.2.5
                0x0000000000407970                glob@@GLIBC_2.2.5
                0x0000000000407980                MPI_Waitany
                0x0000000000407990                strtoull@@GLIBC_2.2.5
                0x00000000004079a0                _ZNSs9_M_mutateEmmm@@GLIBCXX_3.4
                0x00000000004079b0                MPI_Irecv
                0x00000000004079c0                _ZSt15set_new_handlerPFvvE@@GLIBCXX_3.4
                0x00000000004079d0                unsetenv@@GLIBC_2.2.5
                0x00000000004079e0                pthread_mutexattr_init@@GLIBC_2.2.5
                0x00000000004079f0                _ZNKSs5rfindEcm@@GLIBCXX_3.4
                0x0000000000407a00                pthread_getspecific@@GLIBC_2.2.5
                0x0000000000407a10                strcmp@@GLIBC_2.2.5
                0x0000000000407a20                strtol@@GLIBC_2.2.5
                0x0000000000407a30                MPI_Comm_rank
                0x0000000000407a40                MPI_Get_count
                0x0000000000407a50                read@@GLIBC_2.2.5
                0x0000000000407a60                _ZSt20__throw_out_of_rangePKc@@GLIBCXX_3.4
                0x0000000000407a70                tolower@@GLIBC_2.2.5
                0x0000000000407a80                __cxa_rethrow@@CXXABI_1.3
                0x0000000000407a90                getpid@@GLIBC_2.2.5
                0x0000000000407aa0                pthread_mutex_lock@@GLIBC_2.2.5
                0x0000000000407ab0                iscntrl@@GLIBC_2.2.5
                0x0000000000407ac0                gzopen
                0x0000000000407ad0                backtrace_symbols@@GLIBC_2.2.5
                0x0000000000407ae0                pthread_mutex_init@@GLIBC_2.2.5
                0x0000000000407af0                fread@@GLIBC_2.2.5
                0x0000000000407b00                setenv@@GLIBC_2.2.5
                0x0000000000407b10                poll@@GLIBC_2.2.5
                0x0000000000407b20                pthread_cond_wait@@GLIBC_2.3.2
                0x0000000000407b30                _ZNSt8ios_base4InitC1Ev@@GLIBCXX_3.4
                0x0000000000407b40                puts@@GLIBC_2.2.5
                0x0000000000407b50                feof@@GLIBC_2.2.5
                0x0000000000407b60                fnmatch@@GLIBC_2.2.5
                0x0000000000407b70                atoi@@GLIBC_2.2.5
                0x0000000000407b80                _ZNSsC1ERKSsmm@@GLIBCXX_3.4
                0x0000000000407b90                fgetc@@GLIBC_2.2.5
                0x0000000000407ba0                _ZNSsD1Ev@@GLIBCXX_3.4
                0x0000000000407bb0                fgets@@GLIBC_2.2.5
                0x0000000000407bc0                BZ2_bzReadOpen
                0x0000000000407bd0                BZ2_bzRead
                0x0000000000407be0                snprintf@@GLIBC_2.2.5
                0x0000000000407bf0                pthread_setaffinity_np@@GLIBC_2.3.4
                0x0000000000407c00                ENGINE_cleanup@@OPENSSL_1.0.0
                0x0000000000407c10                gettimeofday@@GLIBC_2.2.5
                0x0000000000407c20                memmove@@GLIBC_2.2.5
                0x0000000000407c30                _exit@@GLIBC_2.2.5
                0x0000000000407c40                __cxa_end_catch@@CXXABI_1.3
                0x0000000000407c50                __fprintf_chk@@GLIBC_2.3.4
                0x0000000000407c60                pthread_once@@GLIBC_2.2.5
                0x0000000000407c70                __gxx_personality_v0@@CXXABI_1.3
                0x0000000000407c80                access@@GLIBC_2.2.5
                0x0000000000407c90                __tls_get_addr@@GLIBC_2.3
                0x0000000000407ca0                floor@@GLIBC_2.2.5
                0x0000000000407cb0                __powidf2@@GCC_4.0.0
                0x0000000000407cc0                gzclose
                0x0000000000407cd0                gzgets
                0x0000000000407ce0                __cxa_throw@@CXXABI_1.3
                0x0000000000407cf0                memcpy@@GLIBC_2.2.5
                0x0000000000407d00                sem_init@@GLIBC_2.2.5
                0x0000000000407d10                _Unwind_Resume@@GCC_3.0
                0x0000000000407d20                pthread_exit@@GLIBC_2.2.5
                0x0000000000407d30                strcat@@GLIBC_2.2.5
                0x0000000000407d40                getpagesize@@GLIBC_2.2.5
                0x0000000000407d50                nrand48@@GLIBC_2.2.5
                0x0000000000407d60                __cxa_guard_acquire@@CXXABI_1.3
                0x0000000000407d70                pthread_setspecific@@GLIBC_2.2.5
                0x0000000000407d80                _ZNKSs7compareEmmPKc@@GLIBCXX_3.4
                0x0000000000407d90                toupper@@GLIBC_2.2.5
                0x0000000000407da0                _ZNKSs17find_first_not_ofEPKcmm@@GLIBCXX_3.4
                0x0000000000407db0                lseek@@GLIBC_2.2.5
                0x0000000000407dc0                __libc_start_main@@GLIBC_2.2.5
                0x0000000000407dd0                __cxa_pure_virtual@@CXXABI_1.3
                0x0000000000407de0                qsort@@GLIBC_2.2.5
                0x0000000000407df0                _ZNKSs13find_first_ofEPKcmm@@GLIBCXX_3.4
                0x0000000000407e00                BZ2_bzReadClose
                0x0000000000407e10                pthread_cond_destroy@@GLIBC_2.3.2
                0x0000000000407e20                fwrite@@GLIBC_2.2.5
                0x0000000000407e30                close@@GLIBC_2.2.5
                0x0000000000407e40                RSA_size@@OPENSSL_1.0.0
                0x0000000000407e50                logf@@GLIBC_2.2.5
                0x0000000000407e60                _ZNSt8ios_base4InitD1Ev@@GLIBCXX_3.4
 *(.iplt)
 .iplt          0x0000000000000000        0x0 /usr/lib/gcc/x86_64-linux-gnu/4.6.1/../../../x86_64-linux-gnu/crt1.o

.text           0x0000000000407e70    0x62778
 *(.text.unlikely .text.*_unlikely)
 .text.unlikely
                0x0000000000407e70       0x1a novoalignCSMPI.a(nawmCS.o)
 .text.unlikely
                0x0000000000407e8a      0x3c1 ./tcmalloc/libtcmalloc.a(libtcmalloc_la-tcmalloc.o)
 *fill*         0x000000000040824b        0x1 90909090
 .text.unlikely
                0x000000000040824c       0x1c ./tcmalloc/libtcmalloc.a(libtcmalloc_la-heap-checker.o)
 .text.unlikely
                0x0000000000408268       0x47 ./tcmalloc/libtcmalloc.a(libtcmalloc_internal_la-low_level_alloc.o)
 *fill*         0x00000000004082af        0x1 90909090
 .text.unlikely
                0x00000000004082b0       0x23 ./tcmalloc/libtcmalloc.a(libtcmalloc_internal_la-memory_region_map.o)
 *(.text.exit .text.exit.*)
 *(.text.startup .text.startup.*)
 *fill*         0x00000000004082d3        0xd 90909090
 .text.startup  0x00000000004082e0      0x2f2 novoalignCSMPI.a(novoalignMPI_main.o)
                0x00000000004082e0                main
 *fill*         0x00000000004085d2        0xe 90909090
 .text.startup  0x00000000004085e0       0x26 novoalignCSMPI.a(fragdist.o)
 *fill*         0x0000000000408606        0xa 90909090
 .text.startup  0x0000000000408610       0x26 novoalignCSMPI.a(indelstats.o)
 *fill*         0x0000000000408636        0xa 90909090
 .text.startup  0x0000000000408640       0x26 novoalignCSMPI.a(ksindex.o)
 *fill*         0x0000000000408666        0xa 90909090
 .text.startup  0x0000000000408670       0x26 novoalignCSMPI.a(novoalignmpi.o)
 *fill*         0x0000000000408696        0xa 90909090
 .text.startup  0x00000000004086a0       0x26 novoalignCSMPI.a(novoparam.o)
 *fill*         0x00000000004086c6        0xa 90909090
 .text.startup  0x00000000004086d0       0x26 novoalignCSMPI.a(prbcalibrateCS.o)
 *fill*         0x00000000004086f6        0xa 90909090
 .text.startup  0x0000000000408700       0x26 novoalignCSMPI.a(prbcalibrateMPI.o)
 *fill*         0x0000000000408726        0xa 90909090
 .text.startup  0x0000000000408730       0x12 novoalignCSMPI.a(qualconvert.o)
 *fill*         0x0000000000408742        0xe 90909090
 .text.startup  0x0000000000408750       0x26 novoalignCSMPI.a(queryfolder.o)
 *fill*         0x0000000000408776        0xa 90909090
 .text.startup  0x0000000000408780       0x26 novoalignCSMPI.a(queryformatCS.o)
 *fill*         0x00000000004087a6        0xa 90909090
 .text.startup  0x00000000004087b0       0x26 novoalignCSMPI.a(queryreader.o)
 *fill*         0x00000000004087d6        0xa 90909090
 .text.startup  0x00000000004087e0       0x26 novoalignCSMPI.a(queryreaderCS.o)
 *fill*         0x0000000000408806        0xa 90909090
 .text.startup  0x0000000000408810       0x26 novoalignCSMPI.a(reporter.o)
 *fill*         0x0000000000408836        0xa 90909090
 .text.startup  0x0000000000408840       0x26 novoalignCSMPI.a(rptNative.o)
 *fill*         0x0000000000408866        0xa 90909090
 .text.startup  0x0000000000408870       0x26 novoalignCSMPI.a(rptSAM.o)
 *fill*         0x0000000000408896        0xa 90909090
 .text.startup  0x00000000004088a0       0x26 novoalignCSMPI.a(TThread.o)
 *fill*         0x00000000004088c6        0xa 90909090
 .text.startup  0x00000000004088d0       0x26 novoalignCSMPI.a(TThreadPool.o)
 *fill*         0x00000000004088f6        0xa 90909090
 .text.startup  0x0000000000408900       0x26 novoalignCSMPI.a(TTimer.o)
 *fill*         0x0000000000408926        0xa 90909090
 .text.startup  0x0000000000408930       0x26 novoalignCSMPI.a(wmsearch.o)
 *fill*         0x0000000000408956        0xa 90909090
 .text.startup  0x0000000000408960       0x26 novoalignCSMPI.a(filehandle.o)
 *fill*         0x0000000000408986        0xa 90909090
 .text.startup  0x0000000000408990       0x26 novoalignCSMPI.a(findamateCS.o)
 *fill*         0x00000000004089b6        0xa 90909090
 .text.startup  0x00000000004089c0       0x26 novoalignCSMPI.a(fragdistMPI.o)
 *fill*         0x00000000004089e6        0xa 90909090
 .text.startup  0x00000000004089f0        0xa novoalignCSMPI.a(iubcodes.o)
 *fill*         0x00000000004089fa        0x6 90909090
 .text.startup  0x0000000000408a00       0x26 novoalignCSMPI.a(keygenCS.o)
 *fill*         0x0000000000408a26        0xa 90909090
 .text.startup  0x0000000000408a30       0x26 novoalignCSMPI.a(nawmCS.o)
 *fill*         0x0000000000408a56        0xa 90909090
 .text.startup  0x0000000000408a60       0x26 novoalignCSMPI.a(needleCS.o)
 *fill*         0x0000000000408a86        0xa 90909090
 .text.startup  0x0000000000408a90       0x26 novoalignCSMPI.a(qryopt.o)
 *fill*         0x0000000000408ab6        0xa 90909090
 .text.startup  0x0000000000408ac0       0x26 novoalignCSMPI.a(shortnwCS.o)
 *fill*         0x0000000000408ae6        0xa 90909090
 .text.startup  0x0000000000408af0        0xa novoalignCSMPI.a(cscodes.o)
 *fill*         0x0000000000408afa        0x6 90909090
 .text.startup  0x0000000000408b00       0x7d ./tcmalloc/libtcmalloc.a(libtcmalloc_la-tcmalloc.o)
 *fill*         0x0000000000408b7d        0x3 90909090
 .text.startup  0x0000000000408b80      0x123 ./tcmalloc/libtcmalloc.a(atomicops-internals-x86.o)
 *fill*         0x0000000000408ca3        0xd 90909090
 .text.startup  0x0000000000408cb0       0x7e ./tcmalloc/libtcmalloc.a(libtcmalloc_internal_la-page_heap.o)
 *fill*         0x0000000000408d2e        0x2 90909090
 .text.startup  0x0000000000408d30       0x44 ./tcmalloc/libtcmalloc.a(libtcmalloc_internal_la-sampler.o)
 *fill*         0x0000000000408d74        0xc 90909090
 .text.startup  0x0000000000408d80       0x64 ./tcmalloc/libtcmalloc.a(libtcmalloc_internal_la-static_vars.o)
 *fill*         0x0000000000408de4        0xc 90909090
 .text.startup  0x0000000000408df0      0x141 ./tcmalloc/libtcmalloc.a(libtcmalloc_internal_la-system-alloc.o)
 *fill*         0x0000000000408f31        0xf 90909090
 .text.startup  0x0000000000408f40       0x47 ./tcmalloc/libtcmalloc.a(libtcmalloc_internal_la-thread_cache.o)
 *fill*         0x0000000000408f87        0x9 90909090
 .text.startup  0x0000000000408f90       0x42 ./tcmalloc/libtcmalloc.a(logging.o)
 *fill*         0x0000000000408fd2        0xe 90909090
 .text.startup  0x0000000000408fe0       0x1d ./tcmalloc/libtcmalloc.a(spinlock.o)
 *fill*         0x0000000000408ffd        0x3 90909090
 .text.startup  0x0000000000409000       0x95 ./tcmalloc/libtcmalloc.a(spinlock_internal.o)
 *fill*         0x0000000000409095        0xb 90909090
 .text.startup  0x00000000004090a0      0x32d ./tcmalloc/libtcmalloc.a(libtcmalloc_la-heap-checker.o)
 *fill*         0x00000000004093cd        0x3 90909090
 .text.startup  0x00000000004093d0       0x44 ./tcmalloc/libtcmalloc.a(libtcmalloc_la-heap-checker-bcad.o)
 *fill*         0x0000000000409414        0xc 90909090
 .text.startup  0x0000000000409420       0x8a ./tcmalloc/libtcmalloc.a(libtcmalloc_internal_la-heap-profile-table.o)
 *fill*         0x00000000004094aa        0x6 90909090
 .text.startup  0x00000000004094b0        0xf ./tcmalloc/libtcmalloc.a(libtcmalloc_internal_la-memory_region_map.o)
 *fill*         0x00000000004094bf        0x1 90909090
 .text.startup  0x00000000004094c0       0x7d ./tcmalloc/libtcmalloc.a(libtcmalloc_internal_la-symbolize.o)
 *(.text.hot .text.hot.*)
 *(.text .stub .text.* .gnu.linkonce.t.*)
 *fill*         0x000000000040953d        0x3 90909090
 .text          0x0000000000409540       0x2c /usr/lib/gcc/x86_64-linux-gnu/4.6.1/../../../x86_64-linux-gnu/crt1.o
                0x0000000000409540                _start
 .text          0x000000000040956c       0x17 /usr/lib/gcc/x86_64-linux-gnu/4.6.1/../../../x86_64-linux-gnu/crti.o
 *fill*         0x0000000000409583        0xd 90909090
 .text          0x0000000000409590       0x92 /usr/lib/gcc/x86_64-linux-gnu/4.6.1/crtbegin.o
 *fill*         0x0000000000409622        0xe 90909090
 .text          0x0000000000409630      0x98a mpidriver.o
                0x0000000000409630                _ZN10mpi_driver11init_masterEiPPc
                0x0000000000409640                _ZN10mpi_driver13final_resultsEv
                0x0000000000409650                _ZN10mpi_driver10init_slaveEiPPc
                0x0000000000409660                _ZN10mpi_driver9eof_slaveEv
                0x0000000000409670                _ZN10mpi_driver11final_slaveEv
                0x0000000000409680                _ZN10mpi_driverC1Ev
                0x0000000000409680                _ZN10mpi_driverC2Ev
                0x0000000000409690                _ZN10mpi_driverD2Ev
                0x0000000000409690                _ZN10mpi_driverD1Ev
                0x00000000004096a0                _ZN10mpi_driver10run_masterEiPPc
                0x0000000000409d40                _ZN10mpi_driver10run_slavesEiPPc
                0x0000000000409df0                _ZN10mpi_driver7run_mpiEiPPc
                0x0000000000409ef0                _Z11NV_MPI_SendPvi11NV_Datatypeii
                0x0000000000409f10                _Z11NV_MPI_RecvPvi11NV_Datatype
                0x0000000000409f50                _Z13NV_MPI_MsgLeni11NV_Datatype
                0x0000000000409f80                _Z3Diev
                0x0000000000409f90                _Z12NV_MPI_BcastPvi11NV_Datatype
                0x0000000000409fb0                _Z7Barrierv
 *fill*         0x0000000000409fba        0x6 90909090
 .text._ZN10mpi_driver9syncPointEv
                0x0000000000409fc0        0x3 mpidriver.o
                0x0000000000409fc0                _ZN10mpi_driver9syncPointEv
 *fill*         0x0000000000409fc3        0xd 90909090
 .text._ZN10mpi_driver6syncedEv
                0x0000000000409fd0        0x2 mpidriver.o
                0x0000000000409fd0                _ZN10mpi_driver6syncedEv
 *fill*         0x0000000000409fd2        0xe 90909090
 .text          0x0000000000409fe0       0xac trace.o
                0x0000000000409fe0                _Z11print_tracev
                0x000000000040a070                _Z11cleanCryptov
 *fill*         0x000000000040a08c        0x4 90909090
 .text          0x000000000040a090       0x2b novoalignCSMPI.a(novoalignMPI_main.o)
                0x000000000040a090                leave
 *fill*         0x000000000040a0bb        0x5 90909090
 .text._ZN6TMutexD2Ev
                0x000000000040a0c0       0x13 novoalignCSMPI.a(novoalignMPI_main.o)
                0x000000000040a0c0                _ZN6TMutexD1Ev
                0x000000000040a0c0                _ZN6TMutexD2Ev
 *fill*         0x000000000040a0d3        0xd 90909090
 .text._ZN10alignstats6reportEP8_IO_FILE
                0x000000000040a0e0      0x1b0 novoalignCSMPI.a(novoalignMPI_main.o)
                0x000000000040a0e0                _ZN10alignstats6reportEP8_IO_FILE
 .text._ZN6TMutexC2Ev
                0x000000000040a290       0x36 novoalignCSMPI.a(novoalignMPI_main.o)
                0x000000000040a290                _ZN6TMutexC2Ev
                0x000000000040a290                _ZN6TMutexC1Ev
 *fill*         0x000000000040a2c6        0xa 90909090
 .text._ZN8fragdistD2Ev
                0x000000000040a2d0       0x67 novoalignCSMPI.a(novoalignMPI_main.o)
                0x000000000040a2d0                _ZN8fragdistD2Ev
                0x000000000040a2d0                _ZN8fragdistD1Ev
 *fill*         0x000000000040a337        0x9 90909090
 .text._ZN9novoparamUt0_D2Ev
                0x000000000040a340      0x117 novoalignCSMPI.a(novoalignMPI_main.o)
                0x000000000040a340                _ZN9novoparamUt0_D2Ev
                0x000000000040a340                _ZN9novoparamUt0_D1Ev
 *fill*         0x000000000040a457        0x9 90909090
 .text._ZN9novoparamD2Ev
                0x000000000040a460      0x827 novoalignCSMPI.a(novoalignMPI_main.o)
                0x000000000040a460                _ZN9novoparamD2Ev
                0x000000000040a460                _ZN9novoparamD1Ev
 *fill*         0x000000000040ac87        0x9 90909090
 .text._ZN11fragdistMPIC2Ev
                0x000000000040ac90       0x96 novoalignCSMPI.a(novoalignMPI_main.o)
                0x000000000040ac90                _ZN11fragdistMPIC1Ev
                0x000000000040ac90                _ZN11fragdistMPIC2Ev
 *fill*         0x000000000040ad26        0xa 90909090
 .text          0x000000000040ad30      0x9c8 novoalignCSMPI.a(fragdist.o)
                0x000000000040ad30                _ZN8fragdist11addfragmentEi
                0x000000000040ad60                _ZN8fragdist9calcstatsEv
                0x000000000040ae50                _ZN8fragdist15reverseAndScaleEv
                0x000000000040aed0                _ZN8fragdist15recalcpenaltiesEv
                0x000000000040b1e0                _ZN8fragdist7setdistEii
                0x000000000040b250                _ZN8fragdist7setdistEffbii
                0x000000000040b540                _ZN8fragdist5resetEv
                0x000000000040b570                _ZN8fragdist5printEP8_IO_FILE
 *fill*         0x000000000040b6f8        0x8 90909090
 .text          0x000000000040b700     0x118c novoalignCSMPI.a(indelstats.o)
                0x000000000040b700                _ZN10indelStats9extractxyEPKc
                0x000000000040b8f0                _ZN10indelStats12addalignmentEP8reporter
                0x000000000040c100                _ZN10indelStats4loadERSs
                0x000000000040c110                _ZN10indelStats4saveERSsS0_
                0x000000000040c700                _ZN10indelStats8mpi_sendEi
                0x000000000040c720                _ZN10indelStats8mpi_recvEi
 *fill*         0x000000000040c88c        0x4 90909090
 .text          0x000000000040c890      0xe29 novoalignCSMPI.a(ksgroups.o)
                0x000000000040d0b0                _ZN7ksgroupD2Ev
                0x000000000040d0b0                _ZN7ksgroupD1Ev
                0x000000000040d1a0                _ZN7ksgroup10group_nameEi
                0x000000000040d1d0                _ZN7ksgroupC1EPKcR7ksindex
                0x000000000040d1d0                _ZN7ksgroupC2EPKcR7ksindex
 *fill*         0x000000000040d6b9        0x7 90909090
 .text._Z12grp_lessnameRK8seqgroupS1_
                0x000000000040d6c0       0x52 novoalignCSMPI.a(ksgroups.o)
                0x000000000040d6c0                _Z12grp_lessnameRK8seqgroupS1_
 *fill*         0x000000000040d712        0xe 90909090
 .text._ZNSt6vectorI8seqgroupSaIS0_EE13_M_insert_auxEN9__gnu_cxx17__normal_iteratorIPS0_S2_EERKS0_
                0x000000000040d720      0x25e novoalignCSMPI.a(ksgroups.o)
                0x000000000040d720                _ZNSt6vectorI8seqgroupSaIS0_EE13_M_insert_auxEN9__gnu_cxx17__normal_iteratorIPS0_S2_EERKS0_
 *fill*         0x000000000040d97e        0x2 90909090
 .text._ZSt16__insertion_sortIN9__gnu_cxx17__normal_iteratorIP8seqgroupSt6vectorIS2_SaIS2_EEEEEvT_S8_
                0x000000000040d980      0x15c novoalignCSMPI.a(ksgroups.o)
                0x000000000040d980                _ZSt16__insertion_sortIN9__gnu_cxx17__normal_iteratorIP8seqgroupSt6vectorIS2_SaIS2_EEEEEvT_S8_
 *fill*         0x000000000040dadc        0x4 90909090
 .text._ZSt19__move_median_firstIN9__gnu_cxx17__normal_iteratorIP8seqgroupSt6vectorIS2_SaIS2_EEEEEvT_S8_S8_
                0x000000000040dae0       0xee novoalignCSMPI.a(ksgroups.o)
                0x000000000040dae0                _ZSt19__move_median_firstIN9__gnu_cxx17__normal_iteratorIP8seqgroupSt6vectorIS2_SaIS2_EEEEEvT_S8_S8_
 *fill*         0x000000000040dbce        0x2 90909090
 .text._ZSt13__adjust_heapIN9__gnu_cxx17__normal_iteratorIP8seqgroupSt6vectorIS2_SaIS2_EEEElS2_EvT_T0_S9_T1_
                0x000000000040dbd0      0x198 novoalignCSMPI.a(ksgroups.o)
                0x000000000040dbd0                _ZSt13__adjust_heapIN9__gnu_cxx17__normal_iteratorIP8seqgroupSt6vectorIS2_SaIS2_EEEElS2_EvT_T0_S9_T1_
 *fill*         0x000000000040dd68        0x8 90909090
 .text._ZSt13__heap_selectIN9__gnu_cxx17__normal_iteratorIP8seqgroupSt6vectorIS2_SaIS2_EEEEEvT_S8_S8_
                0x000000000040dd70      0x133 novoalignCSMPI.a(ksgroups.o)
                0x000000000040dd70                _ZSt13__heap_selectIN9__gnu_cxx17__normal_iteratorIP8seqgroupSt6vectorIS2_SaIS2_EEEEEvT_S8_S8_
 *fill*         0x000000000040dea3        0xd 90909090
 .text._ZSt16__introsort_loopIN9__gnu_cxx17__normal_iteratorIP8seqgroupSt6vectorIS2_SaIS2_EEEElEvT_S8_T0_
                0x000000000040deb0      0x1bf novoalignCSMPI.a(ksgroups.o)
                0x000000000040deb0                _ZSt16__introsort_loopIN9__gnu_cxx17__normal_iteratorIP8seqgroupSt6vectorIS2_SaIS2_EEEElEvT_S8_T0_
 *fill*         0x000000000040e06f        0x1 90909090
 .text          0x000000000040e070     0x162d novoalignCSMPI.a(ksindex.o)
                0x000000000040e070                _ZN7ksindexC2Ev
                0x000000000040e070                _ZN7ksindexC1Ev
                0x000000000040e1e0                _ZN7ksindexD2Ev
                0x000000000040e1e0                _ZN7ksindexD1Ev
                0x000000000040e220                _ZNK7ksindex15GetRefSequence4EmPhi
                0x000000000040e2d0                _ZNK7ksindex16GetRefSequencenaEmPhi
                0x000000000040e3a0                _ZNK7ksindex15GetRefSequence6ElPDv2_xim
                0x000000000040e3a0                _ZNK7ksindex15GetRefSequence6ElPU8__vectorxim
                0x000000000040e560                _ZNK7ksindex17GetRefSequence6rcElPU8__vectorxim
                0x000000000040e560                _ZNK7ksindex17GetRefSequence6rcElPDv2_xim
                0x000000000040e780                _ZN7ksindex3ramEv
                0x000000000040e7a0                _ZN7ksindex9usableramEv
                0x000000000040e840                _ZN9seqheader6headerER7ksindex
                0x000000000040e850                _ZN9seqheader6headerERSsR7ksindex
                0x000000000040e8b0                _ZN7ksindex11buildhdridxEv
                0x000000000040e920                _ZN7ksindex9getseqnumEm
                0x000000000040e9c0                _ZNK7ksindex7totsizeEv
                0x000000000040ea40                _ZN7ksindex7setptrsEv
                0x000000000040eb90                _ZN7ksindex4loadEPKcS1_bbbb
                0x000000000040f3d0                _ZN7ksindex5touchEv
                0x000000000040f410                _ZN7ksindex6chksumEv
                0x000000000040f500                _ZN7ksindex8findNameEPci
 *fill*         0x000000000040f69d        0x3 90909090
 .text          0x000000000040f6a0     0x4db1 novoalignCSMPI.a(novoalignmpi.o)
                0x000000000040f6a0                _ZN12novoalignmpi10max_lengthEv
                0x000000000040f6b0                _ZN12novoalignmpi9syncPointEv
                0x000000000040f6e0                _ZN12novoalignmpi6syncedEv
                0x000000000040f8f0                _ZN12novoalignmpi22master_process_messageEiPcii
                0x000000000040f9b0                _ZN12novoalignmpi3eofEv
                0x000000000040f9f0                _ZN12novoalignmpi12next_messageEiPciRj
                0x000000000040fea0                _ZN12novoalignmpi11final_slaveEv
                0x000000000040ffc0                _ZN12novoalignmpi11init_masterEiPPc
                0x0000000000410bd0                _ZN12novoalignmpiD1Ev
                0x0000000000410bd0                _ZN12novoalignmpiD2Ev
                0x0000000000410c80                _ZN12novoalignmpi10MPI_SendSzEPvi11NV_Datatype7NV_Tagsi
                0x0000000000410d40                _ZN12novoalignmpi11append_idleEP15novoalign_slave
                0x0000000000410de0                _ZN12novoalignmpi8get_idleEv
                0x0000000000410e90                _ZN12novoalignmpi12sendcountersEv
                0x0000000000411270                _ZN12novoalignmpi9eof_slaveEv
                0x00000000004112a0                _ZN12novoalignmpi11syncThreadsEv
                0x00000000004112d0                _ZN12novoalignmpi15process_messageEii
                0x0000000000411570                _ZN15novoalign_slave15recv_buffer_lenEv
                0x0000000000411580                _ZN15novoalign_slave10init_slaveEv
                0x0000000000412080                _ZN15novoalign_slave8set_nawmE6t_sidePcS1_S1_
                0x00000000004121c0                _ZN15novoalign_slave3runEPv
                0x0000000000412350                _ZN8mpistats10send_statsEv
                0x00000000004123d0                _ZN8mpistats13process_statsEv
                0x0000000000412460                _ZN12novoalignmpi13final_resultsEv
                0x0000000000412a10                _ZN12novoalignmpi10init_slaveEiPPc
 *fill*         0x0000000000414451        0xf 90909090
 .text._ZN8reporter7newpairE6t_side
                0x0000000000414460       0x19 novoalignCSMPI.a(novoalignmpi.o)
                0x0000000000414460                _ZN8reporter7newpairE6t_side
 *fill*         0x0000000000414479        0x7 90909090
 .text._ZN8reporter8filetypeEPKc
                0x0000000000414480       0x18 novoalignCSMPI.a(novoalignmpi.o)
                0x0000000000414480                _ZN8reporter8filetypeEPKc
 *fill*         0x0000000000414498        0x8 90909090
 .text._ZN8reporter6dbinfoEv
                0x00000000004144a0       0xa6 novoalignCSMPI.a(novoalignmpi.o)
                0x00000000004144a0                _ZN8reporter6dbinfoEv
 *fill*         0x0000000000414546        0xa 90909090
 .text._ZN8reporter5startEiPPciiPKc
                0x0000000000414550      0x16c novoalignCSMPI.a(novoalignmpi.o)
                0x0000000000414550                _ZN8reporter5startEiPPciiPKc
 *fill*         0x00000000004146bc        0x4 90909090
 .text._ZN9findamateD2Ev
                0x00000000004146c0       0x62 novoalignCSMPI.a(novoalignmpi.o)
                0x00000000004146c0                _ZN9findamateD1Ev
                0x00000000004146c0                _ZN9findamateD2Ev
 *fill*         0x0000000000414722        0xe 90909090
 .text._ZN12alignmentrpt9sidealignD2Ev
                0x0000000000414730      0x176 novoalignCSMPI.a(novoalignmpi.o)
                0x0000000000414730                _ZN12alignmentrpt9sidealignD2Ev
                0x0000000000414730                _ZN12alignmentrpt9sidealignD1Ev
 *fill*         0x00000000004148a6        0xa 90909090
 .text._ZN10pe_adapterD2Ev
                0x00000000004148b0      0x158 novoalignCSMPI.a(novoalignmpi.o)
                0x00000000004148b0                _ZN10pe_adapterD2Ev
                0x00000000004148b0                _ZN10pe_adapterD1Ev
 *fill*         0x0000000000414a08        0x8 90909090
 .text._ZN12alignmentrptD2Ev
                0x0000000000414a10      0x2b9 novoalignCSMPI.a(novoalignmpi.o)
                0x0000000000414a10                _ZN12alignmentrptD1Ev
                0x0000000000414a10                _ZN12alignmentrptD2Ev
 *fill*         0x0000000000414cc9        0x7 90909090
 .text._ZN8rptBlastD2Ev
                0x0000000000414cd0      0x5d9 novoalignCSMPI.a(novoalignmpi.o)
                0x0000000000414cd0                _ZN8rptBlastD2Ev
                0x0000000000414cd0                _ZN8rptBlastD1Ev
 *fill*         0x00000000004152a9        0x7 90909090
 .text._ZN8rptBlastD0Ev
                0x00000000004152b0      0x5e5 novoalignCSMPI.a(novoalignmpi.o)
                0x00000000004152b0                _ZN8rptBlastD0Ev
 *fill*         0x0000000000415895        0xb 90909090
 .text._ZN8reporter9rptprintfEPKcz
                0x00000000004158a0       0xf6 novoalignCSMPI.a(novoalignmpi.o)
                0x00000000004158a0                _ZN8reporter9rptprintfEPKcz
 *fill*         0x0000000000415996        0xa 90909090
 .text._ZN8rptBlast7resultsEP8wmsearch6t_side
                0x00000000004159a0      0x834 novoalignCSMPI.a(novoalignmpi.o)
                0x00000000004159a0                _ZN8rptBlast7resultsEP8wmsearch6t_side
 *fill*         0x00000000004161d4        0xc 90909090
 .text._ZN8rptBlast9polyAreadEP8wmsearch6t_side
                0x00000000004161e0       0x5e novoalignCSMPI.a(novoalignmpi.o)
                0x00000000004161e0                _ZN8rptBlast9polyAreadEP8wmsearch6t_side
 *fill*         0x000000000041623e        0x2 90909090
 .text._ZN8rptBlast8noresultEP8wmsearch6t_side
                0x0000000000416240       0x53 novoalignCSMPI.a(novoalignmpi.o)
                0x0000000000416240                _ZN8rptBlast8noresultEP8wmsearch6t_side
 *fill*         0x0000000000416293        0xd 90909090
 .text._ZN8rptBlast8lowqreadEP8wmsearch6t_side
                0x00000000004162a0       0x5e novoalignCSMPI.a(novoalignmpi.o)
                0x00000000004162a0                _ZN8rptBlast8lowqreadEP8wmsearch6t_side
 *fill*         0x00000000004162fe        0x2 90909090
 .text._ZN8rptBlast11reportpairsEP8wmsearch
                0x0000000000416300     0x1369 novoalignCSMPI.a(novoalignmpi.o)
                0x0000000000416300                _ZN8rptBlast11reportpairsEP8wmsearch
 *fill*         0x0000000000417669        0x7 90909090
 .text._ZN11queryreaderD2Ev
                0x0000000000417670      0x2f7 novoalignCSMPI.a(novoalignmpi.o)
                0x0000000000417670                _ZN11queryreaderD1Ev
                0x0000000000417670                _ZN11queryreaderD2Ev
 *fill*         0x0000000000417967        0x9 90909090
 .text._ZNSt6vectorI12alignmentrptSaIS0_EED2Ev
                0x0000000000417970      0x356 novoalignCSMPI.a(novoalignmpi.o)
                0x0000000000417970                _ZNSt6vectorI12alignmentrptSaIS0_EED2Ev
                0x0000000000417970                _ZNSt6vectorI12alignmentrptSaIS0_EED1Ev
 *fill*         0x0000000000417cc6        0xa 90909090
 .text._ZNSt8_Rb_treeIllSt9_IdentityIlESt4lessIlESaIlEE8_M_eraseEPSt13_Rb_tree_nodeIlE
                0x0000000000417cd0      0x1bc novoalignCSMPI.a(novoalignmpi.o)
                0x0000000000417cd0                _ZNSt8_Rb_treeIllSt9_IdentityIlESt4lessIlESaIlEE8_M_eraseEPSt13_Rb_tree_nodeIlE
 *fill*         0x0000000000417e8c        0x4 90909090
 .text._ZNSt8_Rb_treeI13simdalignmentS0_St9_IdentityIS0_ESt4lessIS0_ESaIS0_EE8_M_eraseEPSt13_Rb_tree_nodeIS0_E
                0x0000000000417e90      0x1bc novoalignCSMPI.a(novoalignmpi.o)
                0x0000000000417e90                _ZNSt8_Rb_treeI13simdalignmentS0_St9_IdentityIS0_ESt4lessIS0_ESaIS0_EE8_M_eraseEPSt13_Rb_tree_nodeIS0_E
 *fill*         0x000000000041804c        0x4 90909090
 .text._ZN8wmsearchD2Ev
                0x0000000000418050      0xdae novoalignCSMPI.a(novoalignmpi.o)
                0x0000000000418050                _ZN8wmsearchD1Ev
                0x0000000000418050                _ZN8wmsearchD2Ev
 *fill*         0x0000000000418dfe        0x2 90909090
 .text._ZN15novoalign_slaveD2Ev
                0x0000000000418e00      0xdfb novoalignCSMPI.a(novoalignmpi.o)
                0x0000000000418e00                _ZN15novoalign_slaveD1Ev
                0x0000000000418e00                _ZN15novoalign_slaveD2Ev
 *fill*         0x0000000000419bfb        0x5 90909090
 .text._ZN15novoalign_slaveD0Ev
                0x0000000000419c00      0xe05 novoalignCSMPI.a(novoalignmpi.o)
                0x0000000000419c00                _ZN15novoalign_slaveD0Ev
 *fill*         0x000000000041aa05        0xb 90909090
 .text          0x000000000041aa10       0x38 novoalignCSMPI.a(novolib.o)
                0x000000000041aa10                _Z9chkstderrv
 *fill*         0x000000000041aa48        0x8 90909090
 .text          0x000000000041aa50     0x40df novoalignCSMPI.a(novoparam.o)
                0x000000000041aa50                _ZN9novoparamC1ERA2_P8fragdist
                0x000000000041aa50                _ZN9novoparamC2ERA2_P8fragdist
                0x000000000041b120                _ZN9novoparam6manualEv
                0x000000000041b320                _ZN9novoparam9arg_errorEPKcz
                0x000000000041b490                _ZN9novoparam10arg_ignoreEPKc
                0x000000000041b520                _ZN9novoparam11optionIndexEcPcPPKc
                0x000000000041b610                _ZN9novoparam7optargsEiPPcb
                0x000000000041dff0                _ZN9novoparam7setpcalEP12prbcalibrateS1_
                0x000000000041e080                _ZN9novoparam8savepcalEv
                0x000000000041e0f0                _ZN9novoparam8bcmanualEv
                0x000000000041e130                _ZN9novoparam11bcarg_errorEPKc
                0x000000000041e1d0                _ZN9novoparam9bcoptargsEiPPc
                0x000000000041e8f0                _ZN9novoparam7idxloadEPKcb
 *fill*         0x000000000041eb2f        0x1 90909090
 .text          0x000000000041eb30       0x44 novoalignCSMPI.a(posteriorP.o)
                0x000000000041eb30                _ZN10posteriorP10initstaticEv
 *fill*         0x000000000041eb74        0xc 90909090
 .text          0x000000000041eb80     0x1098 novoalignCSMPI.a(prbcalibrateCS.o)
                0x000000000041eb80                _ZN12prbcalibrate5resetEv
                0x000000000041ec30                _ZN12prbcalibrate15recalcpenaltiesEv
                0x000000000041f270                _ZN12prbcalibrateC2Ev
                0x000000000041f270                _ZN12prbcalibrateC1Ev
                0x000000000041f320                _ZN12prbcalibrate12addalignmentEP4nawmiRSs
                0x000000000041f5b0                _ZN12prbcalibrate5addnmEP4nawm
                0x000000000041f6f0                _ZN12prbcalibrate4loadERSsi
                0x000000000041f8c0                _ZN12prbcalibrate4saveERSsi
 *fill*         0x000000000041fc18        0x8 90909090
 .text          0x000000000041fc20      0x3aa novoalignCSMPI.a(prbcalibrateMPI.o)
                0x000000000041fc20                _ZN15prbcalibrateMPI8mmcountsERi
                0x000000000041fcf0                _ZN15prbcalibrateMPI9addcountsEPvi
                0x000000000041fde0                _ZN15prbcalibrateMPI12setpenaltiesEPvi
                0x000000000041feb0                _ZN15prbcalibrateMPI12getpenaltiesERPh
 *fill*         0x000000000041ffca        0x6 90909090
 .text          0x000000000041ffd0      0x460 novoalignCSMPI.a(qualconvert.o)
                0x000000000041ffd0                _ZN11qualconvert7setpsnpEf
 .text          0x0000000000420430      0x856 novoalignCSMPI.a(queryfolder.o)
                0x0000000000420430                _ZN11queryfolder4openEv
                0x0000000000420760                _ZN11queryfolder9isIlmLowQEv
                0x0000000000420770                _ZN11queryfolder5getxyERiS0_S0_RSs
                0x0000000000420880                _ZN11queryfolder10check_hdrsERi
                0x00000000004209a0                _ZN11queryfolder4nextEP8wmsearch
                0x0000000000420b50                _ZN11queryfolder3eofEv
 *fill*         0x0000000000420c86        0xa 90909090
 .text          0x0000000000420c90      0xd38 novoalignCSMPI.a(queryformatCS.o)
                0x0000000000420e10                _ZN11queryformat11checkformatERSsPcR9novoparam
                0x0000000000421820                _ZN11queryformat8qualfileERSs13t_queryformat
 *fill*         0x00000000004219c8        0x8 90909090
 .text          0x00000000004219d0      0xd34 novoalignCSMPI.a(queryreader.o)
                0x00000000004219d0                _ZN11queryreader9nextfastaEv
                0x0000000000421c80                _ZN11queryreader15nextfastanphredEv
                0x00000000004220f0                _ZN11queryreader9nextfastqEv
                0x00000000004224b0                _ZN11queryreader4openE13t_queryformatPKcS2_
 *fill*         0x0000000000422704        0xc 90909090
 .text          0x0000000000422710      0x2b9 novoalignCSMPI.a(queryreaderCS.o)
                0x0000000000422710                _ZN11queryreader4nextEv
                0x00000000004227a0                _ZN11queryreader5setwmEP8wmsearch6t_side
                0x00000000004228e0                _ZN11queryreader10setcsfastaEP8wmsearch6t_side
                0x0000000000422910                _ZN11queryreader13setcsfastanqvEP8wmsearch6t_side
                0x0000000000422950                _ZN11queryreader10setcsfastqEP8wmsearch6t_side
                0x0000000000422990                _ZN11queryreader9setbfastqEP8wmsearch6t_side
 *fill*         0x00000000004229c9        0x7 90909090
 .text          0x00000000004229d0      0x51e novoalignCSMPI.a(reporter.o)
                0x00000000004229d0                _ZN8reporter4finiEv
                0x0000000000422b40                _ZN8reporter10getdetailsEv
 *fill*         0x0000000000422eee        0x2 90909090
 .text._ZN8reporter8lowqreadEP8wmsearch6t_side
                0x0000000000422ef0       0x1b novoalignCSMPI.a(reporter.o)
                0x0000000000422ef0                _ZN8reporter8lowqreadEP8wmsearch6t_side
 *fill*         0x0000000000422f0b        0x5 90909090
 .text._ZN8reporter9polyAreadEP8wmsearch6t_side
                0x0000000000422f10       0x1b novoalignCSMPI.a(reporter.o)
                0x0000000000422f10                _ZN8reporter9polyAreadEP8wmsearch6t_side
 *fill*         0x0000000000422f2b        0x5 90909090
 .text._ZN8reporter8noresultEP8wmsearch6t_side
                0x0000000000422f30       0x13 novoalignCSMPI.a(reporter.o)
                0x0000000000422f30                _ZN8reporter8noresultEP8wmsearch6t_side
 *fill*         0x0000000000422f43        0xd 90909090
 .text._ZN8reporter11reportpairsEP8wmsearch
                0x0000000000422f50       0x5d novoalignCSMPI.a(reporter.o)
                0x0000000000422f50                _ZN8reporter11reportpairsEP8wmsearch
 *fill*         0x0000000000422fad        0x3 90909090
 .text._ZN8reporter7resultsEP8wmsearch6t_side
                0x0000000000422fb0       0xb9 novoalignCSMPI.a(reporter.o)
                0x0000000000422fb0                _ZN8reporter7resultsEP8wmsearch6t_side
 *fill*         0x0000000000423069        0x7 90909090
 .text._ZN8reporterD2Ev
                0x0000000000423070      0x5d9 novoalignCSMPI.a(reporter.o)
                0x0000000000423070                _ZN8reporterD2Ev
                0x0000000000423070                _ZN8reporterD1Ev
 *fill*         0x0000000000423649        0x7 90909090
 .text._ZN8reporterD0Ev
                0x0000000000423650      0x5e5 novoalignCSMPI.a(reporter.o)
                0x0000000000423650                _ZN8reporterD0Ev
 *fill*         0x0000000000423c35        0xb 90909090
 .text          0x0000000000423c40     0x1c53 novoalignCSMPI.a(rptNative.o)
                0x0000000000423c40                _ZN9rptNative5rptNMEPKci
                0x0000000000423e20                _ZN9rptNative7rptlocnEv
                0x0000000000423f50                _ZN9rptNative11rptpairlocnEv
                0x0000000000424330                _ZN9rptNative11rptmismatchEv
                0x0000000000424830                _ZN9rptNative8rptalignEPKci
                0x0000000000424b60                _ZN9rptNative11reportpairsEP8wmsearch
                0x00000000004256a0                _ZN9rptNative7resultsEP8wmsearch6t_side
 *fill*         0x0000000000425893        0xd 90909090
 .text._ZN9rptNativeD0Ev
                0x00000000004258a0      0x5e5 novoalignCSMPI.a(rptNative.o)
                0x00000000004258a0                _ZN9rptNativeD0Ev
 *fill*         0x0000000000425e85        0xb 90909090
 .text._ZN9rptNativeD2Ev
                0x0000000000425e90      0x5d9 novoalignCSMPI.a(rptNative.o)
                0x0000000000425e90                _ZN9rptNativeD1Ev
                0x0000000000425e90                _ZN9rptNativeD2Ev
 *fill*         0x0000000000426469        0x7 90909090
 .text._ZN9rptNative8noresultEP8wmsearch6t_side
                0x0000000000426470       0x1e novoalignCSMPI.a(rptNative.o)
                0x0000000000426470                _ZN9rptNative8noresultEP8wmsearch6t_side
 *fill*         0x000000000042648e        0x2 90909090
 .text._ZN9rptNative9polyAreadEP8wmsearch6t_side
                0x0000000000426490       0x34 novoalignCSMPI.a(rptNative.o)
                0x0000000000426490                _ZN9rptNative9polyAreadEP8wmsearch6t_side
 *fill*         0x00000000004264c4        0xc 90909090
 .text._ZN9rptNative8lowqreadEP8wmsearch6t_side
                0x00000000004264d0       0x34 novoalignCSMPI.a(rptNative.o)
                0x00000000004264d0                _ZN9rptNative8lowqreadEP8wmsearch6t_side
 *fill*         0x0000000000426504        0xc 90909090
 .text          0x0000000000426510     0x31b8 novoalignCSMPI.a(rptSAM.o)
                0x0000000000426510                _ZN6rptSAM6dbinfoEv
                0x00000000004266b0                _ZN6rptSAM5startEiPPciiPKc
                0x00000000004269d0                _ZN6rptSAM10rptreadhdrEv
                0x0000000000426cc0                _ZN6rptSAM17strandprimarymateEv
                0x0000000000426d90                _ZN6rptSAM18rptprimarymatelocnEP9seqheader
                0x00000000004270a0                _ZN6rptSAM5rptNMEPKci
                0x00000000004274b0                _ZN6rptSAM23rptprimaryalignmentlocnEP9seqheader
                0x00000000004276c0                _ZN6rptSAM11rptpairlocnEv
                0x0000000000427980                _ZN6rptSAM8rptcigarEv
                0x0000000000427fe0                _ZN6rptSAM8rptalignEPKci6t_side
                0x0000000000428dc0                _ZN6rptSAM11reportpairsEP8wmsearch
                0x0000000000429470                _ZN6rptSAM7resultsEP8wmsearch6t_side
 *fill*         0x00000000004296c8        0x8 90909090
 .text._ZN6rptSAMD0Ev
                0x00000000004296d0      0x81b novoalignCSMPI.a(rptSAM.o)
                0x00000000004296d0                _ZN6rptSAMD0Ev
 *fill*         0x0000000000429eeb        0x5 90909090
 .text._ZN6rptSAMD2Ev
                0x0000000000429ef0      0x80f novoalignCSMPI.a(rptSAM.o)
                0x0000000000429ef0                _ZN6rptSAMD2Ev
                0x0000000000429ef0                _ZN6rptSAMD1Ev
 *fill*         0x000000000042a6ff        0x1 90909090
 .text._ZN6rptSAM12stringprintfERSsPKcz
                0x000000000042a700       0xc5 novoalignCSMPI.a(rptSAM.o)
                0x000000000042a700                _ZN6rptSAM12stringprintfERSsPKcz
 *fill*         0x000000000042a7c5        0xb 90909090
 .text._ZN6rptSAM8noresultEP8wmsearch6t_side
                0x000000000042a7d0       0x21 novoalignCSMPI.a(rptSAM.o)
                0x000000000042a7d0                _ZN6rptSAM8noresultEP8wmsearch6t_side
 *fill*         0x000000000042a7f1        0xf 90909090
 .text._ZN6rptSAM9polyAreadEP8wmsearch6t_side
                0x000000000042a800       0x29 novoalignCSMPI.a(rptSAM.o)
                0x000000000042a800                _ZN6rptSAM9polyAreadEP8wmsearch6t_side
 *fill*         0x000000000042a829        0x7 90909090
 .text._ZN6rptSAM8lowqreadEP8wmsearch6t_side
                0x000000000042a830       0x29 novoalignCSMPI.a(rptSAM.o)
                0x000000000042a830                _ZN6rptSAM8lowqreadEP8wmsearch6t_side
 *fill*         0x000000000042a859        0x7 90909090
 .text          0x000000000042a860      0x4f5 novoalignCSMPI.a(TThread.o)
                0x000000000042a860                _run_thread
                0x000000000042a8b0                _ZN7TThreadD0Ev
                0x000000000042a960                _ZN7TThreadD1Ev
                0x000000000042a960                _ZN7TThreadD2Ev
                0x000000000042aa00                _ZN7TThreadC1Ei
                0x000000000042aa00                _ZN7TThreadC2Ei
                0x000000000042aa50                _ZN7TThread13set_thread_noEi
                0x000000000042aa60                _ZN7TThread6createEbbm
                0x000000000042abd0                _ZN7TThread6detachEv
                0x000000000042ac20                _ZN7TThread4joinEv
                0x000000000042ac70                _ZN7TThread6cancelEv
                0x000000000042acc0                _ZN7TThread4exitEv
                0x000000000042ace0                _ZN7TThread5sleepEd
                0x000000000042ad50                _ZN6TMutex4lockEv
 *fill*         0x000000000042ad55        0xb 90909090
 .text          0x000000000042ad60      0x9a3 novoalignCSMPI.a(TThreadPool.o)
                0x000000000042ad60                _ZN11TThreadPool4TJobD1Ev
                0x000000000042ad60                _ZN11TThreadPool4TJobD2Ev
                0x000000000042ae50                _ZN11TThreadPool4TJobD0Ev
                0x000000000042ae70                _ZN11TThreadPool4syncEPNS_4TJobE
                0x000000000042aea0                _ZN11TThreadPool8sync_allEv
                0x000000000042aef0                _ZN11TThreadPool8get_idleEv
                0x000000000042af90                _ZN11TThreadPool3runEPNS_4TJobEPvb
                0x000000000042b050                _ZN11TThreadPool11append_idleEP8TPoolThr
                0x000000000042b0f0                _Z6tp_runPN11TThreadPool4TJobEPvb
                0x000000000042b1c0                _Z7tp_syncPN11TThreadPool4TJobE
                0x000000000042b1f0                _Z11tp_sync_allv
                0x000000000042b240                _ZN11TThreadPoolD2Ev
                0x000000000042b240                _ZN11TThreadPoolD1Ev
                0x000000000042b3d0                _Z7tp_donev
                0x000000000042b400                _ZN11TThreadPoolC1Ejm
                0x000000000042b400                _ZN11TThreadPoolC2Ejm
                0x000000000042b660                _Z7tp_initjm
 *fill*         0x000000000042b703        0xd 90909090
 .text._ZN8TPoolThrD2Ev
                0x000000000042b710       0x55 novoalignCSMPI.a(TThreadPool.o)
                0x000000000042b710                _ZN8TPoolThrD2Ev
                0x000000000042b710                _ZN8TPoolThrD1Ev
 *fill*         0x000000000042b765        0xb 90909090
 .text._ZN8TPoolThrD0Ev
                0x000000000042b770       0x5d novoalignCSMPI.a(TThreadPool.o)
                0x000000000042b770                _ZN8TPoolThrD0Ev
 *fill*         0x000000000042b7cd        0x3 90909090
 .text._ZN10TConditionD2Ev
                0x000000000042b7d0       0x1f novoalignCSMPI.a(TThreadPool.o)
                0x000000000042b7d0                _ZN10TConditionD1Ev
                0x000000000042b7d0                _ZN10TConditionD2Ev
 *fill*         0x000000000042b7ef        0x1 90909090
 .text._ZN8TPoolThr3runEv
                0x000000000042b7f0      0x108 novoalignCSMPI.a(TThreadPool.o)
                0x000000000042b7f0                _ZN8TPoolThr3runEv
 *fill*         0x000000000042b8f8        0x8 90909090
 .text._ZN3sllIP8TPoolThrED2Ev
                0x000000000042b900       0x53 novoalignCSMPI.a(TThreadPool.o)
                0x000000000042b900                _ZN3sllIP8TPoolThrED2Ev
                0x000000000042b900                _ZN3sllIP8TPoolThrED1Ev
 *fill*         0x000000000042b953        0xd 90909090
 .text          0x000000000042b960       0xf5 novoalignCSMPI.a(TTimer.o)
                0x000000000042b960                _ZN6TTimer11system_timeEv
 *fill*         0x000000000042ba55        0xb 90909090
 .text          0x000000000042ba60     0xe893 novoalignCSMPI.a(wmsearch.o)