Archive member included because of file (symbol)

novoalignMPI.a(novoalignMPI_main.o)
                              /usr/lib/gcc/x86_64-linux-gnu/4.6.1/../../../x86_64-linux-gnu/crt1.o (main)
novoalignMPI.a(fragdist.o)    novoalignMPI.a(novoalignMPI_main.o) (_ZN8fragdist11addfragmentEi)
novoalignMPI.a(indelstats.o)  novoalignMPI.a(novoalignMPI_main.o) (_ZN10indelStats4saveERSsS0_)
novoalignMPI.a(ksgroups.o)    novoalignMPI.a(novoalignMPI_main.o) (_ZN7ksgroupD1Ev)
novoalignMPI.a(ksindex.o)     novoalignMPI.a(ksgroups.o) (_ZN9seqheader6headerER7ksindex)
novoalignMPI.a(novoalignmpi.o)
                              novoalignMPI.a(novoalignMPI_main.o) (_ZTV12novoalignmpi)
novoalignMPI.a(novoparam.o)   novoalignMPI.a(novoalignmpi.o) (_ZN9novoparam7optargsEiPPcb)
novoalignMPI.a(novolib.o)     novoalignMPI.a(novoalignmpi.o) (_Z9chkstderrv)
novoalignMPI.a(posteriorP.o)  novoalignMPI.a(novoalignmpi.o) (_ZN10posteriorP10initstaticEv)
novoalignMPI.a(prbcalibrate.o)
                              novoalignMPI.a(novoalignmpi.o) (_ZN12prbcalibrate15recalcpenaltiesEv)
novoalignMPI.a(prbcalibrateMPI.o)
                              novoalignMPI.a(novoalignmpi.o) (_ZN15prbcalibrateMPI8mmcountsERi)
novoalignMPI.a(qualconvert.o)
                              novoalignMPI.a(novoparam.o) (_ZN11qualconvert11notphred3scE)
novoalignMPI.a(queryfolder.o)
                              novoalignMPI.a(novoalignmpi.o) (_ZN11queryfolder4openEv)
novoalignMPI.a(queryreader.o)
                              novoalignMPI.a(queryfolder.o) (_ZN11queryreader4openE13t_queryformatPKcS2_)
novoalignMPI.a(queryreaderBS.o)
                              novoalignMPI.a(queryfolder.o) (_ZN11queryreader5setwmEP8wmsearch6t_side)
novoalignMPI.a(queryformat.o)
                              novoalignMPI.a(queryfolder.o) (_ZN11queryformat11checkformatERSsPcR9novoparam)
novoalignMPI.a(reporter.o)    novoalignMPI.a(novoalignmpi.o) (_ZN8reporter4finiEv)
novoalignMPI.a(rptNative.o)   novoalignMPI.a(novoalignmpi.o) (_ZTV9rptNative)
novoalignMPI.a(rptSAM.o)      novoalignMPI.a(novoalignmpi.o) (_ZTV6rptSAM)
novoalignMPI.a(TThread.o)     novoalignMPI.a(fragdist.o) (_ZN6TMutex4lockEv)
novoalignMPI.a(TThreadPool.o)
                              novoalignMPI.a(novoalignmpi.o) (_ZN11TThreadPool4TJobD2Ev)
novoalignMPI.a(TTimer.o)      novoalignMPI.a(novoalignmpi.o) (_ZN6TTimer11system_timeEv)
novoalignMPI.a(wmsearch.o)    novoalignMPI.a(novoalignmpi.o) (_ZN8wmsearch6searchE6t_side)
novoalignMPI.a(linkdate.o)    novoalignMPI.a(novoalignmpi.o) (linktime)
novoalignMPI.a(amplicons.o)   novoalignMPI.a(reporter.o) (_ZN9amplicons20reportAmpliconCountsEP8_IO_FILE)
novoalignMPI.a(filehandle.o)  novoalignMPI.a(queryreader.o) (_ZN10filehandle6ispipeEv)
novoalignMPI.a(findamate.o)   novoalignMPI.a(wmsearch.o) (_ZN9findamate5alignEbP4nawmPciPhS3_i)
novoalignMPI.a(fragdistMPI.o)
                              novoalignMPI.a(novoalignmpi.o) (_ZN11fragdistMPI12setpenaltiesEPvi)
novoalignMPI.a(iubcodes.o)    novoalignMPI.a(novoparam.o) (asciitoiub)
novoalignMPI.a(keygen.o)      novoalignMPI.a(wmsearch.o) (_ZN6keygen5nextxEv)
novoalignMPI.a(license.o)     novoalignMPI.a(novoalignmpi.o) (_ZN7license11readlicenseEPcS0_)
novoalignMPI.a(nawm.o)        novoalignMPI.a(novoalignmpi.o) (_ZN4nawm18setIlluminaQualityEv)
novoalignMPI.a(needle.o)      novoalignMPI.a(wmsearch.o) (_ZN6needle5alignEP4nawmPhiR9splitread)
novoalignMPI.a(pe_adapter.o)  novoalignMPI.a(wmsearch.o) (_ZN10pe_adapter16pe_strip_adapterEP8wmsearch)
novoalignMPI.a(qryopt.o)      novoalignMPI.a(wmsearch.o) (_ZN6qryopt8optimiseEliiN7ksindex5indexEP6keygen)
novoalignMPI.a(se_adapter.o)  novoalignMPI.a(nawm.o) (_ZN10se_adapter16se_strip_adapterEP4nawmPKc)
novoalignMPI.a(shortnw.o)     novoalignMPI.a(wmsearch.o) (_ZN7shortnw6optmxgEi)
novoalignMPI.a(tabbed.o)      novoalignMPI.a(amplicons.o) (_ZN6tabbed13setfromstringERKSs)
bamtools/bamtools.a(BamAlignment.o)
                              novoalignMPI.a(novoalignmpi.o) (_ZNK8BamTools12BamAlignment11IsFirstMateEv)
bamtools/bamtools.a(BamReader.o)
                              novoalignMPI.a(queryfolder.o) (_ZNK8BamTools9BamReader13GetHeaderTextEv)
bamtools/bamtools.a(BamReader_p.o)
                              bamtools/bamtools.a(BamReader.o) (_ZN8BamTools8Internal16BamReaderPrivate5CloseEv)
bamtools/bamtools.a(BamHeader_p.o)
                              bamtools/bamtools.a(BamReader_p.o) (_ZN8BamTools8Internal9BamHeader5ClearEv)
bamtools/bamtools.a(BamRandomAccessController_p.o)
                              bamtools/bamtools.a(BamReader_p.o) (_ZNK8BamTools8Internal25BamRandomAccessController14AlignmentStateERKNS_12BamAlignmentE)
bamtools/bamtools.a(BgzfStream_p.o)
                              bamtools/bamtools.a(BamReader_p.o) (_ZN8BamTools8Internal10BgzfStream5CloseEv)
bamtools/bamtools.a(SamHeader.o)
                              bamtools/bamtools.a(BamHeader_p.o) (_ZN8BamTools9SamHeader5ClearEv)
bamtools/bamtools.a(BamIndexFactory_p.o)
[...]
Memory Configuration

Name             Origin             Length             Attributes
*default*        0x0000000000000000 0xffffffffffffffff

Linker script and memory map

LOAD /usr/lib/gcc/x86_64-linux-gnu/4.6.1/../../../x86_64-linux-gnu/crt1.o
LOAD /usr/lib/gcc/x86_64-linux-gnu/4.6.1/../../../x86_64-linux-gnu/crti.o
LOAD /usr/lib/gcc/x86_64-linux-gnu/4.6.1/crtbegin.o
LOAD mpidriver.o
LOAD trace.o
LOAD novoalignMPI.a
LOAD bamtools/bamtools.a
LOAD ./tcmalloc/libtcmalloc.a
LOAD ./unwind/libunwind.a
LOAD /usr/lib/gcc/x86_64-linux-gnu/4.6.1/../../../x86_64-linux-gnu/libcrypto.so
LOAD /usr/lib/gcc/x86_64-linux-gnu/4.6.1/../../../x86_64-linux-gnu/libz.so
LOAD /usr/lib/gcc/x86_64-linux-gnu/4.6.1/../../../../lib/libbz2.so
LOAD /usr/lib/gcc/x86_64-linux-gnu/4.6.1/../../../x86_64-linux-gnu/libdl.so
LOAD /usr/local/lib/libmpichcxx.so
LOAD /usr/local/lib/libmpich.so
LOAD /usr/local/lib/libopa.so
LOAD /usr/local/lib/libmpl.so
LOAD /usr/lib/gcc/x86_64-linux-gnu/4.6.1/../../../x86_64-linux-gnu/librt.so
LOAD /usr/lib/gcc/x86_64-linux-gnu/4.6.1/../../../x86_64-linux-gnu/libpthread.so
START GROUP
LOAD /lib/x86_64-linux-gnu/libpthread.so.0
LOAD /usr/lib/x86_64-linux-gnu/libpthread_nonshared.a
END GROUP
LOAD /usr/lib/gcc/x86_64-linux-gnu/4.6.1/libstdc++.so
LOAD /usr/lib/gcc/x86_64-linux-gnu/4.6.1/../../../x86_64-linux-gnu/libm.so
LOAD /usr/lib/gcc/x86_64-linux-gnu/4.6.1/libgcc_s.so
LOAD /usr/lib/gcc/x86_64-linux-gnu/4.6.1/libgcc.a
LOAD /usr/lib/gcc/x86_64-linux-gnu/4.6.1/../../../x86_64-linux-gnu/libpthread.so
START GROUP
LOAD /lib/x86_64-linux-gnu/libpthread.so.0
LOAD /usr/lib/x86_64-linux-gnu/libpthread_nonshared.a
END GROUP
LOAD /usr/lib/gcc/x86_64-linux-gnu/4.6.1/../../../x86_64-linux-gnu/libc.so
START GROUP
LOAD /lib/x86_64-linux-gnu/libc.so.6
LOAD /usr/lib/x86_64-linux-gnu/libc_nonshared.a
LOAD /lib/x86_64-linux-gnu/ld-linux-x86-64.so.2
END GROUP
LOAD /usr/lib/gcc/x86_64-linux-gnu/4.6.1/libgcc_s.so
LOAD /usr/lib/gcc/x86_64-linux-gnu/4.6.1/libgcc.a
LOAD /usr/lib/gcc/x86_64-linux-gnu/4.6.1/crtend.o
LOAD /usr/lib/gcc/x86_64-linux-gnu/4.6.1/../../../x86_64-linux-gnu/crtn.o
                0x0000000000400000                PROVIDE (__executable_start, 0x400000)
                0x0000000000400270                . = (0x400000 + SIZEOF_HEADERS)

.interp         0x0000000000400270       0x1c
 *(.interp)
 .interp        0x0000000000400270       0x1c /usr/lib/gcc/x86_64-linux-gnu/4.6.1/../../../x86_64-linux-gnu/crt1.o

.note.ABI-tag   0x000000000040028c       0x20
 .note.ABI-tag  0x000000000040028c       0x20 /usr/lib/gcc/x86_64-linux-gnu/4.6.1/../../../x86_64-linux-gnu/crt1.o

.note.gnu.build-id
                0x00000000004002ac       0x24
 *(.note.gnu.build-id)
 .note.gnu.build-id
                0x00000000004002ac       0x24 /usr/lib/gcc/x86_64-linux-gnu/4.6.1/../../../x86_64-linux-gnu/crt1.o

.hash
 *(.hash)

.gnu.hash       0x00000000004002d0      0x530
 *(.gnu.hash)
 .gnu.hash      0x00000000004002d0      0x530 /usr/lib/gcc/x86_64-linux-gnu/4.6.1/../../../x86_64-linux-gnu/crt1.o

.dynsym         0x0000000000400800     0x2a30
 *(.dynsym)
 .dynsym        0x0000000000400800     0x2a30 /usr/lib/gcc/x86_64-linux-gnu/4.6.1/../../../x86_64-linux-gnu/crt1.o

.dynstr         0x0000000000403230     0x26ca
 *(.dynstr)
 .dynstr        0x0000000000403230     0x26ca /usr/lib/gcc/x86_64-linux-gnu/4.6.1/../../../x86_64-linux-gnu/crt1.o

.gnu.version    0x00000000004058fa      0x384
 *(.gnu.version)
 .gnu.version   0x00000000004058fa      0x384 /usr/lib/gcc/x86_64-linux-gnu/4.6.1/../../../x86_64-linux-gnu/crt1.o

.gnu.version_d  0x0000000000405c80        0x0
 *(.gnu.version_d)
 .gnu.version_d
                0x0000000000000000        0x0 /usr/lib/gcc/x86_64-linux-gnu/4.6.1/../../../x86_64-linux-gnu/crt1.o

.gnu.version_r  0x0000000000405c80      0x170
 *(.gnu.version_r)
 .gnu.version_r
                0x0000000000405c80      0x170 /usr/lib/gcc/x86_64-linux-gnu/4.6.1/../../../x86_64-linux-gnu/crt1.o

.rela.dyn       0x0000000000405df0      0xb10
 *(.rela.init)
 *(.rela.text .rela.text.* .rela.gnu.linkonce.t.*)
 .rela.text     0x0000000000000000        0x0 /usr/lib/gcc/x86_64-linux-gnu/4.6.1/../../../x86_64-linux-gnu/crt1.o
 .rela.text._ZN6TMutexD2Ev
                0x0000000000000000        0x0 /usr/lib/gcc/x86_64-linux-gnu/4.6.1/../../../x86_64-linux-gnu/crt1.o
 .rela.text._ZN10alignstats6reportEP8_IO_FILE
                0x0000000000000000        0x0 /usr/lib/gcc/x86_64-linux-gnu/4.6.1/../../../x86_64-linux-gnu/crt1.o
 .rela.text._ZN6TMutexC2Ev
                0x0000000000000000        0x0 /usr/lib/gcc/x86_64-linux-gnu/4.6.1/../../../x86_64-linux-gnu/crt1.o
 .rela.text._ZN8fragdistD2Ev
                0x0000000000000000        0x0 /usr/lib/gcc/x86_64-linux-gnu/4.6.1/../../../x86_64-linux-gnu/crt1.o
 .rela.text._ZN9novoparamUt0_D2Ev
                0x0000000000000000        0x0 /usr/lib/gcc/x86_64-linux-gnu/4.6.1/../../../x86_64-linux-gnu/crt1.o
 .rela.text._ZN9novoparamD2Ev
                0x0000000000000000        0x0 /usr/lib/gcc/x86_64-linux-gnu/4.6.1/../../../x86_64-linux-gnu/crt1.o
 .rela.text._ZN11fragdistMPIC2Ev
                0x0000000000000000        0x0 /usr/lib/gcc/x86_64-linux-gnu/4.6.1/../../../x86_64-linux-gnu/crt1.o
 .rela.text.startup
                0x0000000000000000        0x0 /usr/lib/gcc/x86_64-linux-gnu/4.6.1/../../../x86_64-linux-gnu/crt1.o
 .rela.text._Z12grp_lessnameRK8seqgroupS1_
                0x0000000000000000        0x0 /usr/lib/gcc/x86_64-linux-gnu/4.6.1/../../../x86_64-linux-gnu/crt1.o
 .rela.text._ZNSt6vectorI8seqgroupSaIS0_EE13_M_insert_auxEN9__gnu_cxx17__normal_iteratorIPS0_S2_EERKS0_
                0x0000000000000000        0x0 /usr/lib/gcc/x86_64-linux-gnu/4.6.1/../../../x86_64-linux-gnu/crt1.o
 .rela.text._ZSt16__insertion_sortIN9__gnu_cxx17__normal_iteratorIP8seqgroupSt6vectorIS2_SaIS2_EEEEEvT_S8_
                0x0000000000000000        0x0 /usr/lib/gcc/x86_64-linux-gnu/4.6.1/../../../x86_64-linux-gnu/crt1.o
 .rela.text._ZSt13__heap_selectIN9__gnu_cxx17__normal_iteratorIP8seqgroupSt6vectorIS2_SaIS2_EEEEEvT_S8_S8_
                0x0000000000000000        0x0 /usr/lib/gcc/x86_64-linux-gnu/4.6.1/../../../x86_64-linux-gnu/crt1.o
 .rela.text._ZSt16__introsort_loopIN9__gnu_cxx17__normal_iteratorIP8seqgroupSt6vectorIS2_SaIS2_EEEElEvT_S8_T0_
                0x0000000000000000        0x0 /usr/lib/gcc/x86_64-linux-gnu/4.6.1/../../../x86_64-linux-gnu/crt1.o
 .rela.text._ZN8reporter8filetypeEPKc
                0x0000000000000000        0x0 /usr/lib/gcc/x86_64-linux-gnu/4.6.1/../../../x86_64-linux-gnu/crt1.o
 .rela.text._ZN8reporter6dbinfoEv
                0x0000000000000000        0x0 /usr/lib/gcc/x86_64-linux-gnu/4.6.1/../../../x86_64-linux-gnu/crt1.o
 .rela.text._ZN8reporter5startEiPPciiPKc
                0x0000000000000000        0x0 /usr/lib/gcc/x86_64-linux-gnu/4.6.1/../../../x86_64-linux-gnu/crt1.o
 .rela.text._ZN10pe_adapterD2Ev
                0x0000000000000000        0x0 /usr/lib/gcc/x86_64-linux-gnu/4.6.1/../../../x86_64-linux-gnu/crt1.o
 .rela.text._ZN12alignmentrptD2Ev
                0x0000000000000000        0x0 /usr/lib/gcc/x86_64-linux-gnu/4.6.1/../../../x86_64-linux-gnu/crt1.o
 .rela.text._ZN8rptBlastD2Ev
                0x0000000000000000        0x0 /usr/lib/gcc/x86_64-linux-gnu/4.6.1/../../../x86_64-linux-gnu/crt1.o
 .rela.text._ZN8rptBlastD0Ev
                0x0000000000000000        0x0 /usr/lib/gcc/x86_64-linux-gnu/4.6.1/../../../x86_64-linux-gnu/crt1.o
 .rela.text._ZN8reporter9rptprintfEPKcz
                0x0000000000000000        0x0 /usr/lib/gcc/x86_64-linux-gnu/4.6.1/../../../x86_64-linux-gnu/crt1.o
 .rela.text._ZN8rptBlast7resultsEP8wmsearch6t_side
                0x0000000000000000        0x0 /usr/lib/gcc/x86_64-linux-gnu/4.6.1/../../../x86_64-linux-gnu/crt1.o
 .rela.text._ZN8rptBlast9polyAreadEP8wmsearch6t_side
                0x0000000000000000        0x0 /usr/lib/gcc/x86_64-linux-gnu/4.6.1/../../../x86_64-linux-gnu/crt1.o
 .rela.text._ZN8rptBlast8noresultEP8wmsearch6t_side
                0x0000000000000000        0x0 /usr/lib/gcc/x86_64-linux-gnu/4.6.1/../../../x86_64-linux-gnu/crt1.o
 .rela.text._ZN8rptBlast8lowqreadEP8wmsearch6t_side
                0x0000000000000000        0x0 /usr/lib/gcc/x86_64-linux-gnu/4.6.1/../../../x86_64-linux-gnu/crt1.o
 .rela.text._ZN8rptBlast11reportpairsEP8wmsearch
                0x0000000000000000        0x0 /usr/lib/gcc/x86_64-linux-gnu/4.6.1/../../../x86_64-linux-gnu/crt1.o
 .rela.text._ZN11queryreaderD2Ev
                0x0000000000000000        0x0 /usr/lib/gcc/x86_64-linux-gnu/4.6.1/../../../x86_64-linux-gnu/crt1.o
 .rela.text._ZN14queryfoldermpi4nextEv
                0x0000000000000000        0x0 /usr/lib/gcc/x86_64-linux-gnu/4.6.1/../../../x86_64-linux-gnu/crt1.o
 .rela.text._ZNSt6vectorI13simdalignmentSaIS0_EED2Ev
                0x0000000000000000        0x0 /usr/lib/gcc/x86_64-linux-gnu/4.6.1/../../../x86_64-linux-gnu/crt1.o
 .rela.text._ZNSt6vectorI12alignmentrptSaIS0_EED2Ev
                0x0000000000000000        0x0 /usr/lib/gcc/x86_64-linux-gnu/4.6.1/../../../x86_64-linux-gnu/crt1.o
 .rela.text._ZNSt8_Rb_treeIllSt9_IdentityIlESt4lessIlESaIlEE8_M_eraseEPSt13_Rb_tree_nodeIlE
                0x0000000000000000        0x0 /usr/lib/gcc/x86_64-linux-gnu/4.6.1/../../../x86_64-linux-gnu/crt1.o
 .rela.text._ZNSt8_Rb_treeI13simdalignmentS0_St9_IdentityIS0_ESt4lessIS0_ESaIS0_EE8_M_eraseEPSt13_Rb_tree_nodeIS0_E
                0x0000000000000000        0x0 /usr/lib/gcc/x86_64-linux-gnu/4.6.1/../../../x86_64-linux-gnu/crt1.o
 .rela.text._ZN8wmsearchD2Ev
                0x0000000000000000        0x0 /usr/lib/gcc/x86_64-linux-gnu/4.6.1/../../../x86_64-linux-gnu/crt1.o
 .rela.text._ZN15novoalign_slaveD2Ev
                0x0000000000000000        0x0 /usr/lib/gcc/x86_64-linux-gnu/4.6.1/../../../x86_64-linux-gnu/crt1.o
 .rela.text._ZN15novoalign_slaveD0Ev
                0x0000000000000000        0x0 /usr/lib/gcc/x86_64-linux-gnu/4.6.1/../../../x86_64-linux-gnu/crt1.o
 .rela.text._ZSt8_DestroyIPN9amplicons8ampliconEEvT_S3_
                0x0000000000000000        0x0 /usr/lib/gcc/x86_64-linux-gnu/4.6.1/../../../x86_64-linux-gnu/crt1.o
 .rela.text._ZN8reporterD2Ev
                0x0000000000000000        0x0 /usr/lib/gcc/x86_64-linux-gnu/4.6.1/../../../x86_64-linux-gnu/crt1.o
 .rela.text._ZN8reporterD0Ev
                0x0000000000000000        0x0 /usr/lib/gcc/x86_64-linux-gnu/4.6.1/../../../x86_64-linux-gnu/crt1.o
 .rela.text._ZN12alignmentrpt9sidealignD2Ev
                0x0000000000000000        0x0 /usr/lib/gcc/x86_64-linux-gnu/4.6.1/../../../x86_64-linux-gnu/crt1.o
 .rela.text._ZN9rptNativeD2Ev
                0x0000000000000000        0x0 /usr/lib/gcc/x86_64-linux-gnu/4.6.1/../../../x86_64-linux-gnu/crt1.o
 .rela.text._ZN9rptNativeD0Ev
                0x0000000000000000        0x0 /usr/lib/gcc/x86_64-linux-gnu/4.6.1/../../../x86_64-linux-gnu/crt1.o
 .rela.text._ZN6rptSAMD0Ev
                0x0000000000000000        0x0 /usr/lib/gcc/x86_64-linux-gnu/4.6.1/../../../x86_64-linux-gnu/crt1.o
 .rela.text._ZN6rptSAMD2Ev
                0x0000000000000000        0x0 /usr/lib/gcc/x86_64-linux-gnu/4.6.1/../../../x86_64-linux-gnu/crt1.o
 .rela.text._ZN6rptSAM12stringprintfERSsPKcz
                0x0000000000000000        0x0 /usr/lib/gcc/x86_64-linux-gnu/4.6.1/../../../x86_64-linux-gnu/crt1.o
 .rela.text._ZN8TPoolThrD2Ev
                0x0000000000000000        0x0 /usr/lib/gcc/x86_64-linux-gnu/4.6.1/../../../x86_64-linux-gnu/crt1.o
 .rela.text._ZN8TPoolThrD0Ev
                0x0000000000000000        0x0 /usr/lib/gcc/x86_64-linux-gnu/4.6.1/../../../x86_64-linux-gnu/crt1.o
 .rela.text._ZN10TConditionD2Ev
                0x0000000000000000        0x0 /usr/lib/gcc/x86_64-linux-gnu/4.6.1/../../../x86_64-linux-gnu/crt1.o
 .rela.text._ZN8TPoolThr3runEv
                0x0000000000000000        0x0 /usr/lib/gcc/x86_64-linux-gnu/4.6.1/../../../x86_64-linux-gnu/crt1.o
 .rela.text._ZN3sllIP8TPoolThrED2Ev
                0x0000000000000000        0x0 /usr/lib/gcc/x86_64-linux-gnu/4.6.1/../../../x86_64-linux-gnu/crt1.o
 .rela.text._ZN12alignmentrptC2ERKS_
                0x0000000000000000        0x0 /usr/lib/gcc/x86_64-linux-gnu/4.6.1/../../../x86_64-linux-gnu/crt1.o
 .rela.text._ZNSt8_Rb_treeIllSt9_IdentityIlESt4lessIlESaIlEE16_M_insert_uniqueERKl
                0x0000000000000000        0x0 /usr/lib/gcc/x86_64-linux-gnu/4.6.1/../../../x86_64-linux-gnu/crt1.o
 .rela.text._ZNSt6vectorI13simdalignmentSaIS0_EE13_M_insert_auxEN9__gnu_cxx17__normal_iteratorIPS0_S2_EERKS0_
                0x0000000000000000        0x0 /usr/lib/gcc/x86_64-linux-gnu/4.6.1/../../../x86_64-linux-gnu/crt1.o
 .rela.text._ZN12alignmentrptaSERKS_
                0x0000000000000000        0x0 /usr/lib/gcc/x86_64-linux-gnu/4.6.1/../../../x86_64-linux-gnu/crt1.o
 .rela.text._ZSt16__insertion_sortIN9__gnu_cxx17__normal_iteratorIP12alignmentrptSt6vectorIS2_SaIS2_EEEEPFbRKS2_S9_EEvT_SC_T0_
                0x0000000000000000        0x0 /usr/lib/gcc/x86_64-linux-gnu/4.6.1/../../../x86_64-linux-gnu/crt1.o
 .rela.text._ZNSt6vectorI12alignmentrptSaIS0_EE14_M_fill_insertEN9__gnu_cxx17__normal_iteratorIPS0_S2_EEmRKS0_
                0x0000000000000000        0x0 /usr/lib/gcc/x86_64-linux-gnu/4.6.1/../../../x86_64-linux-gnu/crt1.o
 .rela.text._ZNSt8_Rb_treeI13simdalignmentS0_St9_IdentityIS0_ESt4lessIS0_ESaIS0_EE10_M_insert_EPKSt18_Rb_tree_node_baseS9_RKS0_
                0x0000000000000000        0x0 /usr/lib/gcc/x86_64-linux-gnu/4.6.1/../../../x86_64-linux-gnu/crt1.o
 .rela.text._ZNSt8_Rb_treeI13simdalignmentS0_St9_IdentityIS0_ESt4lessIS0_ESaIS0_EE16_M_insert_uniqueERKS0_
                0x0000000000000000        0x0 /usr/lib/gcc/x86_64-linux-gnu/4.6.1/../../../x86_64-linux-gnu/crt1.o
 .rela.text._ZNSt6vectorI13simdalignmentSaIS0_EE15_M_range_insertIN9__gnu_cxx17__normal_iteratorIPS0_S2_EEEEvS7_T_S8_St20forward_iterator_tag
                0x0000000000000000        0x0 /usr/lib/gcc/x86_64-linux-gnu/4.6.1/../../../x86_64-linux-gnu/crt1.o
 .rela.text._ZSt19__move_median_firstIN9__gnu_cxx17__normal_iteratorIP12alignmentrptSt6vectorIS2_SaIS2_EEEEPFbRKS2_S9_EEvT_SC_SC_T0_
                0x0000000000000000        0x0 /usr/lib/gcc/x86_64-linux-gnu/4.6.1/../../../x86_64-linux-gnu/crt1.o
 .rela.text._ZSt9make_heapIN9__gnu_cxx17__normal_iteratorIP12alignmentrptSt6vectorIS2_SaIS2_EEEEPFbRKS2_S9_EEvT_SC_T0_
                0x0000000000000000        0x0 /usr/lib/gcc/x86_64-linux-gnu/4.6.1/../../../x86_64-linux-gnu/crt1.o
 .rela.text._ZSt10__pop_heapIN9__gnu_cxx17__normal_iteratorIP12alignmentrptSt6vectorIS2_SaIS2_EEEEPFbRKS2_S9_EEvT_SC_SC_T0_
                0x0000000000000000        0x0 /usr/lib/gcc/x86_64-linux-gnu/4.6.1/../../../x86_64-linux-gnu/crt1.o
 .rela.text._ZSt16__introsort_loopIN9__gnu_cxx17__normal_iteratorIP12alignmentrptSt6vectorIS2_SaIS2_EEEElPFbRKS2_S9_EEvT_SC_T0_T1_
                0x0000000000000000        0x0 /usr/lib/gcc/x86_64-linux-gnu/4.6.1/../../../x86_64-linux-gnu/crt1.o
 .rela.text._ZSt4sortIN9__gnu_cxx17__normal_iteratorIP12alignmentrptSt6vectorIS2_SaIS2_EEEEPFbRKS2_S9_EEvT_SC_T0_
                0x0000000000000000        0x0 /usr/lib/gcc/x86_64-linux-gnu/4.6.1/../../../x86_64-linux-gnu/crt1.o
 .rela.text._ZSt13__heap_selectIN9__gnu_cxx17__normal_iteratorIP13simdalignmentSt6vectorIS2_SaIS2_EEEEPFbRKS2_S9_EEvT_SC_SC_T0_
                0x0000000000000000        0x0 /usr/lib/gcc/x86_64-linux-gnu/4.6.1/../../../x86_64-linux-gnu/crt1.o
 .rela.text._ZSt16__introsort_loopIN9__gnu_cxx17__normal_iteratorIP13simdalignmentSt6vectorIS2_SaIS2_EEEElPFbRKS2_S9_EEvT_SC_T0_T1_
                0x0000000000000000        0x0 /usr/lib/gcc/x86_64-linux-gnu/4.6.1/../../../x86_64-linux-gnu/crt1.o
 .rela.text._ZSt4sortIN9__gnu_cxx17__normal_iteratorIP13simdalignmentSt6vectorIS2_SaIS2_EEEEPFbRKS2_S9_EEvT_SC_T0_
                0x0000000000000000        0x0 /usr/lib/gcc/x86_64-linux-gnu/4.6.1/../../../x86_64-linux-gnu/crt1.o
 .rela.text._ZN9amplicons8ampliconD2Ev
                0x0000000000000000        0x0 /usr/lib/gcc/x86_64-linux-gnu/4.6.1/../../../x86_64-linux-gnu/crt1.o
 .rela.text._ZSt13__adjust_heapIN9__gnu_cxx17__normal_iteratorIPN9amplicons7primersESt6vectorIS3_SaIS3_EEEElS3_EvT_T0_SA_T1_
                0x0000000000000000        0x0 /usr/lib/gcc/x86_64-linux-gnu/4.6.1/../../../x86_64-linux-gnu/crt1.o
 .rela.text._ZSt9make_heapIN9__gnu_cxx17__normal_iteratorIPN9amplicons7primersESt6vectorIS3_SaIS3_EEEEEvT_S9_
                0x0000000000000000        0x0 /usr/lib/gcc/x86_64-linux-gnu/4.6.1/../../../x86_64-linux-gnu/crt1.o
 .rela.text._ZSt16__introsort_loopIN9__gnu_cxx17__normal_iteratorIPN9amplicons7primersESt6vectorIS3_SaIS3_EEEElEvT_S9_T0_
                0x0000000000000000        0x0 /usr/lib/gcc/x86_64-linux-gnu/4.6.1/../../../x86_64-linux-gnu/crt1.o
 .rela.text.unlikely
                0x0000000000000000        0x0 /usr/lib/gcc/x86_64-linux-gnu/4.6.1/../../../x86_64-linux-gnu/crt1.o
 .rela.text._ZN4nawm10adapterendEv
                0x0000000000000000        0x0 /usr/lib/gcc/x86_64-linux-gnu/4.6.1/../../../x86_64-linux-gnu/crt1.o
 .rela.text._ZNSt6vectorIPcSaIS0_EE14_M_fill_insertEN9__gnu_cxx17__normal_iteratorIPS0_S2_EEmRKS0_
                0x0000000000000000        0x0 /usr/lib/gcc/x86_64-linux-gnu/4.6.1/../../../x86_64-linux-gnu/crt1.o
 .rela.text._ZNSt6vectorIiSaIiEE13_M_insert_auxEN9__gnu_cxx17__normal_iteratorIPiS1_EERKi
                0x0000000000000000        0x0 /usr/lib/gcc/x86_64-linux-gnu/4.6.1/../../../x86_64-linux-gnu/crt1.o
 .rela.text._ZN8BamTools12IBamIODevice14GetErrorStringEv
                0x0000000000000000        0x0 /usr/lib/gcc/x86_64-linux-gnu/4.6.1/../../../x86_64-linux-gnu/crt1.o
 .rela.text._ZN8BamTools12IBamIODeviceD0Ev
                0x0000000000000000        0x0 /usr/lib/gcc/x86_64-linux-gnu/4.6.1/../../../x86_64-linux-gnu/crt1.o
 .rela.text._ZN8BamTools12IBamIODeviceD2Ev
                0x0000000000000000        0x0 /usr/lib/gcc/x86_64-linux-gnu/4.6.1/../../../x86_64-linux-gnu/crt1.o
 .rela.text._ZNSt6vectorIN8BamTools7RefDataESaIS1_EED2Ev
                0x0000000000000000        0x0 /usr/lib/gcc/x86_64-linux-gnu/4.6.1/../../../x86_64-linux-gnu/crt1.o
 .rela.text._ZNSt6vectorIN8BamTools7CigarOpESaIS1_EE7reserveEm
                0x0000000000000000        0x0 /usr/lib/gcc/x86_64-linux-gnu/4.6.1/../../../x86_64-linux-gnu/crt1.o
 .rela.text._ZNSt6vectorIN8BamTools7RefDataESaIS1_EE7reserveEm
                0x0000000000000000        0x0 /usr/lib/gcc/x86_64-linux-gnu/4.6.1/../../../x86_64-linux-gnu/crt1.o
 .rela.text._ZNSt6vectorIN8BamTools7CigarOpESaIS1_EE13_M_insert_auxEN9__gnu_cxx17__normal_iteratorIPS1_S3_EERKS1_
                0x0000000000000000        0x0 /usr/lib/gcc/x86_64-linux-gnu/4.6.1/../../../x86_64-linux-gnu/crt1.o
 .rela.text._ZN8BamTools8Internal12BamExceptionD2Ev
                0x0000000000000000        0x0 /usr/lib/gcc/x86_64-linux-gnu/4.6.1/../../../x86_64-linux-gnu/crt1.o
 .rela.text._ZN8BamTools8Internal12BamExceptionD0Ev
                0x0000000000000000        0x0 /usr/lib/gcc/x86_64-linux-gnu/4.6.1/../../../x86_64-linux-gnu/crt1.o
 .rela.text._ZN8BamTools8Internal12BamExceptionC2ERKSsS3_
                0x0000000000000000        0x0 /usr/lib/gcc/x86_64-linux-gnu/4.6.1/../../../x86_64-linux-gnu/crt1.o
 .rela.text._ZStplIcSt11char_traitsIcESaIcEESbIT_T0_T1_ERKS6_S8_
                0x0000000000000000        0x0 /usr/lib/gcc/x86_64-linux-gnu/4.6.1/../../../x86_64-linux-gnu/crt1.o
 .rela.text._ZN8BamTools8BamIndexD2Ev
                0x0000000000000000        0x0 /usr/lib/gcc/x86_64-linux-gnu/4.6.1/../../../x86_64-linux-gnu/crt1.o
 .rela.text._ZN8BamTools8BamIndexD0Ev
                0x0000000000000000        0x0 /usr/lib/gcc/x86_64-linux-gnu/4.6.1/../../../x86_64-linux-gnu/crt1.o
 .rela.text._ZNSt6vectorIN8BamTools8Internal8BtiBlockESaIS2_EE7reserveEm
                0x0000000000000000        0x0 /usr/lib/gcc/x86_64-linux-gnu/4.6.1/../../../x86_64-linux-gnu/crt1.o
 .rela.text._ZNSt6vectorIN8BamTools8Internal8BtiBlockESaIS2_EE13_M_insert_auxEN9__gnu_cxx17__normal_iteratorIPS2_S4_EERKS2_
                0x0000000000000000        0x0 /usr/lib/gcc/x86_64-linux-gnu/4.6.1/../../../x86_64-linux-gnu/crt1.o
 .rela.text._ZNSt6vectorIN8BamTools8Internal19BtiReferenceSummaryESaIS2_EE13_M_insert_auxEN9__gnu_cxx17__normal_iteratorIPS2_S4_EERKS2_
                0x0000000000000000        0x0 /usr/lib/gcc/x86_64-linux-gnu/4.6.1/../../../x86_64-linux-gnu/crt1.o
 .rela.text._ZNSt6vectorIN8BamTools8Internal17BaiAlignmentChunkESaIS2_EEaSERKS4_
                0x0000000000000000        0x0 /usr/lib/gcc/x86_64-linux-gnu/4.6.1/../../../x86_64-linux-gnu/crt1.o
 .rela.text._ZNSt8_Rb_treeIjSt4pairIKjSt6vectorIN8BamTools8Internal17BaiAlignmentChunkESaIS5_EEESt10_Select1stIS8_ESt4lessIjESaIS8_EE8_M_eraseEPSt13_Rb_tree_nodeIS8_E
                0x0000000000000000        0x0 /usr/lib/gcc/x86_64-linux-gnu/4.6.1/../../../x86_64-linux-gnu/crt1.o
 .rela.text._ZNSt8_Rb_treeIttSt9_IdentityItESt4lessItESaItEE16_M_insert_uniqueERKt
                0x0000000000000000        0x0 /usr/lib/gcc/x86_64-linux-gnu/4.6.1/../../../x86_64-linux-gnu/crt1.o
 .rela.text._ZNSt6vectorIlSaIlEE13_M_insert_auxEN9__gnu_cxx17__normal_iteratorIPlS1_EERKl
                0x0000000000000000        0x0 /usr/lib/gcc/x86_64-linux-gnu/4.6.1/../../../x86_64-linux-gnu/crt1.o
 .rela.text._ZNSt6vectorIN8BamTools8Internal17BaiAlignmentChunkESaIS2_EE13_M_insert_auxEN9__gnu_cxx17__normal_iteratorIPS2_S4_EERKS2_
                0x0000000000000000        0x0 /usr/lib/gcc/x86_64-linux-gnu/4.6.1/../../../x86_64-linux-gnu/crt1.o
 .rela.text._ZSt16__insertion_sortIN9__gnu_cxx17__normal_iteratorIPlSt6vectorIlSaIlEEEEEvT_S7_
                0x0000000000000000        0x0 /usr/lib/gcc/x86_64-linux-gnu/4.6.1/../../../x86_64-linux-gnu/crt1.o
 .rela.text._ZNSt8_Rb_treeIjSt4pairIKjSt6vectorIN8BamTools8Internal17BaiAlignmentChunkESaIS5_EEESt10_Select1stIS8_ESt4lessIjESaIS8_EE10_M_insert_EPKSt18_Rb_tree_node_baseSH_RKS8_
                0x0000000000000000        0x0 /usr/lib/gcc/x86_64-linux-gnu/4.6.1/../../../x86_64-linux-gnu/crt1.o
 .rela.text._ZNSt8_Rb_treeIjSt4pairIKjSt6vectorIN8BamTools8Internal17BaiAlignmentChunkESaIS5_EEESt10_Select1stIS8_ESt4lessIjESaIS8_EE16_M_insert_uniqueERKS8_
                0x0000000000000000        0x0 /usr/lib/gcc/x86_64-linux-gnu/4.6.1/../../../x86_64-linux-gnu/crt1.o
 .rela.text._ZNSt6vectorImSaImEE14_M_fill_insertEN9__gnu_cxx17__normal_iteratorIPmS1_EEmRKm
                0x0000000000000000        0x0 /usr/lib/gcc/x86_64-linux-gnu/4.6.1/../../../x86_64-linux-gnu/crt1.o
 .rela.text._ZSt16__insertion_sortIN9__gnu_cxx17__normal_iteratorIPmSt6vectorImSaImEEEEEvT_S7_
                0x0000000000000000        0x0 /usr/lib/gcc/x86_64-linux-gnu/4.6.1/../../../x86_64-linux-gnu/crt1.o
 .rela.text._ZSt16__introsort_loopIN9__gnu_cxx17__normal_iteratorIPlSt6vectorIlSaIlEEEElEvT_S7_T0_
                0x0000000000000000        0x0 /usr/lib/gcc/x86_64-linux-gnu/4.6.1/../../../x86_64-linux-gnu/crt1.o
 .rela.text._ZSt16__introsort_loopIN9__gnu_cxx17__normal_iteratorIPmSt6vectorImSaImEEEElEvT_S7_T0_
                0x0000000000000000        0x0 /usr/lib/gcc/x86_64-linux-gnu/4.6.1/../../../x86_64-linux-gnu/crt1.o
 .rela.text._ZNSt6vectorISsSaISsEED2Ev
                0x0000000000000000        0x0 /usr/lib/gcc/x86_64-linux-gnu/4.6.1/../../../x86_64-linux-gnu/crt1.o
 .rela.text._ZNSt6vectorISsSaISsEE13_M_insert_auxEN9__gnu_cxx17__normal_iteratorIPSsS1_EERKSs
                0x0000000000000000        0x0 /usr/lib/gcc/x86_64-linux-gnu/4.6.1/../../../x86_64-linux-gnu/crt1.o
 .rela.text._ZNSt8_Rb_treeISsSt4pairIKSsSsESt10_Select1stIS2_ESt4lessISsESaIS2_EE8_M_eraseEPSt13_Rb_tree_nodeIS2_E
                0x0000000000000000        0x0 /usr/lib/gcc/x86_64-linux-gnu/4.6.1/../../../x86_64-linux-gnu/crt1.o
 .rela.text._ZNSt8_Rb_treeISsSt4pairIKSsSsESt10_Select1stIS2_ESt4lessISsESaIS2_EE11equal_rangeERS1_
                0x0000000000000000        0x0 /usr/lib/gcc/x86_64-linux-gnu/4.6.1/../../../x86_64-linux-gnu/crt1.o
 .rela.text._ZNSt8_Rb_treeISsSt4pairIKSsSsESt10_Select1stIS2_ESt4lessISsESaIS2_EE12_M_erase_auxESt23_Rb_tree_const_iteratorIS2_ESA_
                0x0000000000000000        0x0 /usr/lib/gcc/x86_64-linux-gnu/4.6.1/../../../x86_64-linux-gnu/crt1.o
 .rela.text._ZNSt15basic_stringbufIcSt11char_traitsIcESaIcEED2Ev
                0x0000000000000000        0x0 /usr/lib/gcc/x86_64-linux-gnu/4.6.1/../../../x86_64-linux-gnu/crt1.o
 .rela.text._ZNSt15basic_stringbufIcSt11char_traitsIcESaIcEED0Ev
                0x0000000000000000        0x0 /usr/lib/gcc/x86_64-linux-gnu/4.6.1/../../../x86_64-linux-gnu/crt1.o
 .rela.text._ZSt8_DestroyIPN8BamTools8Internal11HostAddressEEvT_S4_
                0x0000000000000000        0x0 /usr/lib/gcc/x86_64-linux-gnu/4.6.1/../../../x86_64-linux-gnu/crt1.o
 .rela.text._ZNSt6vectorIN8BamTools8Internal11HostAddressESaIS2_EED2Ev
                0x0000000000000000        0x0 /usr/lib/gcc/x86_64-linux-gnu/4.6.1/../../../x86_64-linux-gnu/crt1.o
 .rela.text._ZNSt6vectorIN8BamTools8Internal11HostAddressESaIS2_EEaSERKS4_
                0x0000000000000000        0x0 /usr/lib/gcc/x86_64-linux-gnu/4.6.1/../../../x86_64-linux-gnu/crt1.o
 .rela.text._ZNSt5dequeIN8BamTools8Internal9ByteArrayESaIS2_EED2Ev
                0x0000000000000000        0x0 /usr/lib/gcc/x86_64-linux-gnu/4.6.1/../../../x86_64-linux-gnu/crt1.o
 .rela.text._ZNSt6vectorIcSaIcEEaSERKS1_
                0x0000000000000000        0x0 /usr/lib/gcc/x86_64-linux-gnu/4.6.1/../../../x86_64-linux-gnu/crt1.o
 .rela.text._ZNSt6vectorIcSaIcEE13_M_assign_auxIN9__gnu_cxx17__normal_iteratorIPKcSsEEEEvT_S8_St20forward_iterator_tag
                0x0000000000000000        0x0 /usr/lib/gcc/x86_64-linux-gnu/4.6.1/../../../x86_64-linux-gnu/crt1.o
 .rela.text._ZNSt6vectorIcSaIcEE14_M_fill_insertEN9__gnu_cxx17__normal_iteratorIPcS1_EEmRKc
                0x0000000000000000        0x0 /usr/lib/gcc/x86_64-linux-gnu/4.6.1/../../../x86_64-linux-gnu/crt1.o
 .rela.text._ZNSt6vectorIN8BamTools10SamProgramESaIS1_EE13_M_insert_auxEN9__gnu_cxx17__normal_iteratorIPS1_S3_EERKS1_
                0x0000000000000000        0x0 /usr/lib/gcc/x86_64-linux-gnu/4.6.1/../../../x86_64-linux-gnu/crt1.o
 .rela.text._ZNSt8_Rb_treeISsSt4pairIKSsmESt10_Select1stIS2_ESt4lessISsESaIS2_EE8_M_eraseEPSt13_Rb_tree_nodeIS2_E
                0x0000000000000000        0x0 /usr/lib/gcc/x86_64-linux-gnu/4.6.1/../../../x86_64-linux-gnu/crt1.o
 .rela.text._ZNSt6vectorIN8BamTools11SamSequenceESaIS1_EE13_M_insert_auxEN9__gnu_cxx17__normal_iteratorIPS1_S3_EERKS1_
                0x0000000000000000        0x0 /usr/lib/gcc/x86_64-linux-gnu/4.6.1/../../../x86_64-linux-gnu/crt1.o
 .rela.text._ZNSt8_Rb_treeISsSt4pairIKSsmESt10_Select1stIS2_ESt4lessISsESaIS2_EE7_M_copyEPKSt13_Rb_tree_nodeIS2_EPSA_
                0x0000000000000000        0x0 /usr/lib/gcc/x86_64-linux-gnu/4.6.1/../../../x86_64-linux-gnu/crt1.o
 .rela.text._ZNSt8_Rb_treeISsSt4pairIKSsmESt10_Select1stIS2_ESt4lessISsESaIS2_EE11equal_rangeERS1_
                0x0000000000000000        0x0 /usr/lib/gcc/x86_64-linux-gnu/4.6.1/../../../x86_64-linux-gnu/crt1.o
 .rela.text._ZNSt8_Rb_treeISsSt4pairIKSsmESt10_Select1stIS2_ESt4lessISsESaIS2_EE12_M_erase_auxESt23_Rb_tree_const_iteratorIS2_ESA_
                0x0000000000000000        0x0 /usr/lib/gcc/x86_64-linux-gnu/4.6.1/../../../x86_64-linux-gnu/crt1.o
 .rela.text._ZNSt6vectorIN8BamTools12SamReadGroupESaIS1_EE13_M_insert_auxEN9__gnu_cxx17__normal_iteratorIPS1_S3_EERKS1_
                0x0000000000000000        0x0 /usr/lib/gcc/x86_64-linux-gnu/4.6.1/../../../x86_64-linux-gnu/crt1.o
 .rela.text._ZN22TCMallocImplementation20SetMemoryReleaseRateEd
                0x0000000000000000        0x0 /usr/lib/gcc/x86_64-linux-gnu/4.6.1/../../../x86_64-linux-gnu/crt1.o
 .rela.text._ZN22TCMallocImplementation20GetMemoryReleaseRateEv
                0x0000000000000000        0x0 /usr/lib/gcc/x86_64-linux-gnu/4.6.1/../../../x86_64-linux-gnu/crt1.o
 .rela.text._ZN22TCMallocImplementationD2Ev
                0x0000000000000000        0x0 /usr/lib/gcc/x86_64-linux-gnu/4.6.1/../../../x86_64-linux-gnu/crt1.o
 .rela.text._ZN22TCMallocImplementationD0Ev
                0x0000000000000000        0x0 /usr/lib/gcc/x86_64-linux-gnu/4.6.1/../../../x86_64-linux-gnu/crt1.o
 .rela.text._ZN22TCMallocImplementation14MarkThreadIdleEv
                0x0000000000000000        0x0 /usr/lib/gcc/x86_64-linux-gnu/4.6.1/../../../x86_64-linux-gnu/crt1.o
 .rela.text._ZN22TCMallocImplementation13GetHeapSampleEPSs
                0x0000000000000000        0x0 /usr/lib/gcc/x86_64-linux-gnu/4.6.1/../../../x86_64-linux-gnu/crt1.o
 .rela.text._ZN22TCMallocImplementation25GetEstimatedAllocatedSizeEm
                0x0000000000000000        0x0 /usr/lib/gcc/x86_64-linux-gnu/4.6.1/../../../x86_64-linux-gnu/crt1.o
 .rela.text._ZN22TCMallocImplementation12GetOwnershipEPKv
                0x0000000000000000        0x0 /usr/lib/gcc/x86_64-linux-gnu/4.6.1/../../../x86_64-linux-gnu/crt1.o
 .rela.text._ZN22TCMallocImplementation18GetSystemAllocatorEv
                0x0000000000000000        0x0 /usr/lib/gcc/x86_64-linux-gnu/4.6.1/../../../x86_64-linux-gnu/crt1.o
 .rela.text._ZN22TCMallocImplementation18SetSystemAllocatorEP12SysAllocator
                0x0000000000000000        0x0 /usr/lib/gcc/x86_64-linux-gnu/4.6.1/../../../x86_64-linux-gnu/crt1.o
 .rela.text._ZN22TCMallocImplementation25ReadHeapGrowthStackTracesEv
                0x0000000000000000        0x0 /usr/lib/gcc/x86_64-linux-gnu/4.6.1/../../../x86_64-linux-gnu/crt1.o
 .rela.text._ZN14SpinLockHolderD2Ev
                0x0000000000000000        0x0 /usr/lib/gcc/x86_64-linux-gnu/4.6.1/../../../x86_64-linux-gnu/crt1.o
 .rela.text._ZN22TCMallocImplementation18SetNumericPropertyEPKcm
                0x0000000000000000        0x0 /usr/lib/gcc/x86_64-linux-gnu/4.6.1/../../../x86_64-linux-gnu/crt1.o
 .rela.text._ZN22TCMallocImplementation6RangesEPvPFvS0_PKN4base11MallocRangeEE
                0x0000000000000000        0x0 /usr/lib/gcc/x86_64-linux-gnu/4.6.1/../../../x86_64-linux-gnu/crt1.o
 .rela.text._ZN22TCMallocImplementation15ReadStackTracesEPi
                0x0000000000000000        0x0 /usr/lib/gcc/x86_64-linux-gnu/4.6.1/../../../x86_64-linux-gnu/crt1.o
 .rela.text._ZN22TCMallocImplementation15ReleaseToSystemEm
                0x0000000000000000        0x0 /usr/lib/gcc/x86_64-linux-gnu/4.6.1/../../../x86_64-linux-gnu/crt1.o
 .rela.text._ZN22TCMallocImplementation18GetNumericPropertyEPKcPm
                0x0000000000000000        0x0 /usr/lib/gcc/x86_64-linux-gnu/4.6.1/../../../x86_64-linux-gnu/crt1.o
 .rela.text._ZN8tcmalloc11ThreadCache8GetCacheEv
                0x0000000000000000        0x0 /usr/lib/gcc/x86_64-linux-gnu/4.6.1/../../../x86_64-linux-gnu/crt1.o
 .rela.text._ZNSt6vectorIN15MallocExtension12FreeListInfoESaIS1_EE13_M_insert_auxEN9__gnu_cxx17__normal_iteratorIPS1_S3_EERKS1_
                0x0000000000000000        0x0 /usr/lib/gcc/x86_64-linux-gnu/4.6.1/../../../x86_64-linux-gnu/crt1.o
 .rela.text._ZN22TCMallocImplementation16GetFreeListSizesEPSt6vectorIN15MallocExtension12FreeListInfoESaIS2_EE
                0x0000000000000000        0x0 /usr/lib/gcc/x86_64-linux-gnu/4.6.1/../../../x86_64-linux-gnu/crt1.o
 .rela.text._ZN15HeapLeakChecker9Allocator8AllocateEm
                0x0000000000000000        0x0 /usr/lib/gcc/x86_64-linux-gnu/4.6.1/../../../x86_64-linux-gnu/crt1.o
 .rela.text._ZN15HeapLeakChecker9Allocator4FreeEPv
                0x0000000000000000        0x0 /usr/lib/gcc/x86_64-linux-gnu/4.6.1/../../../x86_64-linux-gnu/crt1.o
 .rela.text._ZNSbIcSt11char_traitsIcE13STL_AllocatorIcN15HeapLeakChecker9AllocatorEEED2Ev
                0x0000000000000000        0x0 /usr/lib/gcc/x86_64-linux-gnu/4.6.1/../../../x86_64-linux-gnu/crt1.o
 .rela.text._ZNSt4pairIKSbIcSt11char_traitsIcE13STL_AllocatorIcN15HeapLeakChecker9AllocatorEEESt6vectorI11AllocObjectS2_IS9_S4_EEED2Ev
                0x0000000000000000        0x0 /usr/lib/gcc/x86_64-linux-gnu/4.6.1/../../../x86_64-linux-gnu/crt1.o
 .rela.text._ZNSt6vectorI11AllocObject13STL_AllocatorIS0_N15HeapLeakChecker9AllocatorEEE13_M_insert_auxEN9__gnu_cxx17__normal_iteratorIPS0_S5_EERKS0_
                0x0000000000000000        0x0 /usr/lib/gcc/x86_64-linux-gnu/4.6.1/../../../x86_64-linux-gnu/crt1.o
 .rela.text._ZNSt6vectorIPv13STL_AllocatorIS0_N15HeapLeakChecker9AllocatorEEE13_M_insert_auxEN9__gnu_cxx17__normal_iteratorIPS0_S5_EERKS0_
                0x0000000000000000        0x0 /usr/lib/gcc/x86_64-linux-gnu/4.6.1/../../../x86_64-linux-gnu/crt1.o
 .rela.text._ZNSt6vectorIPFvvESaIS1_EE13_M_insert_auxEN9__gnu_cxx17__normal_iteratorIPS1_S3_EERKS1_
                0x0000000000000000        0x0 /usr/lib/gcc/x86_64-linux-gnu/4.6.1/../../../x86_64-linux-gnu/crt1.o
 .rela.text._ZNSt8_Rb_treeImmSt9_IdentityImESt4lessImE13STL_AllocatorImN15HeapLeakChecker9AllocatorEEE10_M_insert_EPKSt18_Rb_tree_node_baseSB_RKm
                0x0000000000000000        0x0 /usr/lib/gcc/x86_64-linux-gnu/4.6.1/../../../x86_64-linux-gnu/crt1.o
 .rela.text._ZNSt8_Rb_treeImmSt9_IdentityImESt4lessImE13STL_AllocatorImN15HeapLeakChecker9AllocatorEEE16_M_insert_uniqueERKm
                0x0000000000000000        0x0 /usr/lib/gcc/x86_64-linux-gnu/4.6.1/../../../x86_64-linux-gnu/crt1.o
 .rela.text._ZNSbIcSt11char_traitsIcE13STL_AllocatorIcN15HeapLeakChecker9AllocatorEEEC2ERKS5_
                0x0000000000000000        0x0 /usr/lib/gcc/x86_64-linux-gnu/4.6.1/../../../x86_64-linux-gnu/crt1.o
 .rela.text._ZNSt8_Rb_treeImSt4pairIKmmESt10_Select1stIS2_ESt4lessImE13STL_AllocatorIS2_N15HeapLeakChecker9AllocatorEEE8_M_eraseEPSt13_Rb_tree_nodeIS2_E
                0x0000000000000000        0x0 /usr/lib/gcc/x86_64-linux-gnu/4.6.1/../../../x86_64-linux-gnu/crt1.o
 .rela.text._ZNSt8_Rb_treeImSt4pairIKmmESt10_Select1stIS2_ESt4lessImE13STL_AllocatorIS2_N15HeapLeakChecker9AllocatorEEE10_M_insert_EPKSt18_Rb_tree_node_baseSE_RKS2_
                0x0000000000000000        0x0 /usr/lib/gcc/x86_64-linux-gnu/4.6.1/../../../x86_64-linux-gnu/crt1.o
 .rela.text._ZNSt8_Rb_treeImSt4pairIKmmESt10_Select1stIS2_ESt4lessImE13STL_AllocatorIS2_N15HeapLeakChecker9AllocatorEEE16_M_insert_uniqueERKS2_
                0x0000000000000000        0x0 /usr/lib/gcc/x86_64-linux-gnu/4.6.1/../../../x86_64-linux-gnu/crt1.o
 .rela.text._ZNSt8_Rb_treeISbIcSt11char_traitsIcE13STL_AllocatorIcN15HeapLeakChecker9AllocatorEEESt4pairIKS6_St6vectorI11AllocObjectS2_ISA_S4_EEESt10_Select1stISD_ESt4lessIS6_ES2_ISD_S4_EE8_M_eraseEPSt13_Rb_tree_nodeISD_E
                0x0000000000000000        0x0 /usr/lib/gcc/x86_64-linux-gnu/4.6.1/../../../x86_64-linux-gnu/crt1.o
 .rela.text._ZNSt8_Rb_treeImmSt9_IdentityImESt4lessImE13STL_AllocatorImN15HeapLeakChecker9AllocatorEEE8_M_eraseEPSt13_Rb_tree_nodeImE
                0x0000000000000000        0x0 /usr/lib/gcc/x86_64-linux-gnu/4.6.1/../../../x86_64-linux-gnu/crt1.o
 .rela.text._ZNSt8_Rb_treeImSt4pairIKmN15HeapLeakChecker10RangeValueEESt10_Select1stIS4_ESt4lessImE13STL_AllocatorIS4_NS2_9AllocatorEEE8_M_eraseEPSt13_Rb_tree_nodeIS4_E
                0x0000000000000000        0x0 /usr/lib/gcc/x86_64-linux-gnu/4.6.1/../../../x86_64-linux-gnu/crt1.o
 .rela.text._ZNSt8_Rb_treeImSt4pairIKmN15HeapLeakChecker10RangeValueEESt10_Select1stIS4_ESt4lessImE13STL_AllocatorIS4_NS2_9AllocatorEEE10_M_insert_EPKSt18_Rb_tree_node_baseSF_RKS4_
                0x0000000000000000        0x0 /usr/lib/gcc/x86_64-linux-gnu/4.6.1/../../../x86_64-linux-gnu/crt1.o
 .rela.text._ZNSt8_Rb_treeImSt4pairIKmN15HeapLeakChecker10RangeValueEESt10_Select1stIS4_ESt4lessImE13STL_AllocatorIS4_NS2_9AllocatorEEE16_M_insert_uniqueERKS4_
                0x0000000000000000        0x0 /usr/lib/gcc/x86_64-linux-gnu/4.6.1/../../../x86_64-linux-gnu/crt1.o
 .rela.text._ZNSbIcSt11char_traitsIcE13STL_AllocatorIcN15HeapLeakChecker9AllocatorEEE12_S_constructIPKcEEPcT_SA_RKS4_St20forward_iterator_tag
                0x0000000000000000        0x0 /usr/lib/gcc/x86_64-linux-gnu/4.6.1/../../../x86_64-linux-gnu/crt1.o
 .rela.text._ZNSt8_Rb_treeISbIcSt11char_traitsIcE13STL_AllocatorIcN15HeapLeakChecker9AllocatorEEESt4pairIKS6_St6vectorI11AllocObjectS2_ISA_S4_EEESt10_Select1stISD_ESt4lessIS6_ES2_ISD_S4_EE10_M_insert_EPKSt18_Rb_tree_node_baseSM_RKSD_
                0x0000000000000000        0x0 /usr/lib/gcc/x86_64-linux-gnu/4.6.1/../../../x86_64-linux-gnu/crt1.o
 .rela.text._ZNSt8_Rb_treeISbIcSt11char_traitsIcE13STL_AllocatorIcN15HeapLeakChecker9AllocatorEEESt4pairIKS6_St6vectorI11AllocObjectS2_ISA_S4_EEESt10_Select1stISD_ESt4lessIS6_ES2_ISD_S4_EE16_M_insert_uniqueERKSD_
                0x0000000000000000        0x0 /usr/lib/gcc/x86_64-linux-gnu/4.6.1/../../../x86_64-linux-gnu/crt1.o
 .rela.text._ZNSt8_Rb_treeISbIcSt11char_traitsIcE13STL_AllocatorIcN15HeapLeakChecker9AllocatorEEESt4pairIKS6_St6vectorI11AllocObjectS2_ISA_S4_EEESt10_Select1stISD_ESt4lessIS6_ES2_ISD_S4_EE17_M_insert_unique_ESt23_Rb_tree_const_iteratorISD_ERKSD_
                0x0000000000000000        0x0 /usr/lib/gcc/x86_64-linux-gnu/4.6.1/../../../x86_64-linux-gnu/crt1.o
 .rela.text._ZN28HeapLeakCheckerGlobalPrePostD2Ev
                0x0000000000000000        0x0 /usr/lib/gcc/x86_64-linux-gnu/4.6.1/../../../x86_64-linux-gnu/crt1.o
 *(.rela.fini)
 *(.rela.rodata .rela.rodata.* .rela.gnu.linkonce.r.*)
 .rela.rodata._ZTI10mpi_driver
                0x0000000000000000        0x0 /usr/lib/gcc/x86_64-linux-gnu/4.6.1/../../../x86_64-linux-gnu/crt1.o
 .rela.rodata._ZTV10mpi_driver
                0x0000000000000000        0x0 /usr/lib/gcc/x86_64-linux-gnu/4.6.1/../../../x86_64-linux-gnu/crt1.o
 .rela.rodata._ZTV8mpistats
                0x0000000000000000        0x0 /usr/lib/gcc/x86_64-linux-gnu/4.6.1/../../../x86_64-linux-gnu/crt1.o
 .rela.rodata._ZTV11fragdistMPI
                0x0000000000000000        0x0 /usr/lib/gcc/x86_64-linux-gnu/4.6.1/../../../x86_64-linux-gnu/crt1.o
 .rela.rodata._ZTI8mpistats
                0x0000000000000000        0x0 /usr/lib/gcc/x86_64-linux-gnu/4.6.1/../../../x86_64-linux-gnu/crt1.o
 .rela.rodata._ZTI11fragdistMPI
                0x0000000000000000        0x0 /usr/lib/gcc/x86_64-linux-gnu/4.6.1/../../../x86_64-linux-gnu/crt1.o
 .rela.rodata._ZTI10alignstats
                0x0000000000000000        0x0 /usr/lib/gcc/x86_64-linux-gnu/4.6.1/../../../x86_64-linux-gnu/crt1.o
 .rela.rodata._ZTI8fragdist
                0x0000000000000000        0x0 /usr/lib/gcc/x86_64-linux-gnu/4.6.1/../../../x86_64-linux-gnu/crt1.o
 .rela.rodata._ZTV8fragdist
                0x0000000000000000        0x0 /usr/lib/gcc/x86_64-linux-gnu/4.6.1/../../../x86_64-linux-gnu/crt1.o
 .rela.rodata._ZTI12novoalignmpi
                0x0000000000000000        0x0 /usr/lib/gcc/x86_64-linux-gnu/4.6.1/../../../x86_64-linux-gnu/crt1.o
 .rela.rodata._ZTI15novoalign_slave
                0x0000000000000000        0x0 /usr/lib/gcc/x86_64-linux-gnu/4.6.1/../../../x86_64-linux-gnu/crt1.o
 .rela.rodata._ZTV12novoalignmpi
                0x0000000000000000        0x0 /usr/lib/gcc/x86_64-linux-gnu/4.6.1/../../../x86_64-linux-gnu/crt1.o
 .rela.rodata._ZTV15novoalign_slave
                0x0000000000000000        0x0 /usr/lib/gcc/x86_64-linux-gnu/4.6.1/../../../x86_64-linux-gnu/crt1.o
 .rela.rodata._ZTV8rptBlast
                0x0000000000000000        0x0 /usr/lib/gcc/x86_64-linux-gnu/4.6.1/../../../x86_64-linux-gnu/crt1.o
 .rela.rodata._ZTI8rptBlast
                0x0000000000000000        0x0 /usr/lib/gcc/x86_64-linux-gnu/4.6.1/../../../x86_64-linux-gnu/crt1.o
 .rela.rodata._ZTI8reporter
                0x0000000000000000        0x0 /usr/lib/gcc/x86_64-linux-gnu/4.6.1/../../../x86_64-linux-gnu/crt1.o
 .rela.rodata._ZTV8reporter
                0x0000000000000000        0x0 /usr/lib/gcc/x86_64-linux-gnu/4.6.1/../../../x86_64-linux-gnu/crt1.o
 .rela.rodata._ZTI9rptNative
                0x0000000000000000        0x0 /usr/lib/gcc/x86_64-linux-gnu/4.6.1/../../../x86_64-linux-gnu/crt1.o
 .rela.rodata._ZTV9rptNative
                0x0000000000000000        0x0 /usr/lib/gcc/x86_64-linux-gnu/4.6.1/../../../x86_64-linux-gnu/crt1.o
 .rela.rodata._ZTI6rptSAM
                0x0000000000000000        0x0 /usr/lib/gcc/x86_64-linux-gnu/4.6.1/../../../x86_64-linux-gnu/crt1.o
 .rela.rodata._ZTV6rptSAM
                0x0000000000000000        0x0 /usr/lib/gcc/x86_64-linux-gnu/4.6.1/../../../x86_64-linux-gnu/crt1.o
 .rela.rodata._ZTI7TThread
                0x0000000000000000        0x0 /usr/lib/gcc/x86_64-linux-gnu/4.6.1/../../../x86_64-linux-gnu/crt1.o
 .rela.rodata._ZTV7TThread
                0x0000000000000000        0x0 /usr/lib/gcc/x86_64-linux-gnu/4.6.1/../../../x86_64-linux-gnu/crt1.o
 .rela.rodata._ZTIN11TThreadPool4TJobE
                0x0000000000000000        0x0 /usr/lib/gcc/x86_64-linux-gnu/4.6.1/../../../x86_64-linux-gnu/crt1.o
 .rela.rodata._ZTVN11TThreadPool4TJobE
                0x0000000000000000        0x0 /usr/lib/gcc/x86_64-linux-gnu/4.6.1/../../../x86_64-linux-gnu/crt1.o
 .rela.rodata._ZTV8TPoolThr
                0x0000000000000000        0x0 /usr/lib/gcc/x86_64-linux-gnu/4.6.1/../../../x86_64-linux-gnu/crt1.o
 .rela.rodata._ZTI8TPoolThr
                0x0000000000000000        0x0 /usr/lib/gcc/x86_64-linux-gnu/4.6.1/../../../x86_64-linux-gnu/crt1.o
 .rela.rodata._ZTIN8BamTools12IBamIODeviceE
                0x0000000000000000        0x0 /usr/lib/gcc/x86_64-linux-gnu/4.6.1/../../../x86_64-linux-gnu/crt1.o
 .rela.rodata._ZTVN8BamTools12IBamIODeviceE
                0x0000000000000000        0x0 /usr/lib/gcc/x86_64-linux-gnu/4.6.1/../../../x86_64-linux-gnu/crt1.o
 .rela.rodata._ZTIN8BamTools8Internal12BamExceptionE
                0x0000000000000000        0x0 /usr/lib/gcc/x86_64-linux-gnu/4.6.1/../../../x86_64-linux-gnu/crt1.o
 .rela.rodata._ZTVN8BamTools8Internal12BamExceptionE
                0x0000000000000000        0x0 /usr/lib/gcc/x86_64-linux-gnu/4.6.1/../../../x86_64-linux-gnu/crt1.o
 .rela.rodata._ZTIN8BamTools8Internal13BamToolsIndexE
                0x0000000000000000        0x0 /usr/lib/gcc/x86_64-linux-gnu/4.6.1/../../../x86_64-linux-gnu/crt1.o
 .rela.rodata._ZTVN8BamTools8Internal13BamToolsIndexE
                0x0000000000000000        0x0 /usr/lib/gcc/x86_64-linux-gnu/4.6.1/../../../x86_64-linux-gnu/crt1.o
 .rela.rodata._ZTVN8BamTools8BamIndexE
                0x0000000000000000        0x0 /usr/lib/gcc/x86_64-linux-gnu/4.6.1/../../../x86_64-linux-gnu/crt1.o
 .rela.rodata._ZTIN8BamTools8BamIndexE
                0x0000000000000000        0x0 /usr/lib/gcc/x86_64-linux-gnu/4.6.1/../../../x86_64-linux-gnu/crt1.o
 .rela.rodata._ZTIN8BamTools8Internal16BamStandardIndexE
                0x0000000000000000        0x0 /usr/lib/gcc/x86_64-linux-gnu/4.6.1/../../../x86_64-linux-gnu/crt1.o
 .rela.rodata._ZTVN8BamTools8Internal16BamStandardIndexE
                0x0000000000000000        0x0 /usr/lib/gcc/x86_64-linux-gnu/4.6.1/../../../x86_64-linux-gnu/crt1.o
 .rela.rodata._ZTIN8BamTools8Internal7BamFileE
                0x0000000000000000        0x0 /usr/lib/gcc/x86_64-linux-gnu/4.6.1/../../../x86_64-linux-gnu/crt1.o
 .rela.rodata._ZTVN8BamTools8Internal7BamFileE
                0x0000000000000000        0x0 /usr/lib/gcc/x86_64-linux-gnu/4.6.1/../../../x86_64-linux-gnu/crt1.o
 .rela.rodata._ZTIN8BamTools8Internal6BamFtpE
                0x0000000000000000        0x0 /usr/lib/gcc/x86_64-linux-gnu/4.6.1/../../../x86_64-linux-gnu/crt1.o
 .rela.rodata._ZTVN8BamTools8Internal6BamFtpE
                0x0000000000000000        0x0 /usr/lib/gcc/x86_64-linux-gnu/4.6.1/../../../x86_64-linux-gnu/crt1.o
 .rela.rodata._ZTIN8BamTools8Internal7BamPipeE
                0x0000000000000000        0x0 /usr/lib/gcc/x86_64-linux-gnu/4.6.1/../../../x86_64-linux-gnu/crt1.o
 .rela.rodata._ZTVN8BamTools8Internal7BamPipeE
                0x0000000000000000        0x0 /usr/lib/gcc/x86_64-linux-gnu/4.6.1/../../../x86_64-linux-gnu/crt1.o
 .rela.rodata._ZTIN8BamTools8Internal7BamHttpE
                0x0000000000000000        0x0 /usr/lib/gcc/x86_64-linux-gnu/4.6.1/../../../x86_64-linux-gnu/crt1.o
 .rela.rodata._ZTVN8BamTools8Internal7BamHttpE
                0x0000000000000000        0x0 /usr/lib/gcc/x86_64-linux-gnu/4.6.1/../../../x86_64-linux-gnu/crt1.o
 .rela.rodata._ZTIN8BamTools8Internal10HttpHeaderE
                0x0000000000000000        0x0 /usr/lib/gcc/x86_64-linux-gnu/4.6.1/../../../x86_64-linux-gnu/crt1.o
 .rela.rodata._ZTIN8BamTools8Internal17HttpRequestHeaderE
                0x0000000000000000        0x0 /usr/lib/gcc/x86_64-linux-gnu/4.6.1/../../../x86_64-linux-gnu/crt1.o
 .rela.rodata._ZTIN8BamTools8Internal18HttpResponseHeaderE
                0x0000000000000000        0x0 /usr/lib/gcc/x86_64-linux-gnu/4.6.1/../../../x86_64-linux-gnu/crt1.o
 .rela.rodata._ZTVN8BamTools8Internal10HttpHeaderE
                0x0000000000000000        0x0 /usr/lib/gcc/x86_64-linux-gnu/4.6.1/../../../x86_64-linux-gnu/crt1.o
 .rela.rodata._ZTVN8BamTools8Internal17HttpRequestHeaderE
                0x0000000000000000        0x0 /usr/lib/gcc/x86_64-linux-gnu/4.6.1/../../../x86_64-linux-gnu/crt1.o
 .rela.rodata._ZTVN8BamTools8Internal18HttpResponseHeaderE
                0x0000000000000000        0x0 /usr/lib/gcc/x86_64-linux-gnu/4.6.1/../../../x86_64-linux-gnu/crt1.o
 .rela.rodata._ZTIN8BamTools8Internal14ILocalIODeviceE
                0x0000000000000000        0x0 /usr/lib/gcc/x86_64-linux-gnu/4.6.1/../../../x86_64-linux-gnu/crt1.o
 .rela.rodata._ZTVN8BamTools8Internal14ILocalIODeviceE
                0x0000000000000000        0x0 /usr/lib/gcc/x86_64-linux-gnu/4.6.1/../../../x86_64-linux-gnu/crt1.o
 .rela.rodata._ZTI22TCMallocImplementation
                0x0000000000000000        0x0 /usr/lib/gcc/x86_64-linux-gnu/4.6.1/../../../x86_64-linux-gnu/crt1.o
 .rela.rodata._ZTV22TCMallocImplementation
                0x0000000000000000        0x0 /usr/lib/gcc/x86_64-linux-gnu/4.6.1/../../../x86_64-linux-gnu/crt1.o
 *(.rela.data .rela.data.* .rela.gnu.linkonce.d.*)
 .rela.data.rel.ro._ZTI12SysAllocator
                0x0000000000000000        0x0 /usr/lib/gcc/x86_64-linux-gnu/4.6.1/../../../x86_64-linux-gnu/crt1.o
 .rela.data.rel.ro._ZTI15MallocExtension
                0x0000000000000000        0x0 /usr/lib/gcc/x86_64-linux-gnu/4.6.1/../../../x86_64-linux-gnu/crt1.o
 .rela.data.rel.ro._ZTV12SysAllocator
                0x0000000000000000        0x0 /usr/lib/gcc/x86_64-linux-gnu/4.6.1/../../../x86_64-linux-gnu/crt1.o
 .rela.data.rel.ro._ZTV15MallocExtension
                0x0000000000000000        0x0 /usr/lib/gcc/x86_64-linux-gnu/4.6.1/../../../x86_64-linux-gnu/crt1.o
 .rela.data.rel.ro._ZTI16SbrkSysAllocator
                0x0000000000000000        0x0 /usr/lib/gcc/x86_64-linux-gnu/4.6.1/../../../x86_64-linux-gnu/crt1.o
 .rela.data.rel.ro._ZTI16MmapSysAllocator
                0x0000000000000000        0x0 /usr/lib/gcc/x86_64-linux-gnu/4.6.1/../../../x86_64-linux-gnu/crt1.o
 .rela.data.rel.ro._ZTI18DevMemSysAllocator
                0x0000000000000000        0x0 /usr/lib/gcc/x86_64-linux-gnu/4.6.1/../../../x86_64-linux-gnu/crt1.o
 .rela.data.rel.ro._ZTI19DefaultSysAllocator
                0x0000000000000000        0x0 /usr/lib/gcc/x86_64-linux-gnu/4.6.1/../../../x86_64-linux-gnu/crt1.o
 .rela.data.rel.ro._ZTV16SbrkSysAllocator
                0x0000000000000000        0x0 /usr/lib/gcc/x86_64-linux-gnu/4.6.1/../../../x86_64-linux-gnu/crt1.o
 .rela.data.rel.ro._ZTV16MmapSysAllocator
                0x0000000000000000        0x0 /usr/lib/gcc/x86_64-linux-gnu/4.6.1/../../../x86_64-linux-gnu/crt1.o
 .rela.data.rel.ro._ZTV18DevMemSysAllocator
                0x0000000000000000        0x0 /usr/lib/gcc/x86_64-linux-gnu/4.6.1/../../../x86_64-linux-gnu/crt1.o
 .rela.data.rel.ro._ZTV19DefaultSysAllocator
                0x0000000000000000        0x0 /usr/lib/gcc/x86_64-linux-gnu/4.6.1/../../../x86_64-linux-gnu/crt1.o
 .rela.data.DW.ref.__gxx_personality_v0
                0x0000000000000000        0x0 /usr/lib/gcc/x86_64-linux-gnu/4.6.1/../../../x86_64-linux-gnu/crt1.o
 *(.rela.tdata .rela.tdata.* .rela.gnu.linkonce.td.*)
 *(.rela.tbss .rela.tbss.* .rela.gnu.linkonce.tb.*)
 *(.rela.ctors)
 *(.rela.dtors)
 *(.rela.got)
 .rela.got      0x0000000000405df0      0x918 /usr/lib/gcc/x86_64-linux-gnu/4.6.1/../../../x86_64-linux-gnu/crt1.o
 *(.rela.bss .rela.bss.* .rela.gnu.linkonce.b.*)
 .rela.bss      0x0000000000406708      0x1f8 /usr/lib/gcc/x86_64-linux-gnu/4.6.1/../../../x86_64-linux-gnu/crt1.o
 *(.rela.ldata .rela.ldata.* .rela.gnu.linkonce.l.*)
 *(.rela.lbss .rela.lbss.* .rela.gnu.linkonce.lb.*)
 *(.rela.lrodata .rela.lrodata.* .rela.gnu.linkonce.lr.*)
 *(.rela.ifunc)
 .rela.eh_frame
                0x0000000000000000        0x0 /usr/lib/gcc/x86_64-linux-gnu/4.6.1/../../../x86_64-linux-gnu/crt1.o
 .rela.gcc_except_table
                0x0000000000000000        0x0 /usr/lib/gcc/x86_64-linux-gnu/4.6.1/../../../x86_64-linux-gnu/crt1.o
 .relagoogle_malloc
                0x0000000000000000        0x0 /usr/lib/gcc/x86_64-linux-gnu/4.6.1/../../../x86_64-linux-gnu/crt1.o

.rela.plt       0x0000000000406900     0x1b18
 *(.rela.plt)
 .rela.plt      0x0000000000406900     0x1b18 /usr/lib/gcc/x86_64-linux-gnu/4.6.1/../../../x86_64-linux-gnu/crt1.o
                0x0000000000408418                PROVIDE (__rela_iplt_start, .)
 *(.rela.iplt)
 .rela.iplt     0x0000000000000000        0x0 /usr/lib/gcc/x86_64-linux-gnu/4.6.1/../../../x86_64-linux-gnu/crt1.o
                0x0000000000408418                PROVIDE (__rela_iplt_end, .)

.init           0x0000000000408418       0x18
 *(.init)
 .init          0x0000000000408418        0x9 /usr/lib/gcc/x86_64-linux-gnu/4.6.1/../../../x86_64-linux-gnu/crti.o
                0x0000000000408418                _init
 .init          0x0000000000408421        0x5 /usr/lib/gcc/x86_64-linux-gnu/4.6.1/crtbegin.o
 .init          0x0000000000408426        0x5 /usr/lib/gcc/x86_64-linux-gnu/4.6.1/crtend.o
 .init          0x000000000040842b        0x5 /usr/lib/gcc/x86_64-linux-gnu/4.6.1/../../../x86_64-linux-gnu/crtn.o

.plt            0x0000000000408430     0x1220
 *(.plt)
 .plt           0x0000000000408430     0x1220 /usr/lib/gcc/x86_64-linux-gnu/4.6.1/../../../x86_64-linux-gnu/crt1.o
                0x0000000000408440                sem_destroy@@GLIBC_2.2.5
                0x0000000000408450                __printf_chk@@GLIBC_2.3.4
                0x0000000000408460                pthread_cond_signal@@GLIBC_2.3.2
                0x0000000000408470                _ZNSo3putEc@@GLIBCXX_3.4
                0x0000000000408480                __errno_location@@GLIBC_2.2.5
                0x0000000000408490                pthread_cancel@@GLIBC_2.2.5
                0x00000000004084a0                syscall@@GLIBC_2.2.5
                0x00000000004084b0                deflateInit2_
                0x00000000004084c0                isspace@@GLIBC_2.2.5
                0x00000000004084d0                uname@@GLIBC_2.2.5
                0x00000000004084e0                msync@@GLIBC_2.2.5
                0x00000000004084f0                strtoll@@GLIBC_2.2.5
                0x0000000000408500                MPI_Init_thread
                0x0000000000408510                _ZSt29_Rb_tree_insert_and_rebalancebPSt18_Rb_tree_node_baseS0_RS_@@GLIBCXX_3.4
                0x0000000000408520                MPI_Bcast
                0x0000000000408530                EVP_cleanup@@OPENSSL_1.0.0
                0x0000000000408540                _ZNSs6appendEPKcm@@GLIBCXX_3.4
                0x0000000000408550                _ZNSdD2Ev@@GLIBCXX_3.4
                0x0000000000408560                globfree@@GLIBC_2.2.5
                0x0000000000408570                _ZNSs12_M_leak_hardEv@@GLIBCXX_3.4
                0x0000000000408580                _ZNKSs4findEPKcmm@@GLIBCXX_3.4
                0x0000000000408590                strstr@@GLIBC_2.2.5
                0x00000000004085a0                _ZNKSs7compareEPKc@@GLIBCXX_3.4
                0x00000000004085b0                ERR_free_strings@@OPENSSL_1.0.0
                0x00000000004085c0                socket@@GLIBC_2.2.5
                0x00000000004085d0                pthread_mutex_trylock@@GLIBC_2.2.5
                0x00000000004085e0                fork@@GLIBC_2.2.5
                0x00000000004085f0                __vfprintf_chk@@GLIBC_2.3.4
                0x0000000000408600                _ZSt9terminatev@@GLIBCXX_3.4
                0x0000000000408610                _ZNSs6insertEmPKcm@@GLIBCXX_3.4
                0x0000000000408620                dl_iterate_phdr@@GLIBC_2.2.5
                0x0000000000408630                execlp@@GLIBC_2.2.5
                0x0000000000408640                _ZNSt8ios_baseC2Ev@@GLIBCXX_3.4
                0x0000000000408650                _ZNSt18basic_stringstreamIcSt11char_traitsIcESaIcEEC1ERKSsSt13_Ios_Openmode@@GLIBCXX_3.4
                0x0000000000408660                _ZNKSs17find_first_not_ofEcm@@GLIBCXX_3.4
                0x0000000000408670                nanosleep@@GLIBC_2.2.5
                0x0000000000408680                erand48@@GLIBC_2.2.5
                0x0000000000408690                MPI_Probe
                0x00000000004086a0                sigfillset@@GLIBC_2.2.5
                0x00000000004086b0                strtoul@@GLIBC_2.2.5
                0x00000000004086c0                log@@GLIBC_2.2.5
                0x00000000004086d0                _ZNSt8ios_baseD2Ev@@GLIBCXX_3.4
                0x00000000004086e0                strerror@@GLIBC_2.2.5
                0x00000000004086f0                gzeof
                0x0000000000408700                write@@GLIBC_2.2.5
                0x0000000000408710                MPI_Send
                0x0000000000408720                _ZSt17__throw_bad_allocv@@GLIBCXX_3.4
                0x0000000000408730                strchr@@GLIBC_2.2.5
                0x0000000000408740                _ZNSs14_M_replace_auxEmmmc@@GLIBCXX_3.4
                0x0000000000408750                ctime@@GLIBC_2.2.5
                0x0000000000408760                __cxa_begin_catch@@CXXABI_1.3
                0x0000000000408770                strspn@@GLIBC_2.2.5
                0x0000000000408780                asctime@@GLIBC_2.2.5
                0x0000000000408790                strlen@@GLIBC_2.2.5
                0x00000000004087a0                pthread_mutexattr_destroy@@GLIBC_2.2.5
                0x00000000004087b0                memcmp@@GLIBC_2.2.5
                0x00000000004087c0                deflate
                0x00000000004087d0                unlink@@GLIBC_2.2.5
                0x00000000004087e0                strncmp@@GLIBC_2.2.5
                0x00000000004087f0                sigprocmask@@GLIBC_2.2.5
                0x0000000000408800                _ZSt4endlIcSt11char_traitsIcEERSt13basic_ostreamIT_T0_ES6_@@GLIBCXX_3.4
                0x0000000000408810                __cxa_allocate_exception@@CXXABI_1.3
                0x0000000000408820                pthread_join@@GLIBC_2.2.5
                0x0000000000408830                getuid@@GLIBC_2.2.5
                0x0000000000408840                log10@@GLIBC_2.2.5
                0x0000000000408850                _ZNSsC1EPKcmRKSaIcE@@GLIBCXX_3.4
                0x0000000000408860                strncpy@@GLIBC_2.2.5
                0x0000000000408870                _ZSt20__throw_length_errorPKc@@GLIBCXX_3.4
                0x0000000000408880                memset@@GLIBC_2.2.5
                0x0000000000408890                abort@@GLIBC_2.2.5
                0x00000000004088a0                getrusage@@GLIBC_2.2.5
                0x00000000004088b0                MPI_Issend
                0x00000000004088c0                _ZNSsC1ERKSs@@GLIBCXX_3.4
                0x00000000004088d0                pthread_create@@GLIBC_2.2.5
                0x00000000004088e0                RSA_free@@OPENSSL_1.0.0
                0x00000000004088f0                geteuid@@GLIBC_2.2.5
                0x0000000000408900                fseeko@@GLIBC_2.2.5
                0x0000000000408910                __sprintf_chk@@GLIBC_2.3.4
                0x0000000000408920                deflateEnd
                0x0000000000408930                _ZSt28_Rb_tree_rebalance_for_erasePSt18_Rb_tree_node_baseRS_@@GLIBCXX_3.4
                0x0000000000408940                pthread_key_create@@GLIBC_2.2.5
                0x0000000000408950                pthread_attr_setscope@@GLIBC_2.2.5
                0x0000000000408960                MD5@@OPENSSL_1.0.0
                0x0000000000408970                __snprintf_chk@@GLIBC_2.3.4
                0x0000000000408980                _ZSt18_Rb_tree_decrementPKSt18_Rb_tree_node_base@@GLIBCXX_3.4
                0x0000000000408990                RSA_new@@OPENSSL_1.0.0
                0x00000000004089a0                getnameinfo@@GLIBC_2.2.5
                0x00000000004089b0                _ZNSt9bad_allocD1Ev@@GLIBCXX_3.4
                0x00000000004089c0                __cxa_guard_abort@@CXXABI_1.3
                0x00000000004089d0                __cxa_guard_release@@CXXABI_1.3
                0x00000000004089e0                sysconf@@GLIBC_2.2.5
                0x00000000004089f0                __assert_fail@@GLIBC_2.2.5
                0x0000000000408a00                pthread_attr_setstacksize@@GLIBC_2.2.5
                0x0000000000408a10                mktime@@GLIBC_2.2.5
                0x0000000000408a20                _ZNSs6appendEmc@@GLIBCXX_3.4
                0x0000000000408a30                _ZNSo9_M_insertImEERSoT_@@GLIBCXX_3.4.9
                0x0000000000408a40                _ZNSo5flushEv@@GLIBCXX_3.4
                0x0000000000408a50                _ZNSt13runtime_errorC1ERKSs@@GLIBCXX_3.4
                0x0000000000408a60                _ZSt18_Rb_tree_incrementPSt18_Rb_tree_node_base@@GLIBCXX_3.4
                0x0000000000408a70                _ZSt19__throw_logic_errorPKc@@GLIBCXX_3.4
                0x0000000000408a80                crc32
                0x0000000000408a90                sscanf@@GLIBC_2.2.5
                0x0000000000408aa0                MPI_Barrier
                0x0000000000408ab0                __cxa_free_exception@@CXXABI_1.3
                0x0000000000408ac0                open@@GLIBC_2.2.5
                0x0000000000408ad0                localtime@@GLIBC_2.2.5
                0x0000000000408ae0                _ZNKSt15basic_stringbufIcSt11char_traitsIcESaIcEE3strEv@@GLIBCXX_3.4
                0x0000000000408af0                sleep@@GLIBC_2.2.5
                0x0000000000408b00                pthread_mutex_unlock@@GLIBC_2.2.5
                0x0000000000408b10                sem_post@@GLIBC_2.2.5
                0x0000000000408b20                __sbrk@@GLIBC_2.2.5
                0x0000000000408b30                strtod@@GLIBC_2.2.5
                0x0000000000408b40                MPI_Finalize
                0x0000000000408b50                _ZNKSs4findEcm@@GLIBCXX_3.4
                0x0000000000408b60                sqrt@@GLIBC_2.2.5
                0x0000000000408b70                inflate
                0x0000000000408b80                _ZNSt15basic_stringbufIcSt11char_traitsIcESaIcEE7_M_syncEPcmm@@GLIBCXX_3.4
                0x0000000000408b90                _ZNSs7reserveEm@@GLIBCXX_3.4
                0x0000000000408ba0                _ZNSs4_Rep10_M_destroyERKSaIcE@@GLIBCXX_3.4
                0x0000000000408bb0                __register_atfork@@GLIBC_2.3.2
                0x0000000000408bc0                MPI_Recv
                0x0000000000408bd0                __vsnprintf_chk@@GLIBC_2.3.4
                0x0000000000408be0                __memmove_chk@@GLIBC_2.3.4
                0x0000000000408bf0                connect@@GLIBC_2.2.5
                0x0000000000408c00                perror@@GLIBC_2.2.5
                0x0000000000408c10                MPI_Type_extent
                0x0000000000408c20                __strcpy_chk@@GLIBC_2.3.4
                0x0000000000408c30                inflateInit2_
                0x0000000000408c40                socketpair@@GLIBC_2.2.5
                0x0000000000408c50                __cxa_atexit@@GLIBC_2.2.5
                0x0000000000408c60                pthread_self@@GLIBC_2.2.5
                0x0000000000408c70                pow@@GLIBC_2.2.5
                0x0000000000408c80                time@@GLIBC_2.2.5
                0x0000000000408c90                dup2@@GLIBC_2.2.5
                0x0000000000408ca0                strcpy@@GLIBC_2.2.5
                0x0000000000408cb0                _ZNSo9_M_insertIlEERSoT_@@GLIBCXX_3.4.9
                0x0000000000408cc0                select@@GLIBC_2.2.5
                0x0000000000408cd0                __strcat_chk@@GLIBC_2.3.4
                0x0000000000408ce0                _ZNSt19basic_istringstreamIcSt11char_traitsIcESaIcEED1Ev@@GLIBCXX_3.4
                0x0000000000408cf0                _ZStlsISt11char_traitsIcEERSt13basic_ostreamIcT_ES5_PKc@@GLIBCXX_3.4
                0x0000000000408d00                _ZNSs6resizeEmc@@GLIBCXX_3.4
                0x0000000000408d10                fclose@@GLIBC_2.2.5
                0x0000000000408d20                __xstat@@GLIBC_2.2.5
                0x0000000000408d30                _ZNSt13runtime_errorD1Ev@@GLIBCXX_3.4
                0x0000000000408d40                BN_hex2bn@@OPENSSL_1.0.0
                0x0000000000408d50                pthread_detach@@GLIBC_2.2.5
                0x0000000000408d60                _ZSt18_Rb_tree_decrementPSt18_Rb_tree_node_base@@GLIBCXX_3.4
                0x0000000000408d70                RSA_public_decrypt@@OPENSSL_1.0.0
                0x0000000000408d80                MPI_Abort
                0x0000000000408d90                inflateEnd
                0x0000000000408da0                freopen@@GLIBC_2.2.5
                0x0000000000408db0                __fxstat@@GLIBC_2.2.5
                0x0000000000408dc0                CRYPTO_cleanup_all_ex_data@@OPENSSL_1.0.0
                0x0000000000408dd0                _ZNSs6appendERKSs@@GLIBCXX_3.4
                0x0000000000408de0                strcasecmp@@GLIBC_2.2.5
                0x0000000000408df0                strrchr@@GLIBC_2.2.5
                0x0000000000408e00                memchr@@GLIBC_2.2.5
                0x0000000000408e10                __stack_chk_fail@@GLIBC_2.4
                0x0000000000408e20                fputs@@GLIBC_2.2.5
                0x0000000000408e30                sem_wait@@GLIBC_2.2.5
                0x0000000000408e40                _ZNSsC1EPKcRKSaIcE@@GLIBCXX_3.4
                0x0000000000408e50                _ZSt16__ostream_insertIcSt11char_traitsIcEERSt13basic_ostreamIT_T0_ES6_PKS3_l@@GLIBCXX_3.4.9
                0x0000000000408e60                _ZNKSt5ctypeIcE13_M_widen_initEv@@GLIBCXX_3.4.11
                0x0000000000408e70                regcomp@@GLIBC_2.2.5
                0x0000000000408e80                _ZSt18_Rb_tree_incrementPKSt18_Rb_tree_node_base@@GLIBCXX_3.4
                0x0000000000408e90                _ZNSs6appendERKSsmm@@GLIBCXX_3.4
                0x0000000000408ea0                _ZSt7getlineIcSt11char_traitsIcESaIcEERSt13basic_istreamIT_T0_ES7_RSbIS4_S5_T1_ES4_@@GLIBCXX_3.4
                0x0000000000408eb0                pthread_mutex_destroy@@GLIBC_2.2.5
                0x0000000000408ec0                MPI_Comm_size
                0x0000000000408ed0                fflush@@GLIBC_2.2.5
                0x0000000000408ee0                fopen@@GLIBC_2.2.5
                0x0000000000408ef0                _ZNSs6assignEPKcm@@GLIBCXX_3.4
                0x0000000000408f00                signal@@GLIBC_2.2.5
                0x0000000000408f10                madvise@@GLIBC_2.2.5
                0x0000000000408f20                pthread_cond_init@@GLIBC_2.3.2
                0x0000000000408f30                exit@@GLIBC_2.2.5
                0x0000000000408f40                pthread_attr_init@@GLIBC_2.2.5
                0x0000000000408f50                getenv@@GLIBC_2.2.5
                0x0000000000408f60                regexec@@GLIBC_2.3.4
                0x0000000000408f70                ftello@@GLIBC_2.2.5
                0x0000000000408f80                wait@@GLIBC_2.2.5
                0x0000000000408f90                fputc@@GLIBC_2.2.5
                0x0000000000408fa0                getaddrinfo@@GLIBC_2.2.5
                0x0000000000408fb0                strncasecmp@@GLIBC_2.2.5
                0x0000000000408fc0                _ZSt16__throw_bad_castv@@GLIBCXX_3.4
                0x0000000000408fd0                __cxa_call_unexpected@@CXXABI_1.3
                0x0000000000408fe0                confstr@@GLIBC_2.2.5
                0x0000000000408ff0                _ZStlsIcSt11char_traitsIcESaIcEERSt13basic_ostreamIT_T0_ES7_RKSbIS4_S5_T1_E@@GLIBCXX_3.4
                0x0000000000409000                prctl@@GLIBC_2.2.5
                0x0000000000409010                _ZNSs6assignERKSs@@GLIBCXX_3.4
                0x0000000000409020                freeaddrinfo@@GLIBC_2.2.5
                0x0000000000409030                sysinfo@@GLIBC_2.2.5
                0x0000000000409040                pthread_attr_setdetachstate@@GLIBC_2.2.5
                0x0000000000409050                exp@@GLIBC_2.2.5
                0x0000000000409060                glob@@GLIBC_2.2.5
                0x0000000000409070                MPI_Waitany
                0x0000000000409080                strtoull@@GLIBC_2.2.5
                0x0000000000409090                _ZNSt9basic_iosIcSt11char_traitsIcEE4initEPSt15basic_streambufIcS1_E@@GLIBCXX_3.4
                0x00000000004090a0                _ZNSs9_M_mutateEmmm@@GLIBCXX_3.4
                0x00000000004090b0                MPI_Irecv
                0x00000000004090c0                _ZSt15set_new_handlerPFvvE@@GLIBCXX_3.4
                0x00000000004090d0                unsetenv@@GLIBC_2.2.5
                0x00000000004090e0                pthread_mutexattr_init@@GLIBC_2.2.5
                0x00000000004090f0                __memset_chk@@GLIBC_2.3.4
                0x0000000000409100                _ZNKSs5rfindEcm@@GLIBCXX_3.4
                0x0000000000409110                pthread_getspecific@@GLIBC_2.2.5
                0x0000000000409120                strcmp@@GLIBC_2.2.5
                0x0000000000409130                strtol@@GLIBC_2.2.5
                0x0000000000409140                ioctl@@GLIBC_2.2.5
                0x0000000000409150                _ZNSt6localeD1Ev@@GLIBCXX_3.4
                0x0000000000409160                _ZNSs6assignEPKc@@GLIBCXX_3.4
                0x0000000000409170                MPI_Comm_rank
                0x0000000000409180                MPI_Get_count
                0x0000000000409190                read@@GLIBC_2.2.5
                0x00000000004091a0                _ZSt20__throw_out_of_rangePKc@@GLIBCXX_3.4
                0x00000000004091b0                tolower@@GLIBC_2.2.5
                0x00000000004091c0                __cxa_rethrow@@CXXABI_1.3
                0x00000000004091d0                getpid@@GLIBC_2.2.5
                0x00000000004091e0                pthread_mutex_lock@@GLIBC_2.2.5
                0x00000000004091f0                iscntrl@@GLIBC_2.2.5
                0x0000000000409200                gzopen
                0x0000000000409210                backtrace_symbols@@GLIBC_2.2.5
                0x0000000000409220                _ZNSi10_M_extractItEERSiRT_@@GLIBCXX_3.4.9
                0x0000000000409230                pthread_mutex_init@@GLIBC_2.2.5
                0x0000000000409240                fread@@GLIBC_2.2.5
                0x0000000000409250                setenv@@GLIBC_2.2.5
                0x0000000000409260                poll@@GLIBC_2.2.5
                0x0000000000409270                pthread_cond_wait@@GLIBC_2.3.2
                0x0000000000409280                _ZNSt18basic_stringstreamIcSt11char_traitsIcESaIcEED1Ev@@GLIBCXX_3.4
                0x0000000000409290                _ZNSt8ios_base4InitC1Ev@@GLIBCXX_3.4
                0x00000000004092a0                puts@@GLIBC_2.2.5
                0x00000000004092b0                feof@@GLIBC_2.2.5
                0x00000000004092c0                fnmatch@@GLIBC_2.2.5
                0x00000000004092d0                atoi@@GLIBC_2.2.5
                0x00000000004092e0                _ZNSsC1ERKSsmm@@GLIBCXX_3.4
                0x00000000004092f0                fgetc@@GLIBC_2.2.5
                0x0000000000409300                _ZNSsD1Ev@@GLIBCXX_3.4
                0x0000000000409310                fgets@@GLIBC_2.2.5
                0x0000000000409320                BZ2_bzReadOpen
                0x0000000000409330                BZ2_bzRead
                0x0000000000409340                snprintf@@GLIBC_2.2.5
                0x0000000000409350                isalpha@@GLIBC_2.2.5
                0x0000000000409360                pthread_setaffinity_np@@GLIBC_2.3.4
                0x0000000000409370                ENGINE_cleanup@@OPENSSL_1.0.0
                0x0000000000409380                gettimeofday@@GLIBC_2.2.5
                0x0000000000409390                memmove@@GLIBC_2.2.5
                0x00000000004093a0                _exit@@GLIBC_2.2.5
                0x00000000004093b0                __cxa_end_catch@@CXXABI_1.3
                0x00000000004093c0                __fprintf_chk@@GLIBC_2.3.4
                0x00000000004093d0                pthread_once@@GLIBC_2.2.5
                0x00000000004093e0                __gxx_personality_v0@@CXXABI_1.3
                0x00000000004093f0                access@@GLIBC_2.2.5
                0x0000000000409400                __tls_get_addr@@GLIBC_2.3
                0x0000000000409410                floor@@GLIBC_2.2.5
                0x0000000000409420                __powidf2@@GCC_4.0.0
                0x0000000000409430                gzclose
                0x0000000000409440                gzgets
                0x0000000000409450                __cxa_throw@@CXXABI_1.3
                0x0000000000409460                memcpy@@GLIBC_2.2.5
                0x0000000000409470                _ZNSolsEi@@GLIBCXX_3.4
                0x0000000000409480                sem_init@@GLIBC_2.2.5
                0x0000000000409490                _ZNSi10_M_extractIjEERSiRT_@@GLIBCXX_3.4.9
                0x00000000004094a0                _Unwind_Resume@@GCC_3.0
                0x00000000004094b0                pthread_exit@@GLIBC_2.2.5
                0x00000000004094c0                strcat@@GLIBC_2.2.5
                0x00000000004094d0                getpagesize@@GLIBC_2.2.5
                0x00000000004094e0                nrand48@@GLIBC_2.2.5
                0x00000000004094f0                __cxa_guard_acquire@@CXXABI_1.3
                0x0000000000409500                _ZNSs6appendEPKc@@GLIBCXX_3.4
                0x0000000000409510                pthread_setspecific@@GLIBC_2.2.5
                0x0000000000409520                _ZNKSs7compareEmmPKc@@GLIBCXX_3.4
                0x0000000000409530                _ZNSt9exceptionD2Ev@@GLIBCXX_3.4
                0x0000000000409540                toupper@@GLIBC_2.2.5
                0x0000000000409550                _ZNKSs17find_first_not_ofEPKcmm@@GLIBCXX_3.4
                0x0000000000409560                lseek@@GLIBC_2.2.5
                0x0000000000409570                __libc_start_main@@GLIBC_2.2.5
                0x0000000000409580                __cxa_pure_virtual@@CXXABI_1.3
                0x0000000000409590                qsort@@GLIBC_2.2.5
                0x00000000004095a0                _ZNKSs13find_first_ofEPKcmm@@GLIBCXX_3.4
                0x00000000004095b0                BZ2_bzReadClose
                0x00000000004095c0                _ZNSs4_Rep9_S_createEmmRKSaIcE@@GLIBCXX_3.4
                0x00000000004095d0                pthread_cond_destroy@@GLIBC_2.3.2
                0x00000000004095e0                fwrite@@GLIBC_2.2.5
                0x00000000004095f0                close@@GLIBC_2.2.5
                0x0000000000409600                RSA_size@@OPENSSL_1.0.0
                0x0000000000409610                logf@@GLIBC_2.2.5
                0x0000000000409620                _ZNSt6localeC1Ev@@GLIBCXX_3.4
                0x0000000000409630                _ZNSt8ios_base4InitD1Ev@@GLIBCXX_3.4
                0x0000000000409640                _ZNSt15basic_streambufIcSt11char_traitsIcEED2Ev@@GLIBCXX_3.4
 *(.iplt)
 .iplt          0x0000000000000000        0x0 /usr/lib/gcc/x86_64-linux-gnu/4.6.1/../../../x86_64-linux-gnu/crt1.o

.text           0x0000000000409650    0xb9038
 *(.text.unlikely .text.*_unlikely)
 .text.unlikely
                0x0000000000409650       0x34 novoalignMPI.a(nawm.o)
 .text.unlikely
                0x0000000000409684      0x3c1 ./tcmalloc/libtcmalloc.a(libtcmalloc_la-tcmalloc.o)
 *fill*         0x0000000000409a45        0x1 90909090
 .text.unlikely
                0x0000000000409a46       0x1c ./tcmalloc/libtcmalloc.a(libtcmalloc_la-heap-checker.o)
 .text.unlikely
                0x0000000000409a62       0x47 ./tcmalloc/libtcmalloc.a(libtcmalloc_internal_la-low_level_alloc.o)
 *fill*         0x0000000000409aa9        0x1 90909090
 .text.unlikely
                0x0000000000409aaa       0x23 ./tcmalloc/libtcmalloc.a(libtcmalloc_internal_la-memory_region_map.o)
 *(.text.exit .text.exit.*)
 *(.text.startup .text.startup.*)
 *fill*         0x0000000000409acd        0x3 90909090
 .text.startup  0x0000000000409ad0      0x2f2 novoalignMPI.a(novoalignMPI_main.o)
                0x0000000000409ad0                main
 *fill*         0x0000000000409dc2        0xe 90909090
 .text.startup  0x0000000000409dd0       0x26 novoalignMPI.a(fragdist.o)
 *fill*         0x0000000000409df6        0xa 90909090
 .text.startup  0x0000000000409e00       0x26 novoalignMPI.a(indelstats.o)
 *fill*         0x0000000000409e26        0xa 90909090
 .text.startup  0x0000000000409e30       0x26 novoalignMPI.a(ksindex.o)
 *fill*         0x0000000000409e56        0xa 90909090
 .text.startup  0x0000000000409e60       0x26 novoalignMPI.a(novoalignmpi.o)
 *fill*         0x0000000000409e86        0xa 90909090
 .text.startup  0x0000000000409e90       0x26 novoalignMPI.a(novoparam.o)
 *fill*         0x0000000000409eb6        0xa 90909090
 .text.startup  0x0000000000409ec0       0x26 novoalignMPI.a(prbcalibrate.o)
 *fill*         0x0000000000409ee6        0xa 90909090
 .text.startup  0x0000000000409ef0       0x26 novoalignMPI.a(prbcalibrateMPI.o)
 *fill*         0x0000000000409f16        0xa 90909090
 .text.startup  0x0000000000409f20       0x12 novoalignMPI.a(qualconvert.o)
 *fill*         0x0000000000409f32        0xe 90909090
 .text.startup  0x0000000000409f40       0x26 novoalignMPI.a(queryfolder.o)
 *fill*         0x0000000000409f66        0xa 90909090
 .text.startup  0x0000000000409f70       0x26 novoalignMPI.a(queryreader.o)
 *fill*         0x0000000000409f96        0xa 90909090
 .text.startup  0x0000000000409fa0       0x26 novoalignMPI.a(queryreaderBS.o)
 *fill*         0x0000000000409fc6        0xa 90909090
 .text.startup  0x0000000000409fd0       0x26 novoalignMPI.a(queryformat.o)
 *fill*         0x0000000000409ff6        0xa 90909090
 .text.startup  0x000000000040a000       0x26 novoalignMPI.a(reporter.o)
 *fill*         0x000000000040a026        0xa 90909090
 .text.startup  0x000000000040a030       0x26 novoalignMPI.a(rptNative.o)
 *fill*         0x000000000040a056        0xa 90909090
 .text.startup  0x000000000040a060       0x26 novoalignMPI.a(rptSAM.o)
 *fill*         0x000000000040a086        0xa 90909090
 .text.startup  0x000000000040a090       0x26 novoalignMPI.a(TThread.o)
 *fill*         0x000000000040a0b6        0xa 90909090
 .text.startup  0x000000000040a0c0       0x26 novoalignMPI.a(TThreadPool.o)
 *fill*         0x000000000040a0e6        0xa 90909090
 .text.startup  0x000000000040a0f0       0x26 novoalignMPI.a(TTimer.o)
 *fill*         0x000000000040a116        0xa 90909090
 .text.startup  0x000000000040a120       0x26 novoalignMPI.a(wmsearch.o)
 *fill*         0x000000000040a146        0xa 90909090
 .text.startup  0x000000000040a150       0x26 novoalignMPI.a(filehandle.o)
 *fill*         0x000000000040a176        0xa 90909090
 .text.startup  0x000000000040a180       0x26 novoalignMPI.a(findamate.o)
 *fill*         0x000000000040a1a6        0xa 90909090
 .text.startup  0x000000000040a1b0       0x26 novoalignMPI.a(fragdistMPI.o)
 *fill*         0x000000000040a1d6        0xa 90909090
 .text.startup  0x000000000040a1e0        0xa novoalignMPI.a(iubcodes.o)
 *fill*         0x000000000040a1ea        0x6 90909090
 .text.startup  0x000000000040a1f0       0x26 novoalignMPI.a(keygen.o)
 *fill*         0x000000000040a216        0xa 90909090
 .text.startup  0x000000000040a220       0x26 novoalignMPI.a(nawm.o)
 *fill*         0x000000000040a246        0xa 90909090
 .text.startup  0x000000000040a250       0x26 novoalignMPI.a(needle.o)
 *fill*         0x000000000040a276        0xa 90909090
 .text.startup  0x000000000040a280       0x26 novoalignMPI.a(pe_adapter.o)
 *fill*         0x000000000040a2a6        0xa 90909090
 .text.startup  0x000000000040a2b0       0x26 novoalignMPI.a(qryopt.o)
 *fill*         0x000000000040a2d6        0xa 90909090
 .text.startup  0x000000000040a2e0       0x26 novoalignMPI.a(se_adapter.o)
 *fill*         0x000000000040a306        0xa 90909090
 .text.startup  0x000000000040a310       0x26 novoalignMPI.a(shortnw.o)
 *fill*         0x000000000040a336        0xa 90909090
 .text.startup  0x000000000040a340       0x26 bamtools/bamtools.a(BamAlignment.o)
 *fill*         0x000000000040a366        0xa 90909090
 .text.startup  0x000000000040a370       0x26 bamtools/bamtools.a(BamReader.o)
 *fill*         0x000000000040a396        0xa 90909090
 .text.startup  0x000000000040a3a0       0x26 bamtools/bamtools.a(BamReader_p.o)
 *fill*         0x000000000040a3c6        0xa 90909090
 .text.startup  0x000000000040a3d0       0x26 bamtools/bamtools.a(BamHeader_p.o)
 *fill*         0x000000000040a3f6        0xa 90909090
 .text.startup  0x000000000040a400       0x26 bamtools/bamtools.a(BamRandomAccessController_p.o)
 *fill*         0x000000000040a426        0xa 90909090
 .text.startup  0x000000000040a430       0x26 bamtools/bamtools.a(BgzfStream_p.o)
 *fill*         0x000000000040a456        0xa 90909090
 .text.startup  0x000000000040a460      0x757 bamtools/bamtools.a(SamHeader.o)
 *fill*         0x000000000040abb7        0x9 90909090
 .text.startup  0x000000000040abc0       0x26 bamtools/bamtools.a(BamIndexFactory_p.o)
 *fill*         0x000000000040abe6        0xa 90909090
 .text.startup  0x000000000040abf0       0x4f bamtools/bamtools.a(BamToolsIndex_p.o)
 *fill*         0x000000000040ac3f        0x1 90909090
 .text.startup  0x000000000040ac40      0x757 bamtools/bamtools.a(SamFormatPrinter_p.o)
 *fill*         0x000000000040b397        0x9 90909090
 .text.startup  0x000000000040b3a0       0x4f bamtools/bamtools.a(BamStandardIndex_p.o)
 *fill*         0x000000000040b3ef        0x1 90909090
 .text.startup  0x000000000040b3f0       0x31 bamtools/bamtools.a(BamException_p.o)
 *fill*         0x000000000040b421        0xf 90909090
 .text.startup  0x000000000040b430       0x26 bamtools/bamtools.a(BamDeviceFactory_p.o)
 *fill*         0x000000000040b456        0xa 90909090
 .text.startup  0x000000000040b460       0x26 bamtools/bamtools.a(BamFile_p.o)
 *fill*         0x000000000040b486        0xa 90909090
 .text.startup  0x000000000040b490      0x207 bamtools/bamtools.a(BamFtp_p.o)
 *fill*         0x000000000040b697        0x9 90909090
 .text.startup  0x000000000040b6a0       0x26 bamtools/bamtools.a(BamPipe_p.o)
 *fill*         0x000000000040b6c6        0xa 90909090
 .text.startup  0x000000000040b6d0      0x13f bamtools/bamtools.a(BamHttp_p.o)
 *fill*         0x000000000040b80f        0x1 90909090
 .text.startup  0x000000000040b810       0x81 bamtools/bamtools.a(HttpHeader_p.o)
 *fill*         0x000000000040b891        0xf 90909090
 .text.startup  0x000000000040b8a0       0x26 bamtools/bamtools.a(TcpSocketEngine_unix_p.o)
 *fill*         0x000000000040b8c6        0xa 90909090
 .text.startup  0x000000000040b8d0       0x26 bamtools/bamtools.a(SamProgramChain.o)
 *fill*         0x000000000040b8f6        0xa 90909090
 .text.startup  0x000000000040b900      0x897 bamtools/bamtools.a(SamHeaderValidator_p.o)
 *fill*         0x000000000040c197        0x9 90909090
 .text.startup  0x000000000040c1a0       0x26 bamtools/bamtools.a(SamSequenceDictionary.o)
 *fill*         0x000000000040c1c6        0xa 90909090
 .text.startup  0x000000000040c1d0      0x757 bamtools/bamtools.a(SamFormatParser_p.o)
 *fill*         0x000000000040c927        0x9 90909090
 .text.startup  0x000000000040c930       0x26 bamtools/bamtools.a(SamReadGroupDictionary.o)
 *fill*         0x000000000040c956        0xa 90909090
 .text.startup  0x000000000040c960       0x7d ./tcmalloc/libtcmalloc.a(libtcmalloc_la-tcmalloc.o)
 *fill*         0x000000000040c9dd        0x3 90909090
 .text.startup  0x000000000040c9e0      0x123 ./tcmalloc/libtcmalloc.a(atomicops-internals-x86.o)
 *fill*         0x000000000040cb03        0xd 90909090
 .text.startup  0x000000000040cb10       0x7e ./tcmalloc/libtcmalloc.a(libtcmalloc_internal_la-page_heap.o)
 *fill*         0x000000000040cb8e        0x2 90909090
 .text.startup  0x000000000040cb90       0x44 ./tcmalloc/libtcmalloc.a(libtcmalloc_internal_la-sampler.o)
 *fill*         0x000000000040cbd4        0xc 90909090
 .text.startup  0x000000000040cbe0       0x64 ./tcmalloc/libtcmalloc.a(libtcmalloc_internal_la-static_vars.o)
 *fill*         0x000000000040cc44        0xc 90909090
 .text.startup  0x000000000040cc50      0x141 ./tcmalloc/libtcmalloc.a(libtcmalloc_internal_la-system-alloc.o)
 *fill*         0x000000000040cd91        0xf 90909090
 .text.startup  0x000000000040cda0       0x47 ./tcmalloc/libtcmalloc.a(libtcmalloc_internal_la-thread_cache.o)
 *fill*         0x000000000040cde7        0x9 90909090
 .text.startup  0x000000000040cdf0       0x42 ./tcmalloc/libtcmalloc.a(logging.o)
 *fill*         0x000000000040ce32        0xe 90909090
 .text.startup  0x000000000040ce40       0x1d ./tcmalloc/libtcmalloc.a(spinlock.o)
 *fill*         0x000000000040ce5d        0x3 90909090
 .text.startup  0x000000000040ce60       0x95 ./tcmalloc/libtcmalloc.a(spinlock_internal.o)
 *fill*         0x000000000040cef5        0xb 90909090
 .text.startup  0x000000000040cf00      0x32d ./tcmalloc/libtcmalloc.a(libtcmalloc_la-heap-checker.o)
 *fill*         0x000000000040d22d        0x3 90909090
 .text.startup  0x000000000040d230       0x44 ./tcmalloc/libtcmalloc.a(libtcmalloc_la-heap-checker-bcad.o)
 *fill*         0x000000000040d274        0xc 90909090
 .text.startup  0x000000000040d280       0x8a ./tcmalloc/libtcmalloc.a(libtcmalloc_internal_la-heap-profile-table.o)
 *fill*         0x000000000040d30a        0x6 90909090
 .text.startup  0x000000000040d310        0xf ./tcmalloc/libtcmalloc.a(libtcmalloc_internal_la-memory_region_map.o)
 *fill*         0x000000000040d31f        0x1 90909090
 .text.startup  0x000000000040d320       0x7d ./tcmalloc/libtcmalloc.a(libtcmalloc_internal_la-symbolize.o)
 *(.text.hot .text.hot.*)
 *(.text .stub .text.* .gnu.linkonce.t.*)
 *fill*         0x000000000040d39d        0x3 90909090
 .text          0x000000000040d3a0       0x2c /usr/lib/gcc/x86_64-linux-gnu/4.6.1/../../../x86_64-linux-gnu/crt1.o
                0x000000000040d3a0                _start
 .text          0x000000000040d3cc       0x17 /usr/lib/gcc/x86_64-linux-gnu/4.6.1/../../../x86_64-linux-gnu/crti.o
 *fill*         0x000000000040d3e3        0xd 90909090
 .text          0x000000000040d3f0       0x92 /usr/lib/gcc/x86_64-linux-gnu/4.6.1/crtbegin.o
 *fill*         0x000000000040d482        0xe 90909090
 .text          0x000000000040d490      0x98a mpidriver.o
                0x000000000040d490                _ZN10mpi_driver11init_masterEiPPc
                0x000000000040d4a0                _ZN10mpi_driver13final_resultsEv
                0x000000000040d4b0                _ZN10mpi_driver10init_slaveEiPPc
                0x000000000040d4c0                _ZN10mpi_driver9eof_slaveEv
                0x000000000040d4d0                _ZN10mpi_driver11final_slaveEv
                0x000000000040d4e0                _ZN10mpi_driverC1Ev
                0x000000000040d4e0                _ZN10mpi_driverC2Ev
                0x000000000040d4f0                _ZN10mpi_driverD2Ev
                0x000000000040d4f0                _ZN10mpi_driverD1Ev
                0x000000000040d500                _ZN10mpi_driver10run_masterEiPPc
                0x000000000040dba0                _ZN10mpi_driver10run_slavesEiPPc
                0x000000000040dc50                _ZN10mpi_driver7run_mpiEiPPc
                0x000000000040dd50                _Z11NV_MPI_SendPvi11NV_Datatypeii
                0x000000000040dd70                _Z11NV_MPI_RecvPvi11NV_Datatype
                0x000000000040ddb0                _Z13NV_MPI_MsgLeni11NV_Datatype
                0x000000000040dde0                _Z3Diev
                0x000000000040ddf0                _Z12NV_MPI_BcastPvi11NV_Datatype
                0x000000000040de10                _Z7Barrierv
 *fill*         0x000000000040de1a        0x6 90909090
 .text._ZN10mpi_driver9syncPointEv
                0x000000000040de20        0x3 mpidriver.o
                0x000000000040de20                _ZN10mpi_driver9syncPointEv
 *fill*         0x000000000040de23        0xd 90909090
 .text._ZN10mpi_driver6syncedEv
                0x000000000040de30        0x2 mpidriver.o
                0x000000000040de30                _ZN10mpi_driver6syncedEv
 *fill*         0x000000000040de32        0xe 90909090
 .text          0x000000000040de40       0xac trace.o
                0x000000000040de40                _Z11print_tracev
                0x000000000040ded0                _Z11cleanCryptov
 *fill*         0x000000000040deec        0x4 90909090
 .text          0x000000000040def0       0x2b novoalignMPI.a(novoalignMPI_main.o)
                0x000000000040def0                leave
 *fill*         0x000000000040df1b        0x5 90909090
 .text._ZN6TMutexD2Ev
                0x000000000040df20       0x13 novoalignMPI.a(novoalignMPI_main.o)
                0x000000000040df20                _ZN6TMutexD1Ev
                0x000000000040df20                _ZN6TMutexD2Ev
 *fill*         0x000000000040df33        0xd 90909090
 .text._ZN10alignstats6reportEP8_IO_FILE
                0x000000000040df40      0x1b0 novoalignMPI.a(novoalignMPI_main.o)
                0x000000000040df40                _ZN10alignstats6reportEP8_IO_FILE
 .text._ZN6TMutexC2Ev
                0x000000000040e0f0       0x36 novoalignMPI.a(novoalignMPI_main.o)
                0x000000000040e0f0                _ZN6TMutexC2Ev
                0x000000000040e0f0                _ZN6TMutexC1Ev
 *fill*         0x000000000040e126        0xa 90909090
 .text._ZN8fragdistD2Ev
                0x000000000040e130      0x1c2 novoalignMPI.a(novoalignMPI_main.o)
                0x000000000040e130                _ZN8fragdistD2Ev
                0x000000000040e130                _ZN8fragdistD1Ev
 *fill*         0x000000000040e2f2        0xe 90909090
 .text._ZN9novoparamUt0_D2Ev
                0x000000000040e300      0x117 novoalignMPI.a(novoalignMPI_main.o)
                0x000000000040e300                _ZN9novoparamUt0_D2Ev
                0x000000000040e300                _ZN9novoparamUt0_D1Ev
 *fill*         0x000000000040e417        0x9 90909090
 .text._ZN9novoparamD2Ev
                0x000000000040e420      0x8db novoalignMPI.a(novoalignMPI_main.o)
                0x000000000040e420                _ZN9novoparamD2Ev
                0x000000000040e420                _ZN9novoparamD1Ev
 *fill*         0x000000000040ecfb        0x5 90909090
 .text._ZN11fragdistMPIC2Ev
                0x000000000040ed00      0x312 novoalignMPI.a(novoalignMPI_main.o)
                0x000000000040ed00                _ZN11fragdistMPIC1Ev
                0x000000000040ed00                _ZN11fragdistMPIC2Ev
 *fill*         0x000000000040f012        0xe 90909090
 .text          0x000000000040f020     0x10b8 novoalignMPI.a(fragdist.o)
                0x000000000040f020                _ZN8fragdist11addfragmentEi
                0x000000000040f060                _ZN8fragdist9calcstatsEv
                0x000000000040f160                _ZN8fragdist15reverseAndScaleEv
                0x000000000040f330                _ZN8fragdist15recalcpenaltiesEv
                0x000000000040f6b0                _ZN8fragdist7setdistEii
                0x000000000040f960                _ZN8fragdist7setdistEffbii
                0x000000000040fef0                _ZN8fragdist5resetEv
                0x000000000040ff30                _ZN8fragdist5printEP8_IO_FILE
 *fill*         0x00000000004100d8        0x8 90909090
 .text          0x00000000004100e0     0x141c novoalignMPI.a(indelstats.o)
                0x00000000004100e0                _ZN10indelStats9extractxyEPKc
                0x0000000000410570                _ZN10indelStats12addalignmentEP8reporter
                0x0000000000410d80                _ZN10indelStats4loadERSs
                0x0000000000410d90                _ZN10indelStats4saveERSsS0_
                0x0000000000411370                _ZN10indelStats8mpi_sendEi
                0x0000000000411390                _ZN10indelStats8mpi_recvEi
 *fill*         0x00000000004114fc        0x4 90909090
 .text          0x0000000000411500      0xe29 novoalignMPI.a(ksgroups.o)
                0x0000000000411d20                _ZN7ksgroupD2Ev
                0x0000000000411d20                _ZN7ksgroupD1Ev
                0x0000000000411e10                _ZN7ksgroup10group_nameEi
                0x0000000000411e40                _ZN7ksgroupC1EPKcR7ksindex
                0x0000000000411e40                _ZN7ksgroupC2EPKcR7ksindex
 *fill*         0x0000000000412329        0x7 90909090
 .text._Z12grp_lessnameRK8seqgroupS1_
                0x0000000000412330       0x52 novoalignMPI.a(ksgroups.o)
                0x0000000000412330                _Z12grp_lessnameRK8seqgroupS1_
 *fill*         0x0000000000412382        0xe 90909090
 .text._ZNSt6vectorI8seqgroupSaIS0_EE13_M_insert_auxEN9__gnu_cxx17__normal_iteratorIPS0_S2_EERKS0_
                0x0000000000412390      0x25e novoalignMPI.a(ksgroups.o)
                0x0000000000412390                _ZNSt6vectorI8seqgroupSaIS0_EE13_M_insert_auxEN9__gnu_cxx17__normal_iteratorIPS0_S2_EERKS0_
 *fill*         0x00000000004125ee        0x2 90909090
 .text._ZSt16__insertion_sortIN9__gnu_cxx17__normal_iteratorIP8seqgroupSt6vectorIS2_SaIS2_EEEEEvT_S8_
                0x00000000004125f0      0x15c novoalignMPI.a(ksgroups.o)
                0x00000000004125f0                _ZSt16__insertion_sortIN9__gnu_cxx17__normal_iteratorIP8seqgroupSt6vectorIS2_SaIS2_EEEEEvT_S8_
 *fill*         0x000000000041274c        0x4 90909090
 .text._ZSt19__move_median_firstIN9__gnu_cxx17__normal_iteratorIP8seqgroupSt6vectorIS2_SaIS2_EEEEEvT_S8_S8_
                0x0000000000412750       0xee novoalignMPI.a(ksgroups.o)
                0x0000000000412750                _ZSt19__move_median_firstIN9__gnu_cxx17__normal_iteratorIP8seqgroupSt6vectorIS2_SaIS2_EEEEEvT_S8_S8_
 *fill*         0x000000000041283e        0x2 90909090
 .text._ZSt13__adjust_heapIN9__gnu_cxx17__normal_iteratorIP8seqgroupSt6vectorIS2_SaIS2_EEEElS2_EvT_T0_S9_T1_
                0x0000000000412840      0x198 novoalignMPI.a(ksgroups.o)
                0x0000000000412840                _ZSt13__adjust_heapIN9__gnu_cxx17__normal_iteratorIP8seqgroupSt6vectorIS2_SaIS2_EEEElS2_EvT_T0_S9_T1_
 *fill*         0x00000000004129d8        0x8 90909090
 .text._ZSt13__heap_selectIN9__gnu_cxx17__normal_iteratorIP8seqgroupSt6vectorIS2_SaIS2_EEEEEvT_S8_S8_
                0x00000000004129e0      0x133 novoalignMPI.a(ksgroups.o)
                0x00000000004129e0                _ZSt13__heap_selectIN9__gnu_cxx17__normal_iteratorIP8seqgroupSt6vectorIS2_SaIS2_EEEEEvT_S8_S8_
 *fill*         0x0000000000412b13        0xd 90909090
 .text._ZSt16__introsort_loopIN9__gnu_cxx17__normal_iteratorIP8seqgroupSt6vectorIS2_SaIS2_EEEElEvT_S8_T0_
                0x0000000000412b20      0x1bf novoalignMPI.a(ksgroups.o)
                0x0000000000412b20                _ZSt16__introsort_loopIN9__gnu_cxx17__normal_iteratorIP8seqgroupSt6vectorIS2_SaIS2_EEEElEvT_S8_T0_
 *fill*         0x0000000000412cdf        0x1 90909090
 .text          0x0000000000412ce0     0x161d novoalignMPI.a(ksindex.o)
                0x0000000000412ce0                _ZN7ksindexC2Ev
                0x0000000000412ce0                _ZN7ksindexC1Ev
                0x0000000000412e50                _ZN7ksindexD2Ev
                0x0000000000412e50                _ZN7ksindexD1Ev
                0x0000000000412e90                _ZNK7ksindex15GetRefSequence4EmPhi
                0x0000000000412f40                _ZNK7ksindex16GetRefSequencenaEmPhi
                0x0000000000413010                _ZNK7ksindex15GetRefSequence6ElPDv2_xim
                0x0000000000413010                _ZNK7ksindex15GetRefSequence6ElPU8__vectorxim
                0x00000000004131d0                _ZNK7ksindex17GetRefSequence6rcElPU8__vectorxim
                0x00000000004131d0                _ZNK7ksindex17GetRefSequence6rcElPDv2_xim
                0x00000000004133f0                _ZN7ksindex3ramEv
                0x0000000000413410                _ZN7ksindex9usableramEv
                0x00000000004134b0                _ZN9seqheader6headerER7ksindex
                0x00000000004134c0                _ZN9seqheader6headerERSsR7ksindex
                0x0000000000413520                _ZN7ksindex11buildhdridxEv
                0x0000000000413590                _ZN7ksindex9getseqnumEm
                0x0000000000413630                _ZNK7ksindex7totsizeEv
                0x00000000004136b0                _ZN7ksindex7setptrsEv
                0x0000000000413800                _ZN7ksindex4loadEPKcS1_bbbb
                0x0000000000414030                _ZN7ksindex5touchEv
                0x0000000000414070                _ZN7ksindex6chksumEv
                0x0000000000414160                _ZN7ksindex8findNameEPci
 *fill*         0x00000000004142fd        0x3 90909090
 .text          0x0000000000414300     0x4122 novoalignMPI.a(novoalignmpi.o)
                0x0000000000414300                _ZN12novoalignmpi10max_lengthEv
                0x0000000000414310                _ZN12novoalignmpi9syncPointEv
                0x0000000000414340                _ZN12novoalignmpi6syncedEv
                0x0000000000414550                _ZN12novoalignmpi22master_process_messageEiPcii
                0x0000000000414630                _ZN12novoalignmpi3eofEv
                0x0000000000414670                _ZN12novoalignmpi11final_slaveEv
                0x0000000000414790                _ZN12novoalignmpi11init_masterEiPPc